******************************************************************************
                  TI ARM Linker PC v20.2.7                     
******************************************************************************
>> Linked Fri Sep 29 15:10:40 2023

OUTPUT FILE NAME:   <lab_5.out>
ENTRY POINT SYMBOL: "_c_int00_noargs"  address: 00004249


MEMORY CONFIGURATION

         name            origin    length      used     unused   attr    fill
----------------------  --------  ---------  --------  --------  ----  --------
  FLASH                 00000000   00040000  000045d0  0003ba30  R  X
  SRAM                  20000000   00008000  00000f6b  00007095  RW X


SEGMENT ALLOCATION MAP

run origin  load origin   length   init length attrs members
----------  ----------- ---------- ----------- ----- -------
00000000    00000000    000045d0   000045d0    r-x
  00000000    00000000    0000026c   0000026c    r-- .intvecs
  0000026c    0000026c    000041fc   000041fc    r-x .text
  00004468    00004468    00000118   00000118    r-- .const
  00004580    00004580    00000050   00000050    r-- .cinit
20000000    20000000    00000f72   00000000    rw-
  20000000    20000000    0000026c   00000000    rw- .vtable
  20000270    20000270    00000800   00000000    rw- .stack
  20000a70    20000a70    00000400   00000000    rw- .sysmem
  20000e70    20000e70    000000c1   00000000    rw- .bss
  20000f34    20000f34    0000003e   00000000    rw- .data


SECTION ALLOCATION MAP

 output                                  attributes/
section   page    origin      length       input sections
--------  ----  ----------  ----------   ----------------
.intvecs   0    00000000    0000026c     
                  00000000    0000026c     tm4c123gh6pm_startup_ccs.obj (.intvecs)

.text      0    0000026c    000041fc     
                  0000026c    00000c20     open_interface.obj (.text)
                  00000e8c    00000a4e     rtsv7M4_T_le_v4SPD16_eabi.lib : _printfi.c.obj (.text:__TI_printfi)
                  000018da    00000002                                   : _lock.c.obj (.text:_nop)
                  000018dc    00000328     lcd.obj (.text)
                  00001c04    000002a8     libcybotUART.lib : uart.obj (.text)
                  00001eac    00000270     rtsv7M4_T_le_v4SPD16_eabi.lib : _printfi.c.obj (.text:_pconv_a)
                  0000211c    00000260     libcybotScan.lib : cyBot_Scan.obj (.text)
                  0000237c    00000248     Timer.obj (.text)
                  000025c4    000001f0     lab5_template.obj (.text)
                  000027b4    000001ec     libcybotScan.lib : ping.obj (.text)
                  000029a0    000001d0     rtsv7M4_T_le_v4SPD16_eabi.lib : _printfi.c.obj (.text:_pconv_g)
                  00002b70    000001b6                                   : fd_add_t2.asm.obj (.text)
                  00002d26    00000002                                   : div0.asm.obj (.text)
                  00002d28    0000019c     movement.obj (.text)
                  00002ec4    00000158     libcybotScan.lib : servo.obj (.text)
                  0000301c    0000013c     rtsv7M4_T_le_v4SPD16_eabi.lib : _printfi.c.obj (.text:_pconv_e)
                  00003158    00000136                                   : fd_div_t2.asm.obj (.text)
                  0000328e    00000002     --HOLE-- [fill = 0]
                  00003290    00000124                                   : _printfi.c.obj (.text:fcvt)
                  000033b4    00000118     libcybotScan.lib : ir.obj (.text)
                  000034cc    00000110     button.obj (.text)
                  000035dc    00000110     rtsv7M4_T_le_v4SPD16_eabi.lib : s_scalbn.c.obj (.text:scalbn)
                  000036ec    00000100                                   : memory.c.obj (.text:aligned_alloc)
                  000037ec    000000fc                                   : fd_mul_t2.asm.obj (.text)
                  000038e8    000000e4                                   : memory.c.obj (.text:free)
                  000039cc    000000b1                                   : _printfi.c.obj (.text:_ltostr)
                  00003a7d    00000001     --HOLE-- [fill = 0]
                  00003a7e    0000009c                                   : memcpy_t2.asm.obj (.text)
                  00003b1a    00000096                                   : ull_div_t2.asm.obj (.text)
                  00003bb0    00000086                                   : fd_cmp_t2.asm.obj (.text:__aeabi_cdcmple)
                  00003c36    00000086                                   : fd_cmp_t2.asm.obj (.text:__aeabi_cdrcmple)
                  00003cbc    0000007a                                   : memset_t2.asm.obj (.text)
                  00003d36    00000002     --HOLE-- [fill = 0]
                  00003d38    00000070                                   : memory.c.obj (.text:split)
                  00003da8    0000006e                                   : _printfi.c.obj (.text:_mcpy)
                  00003e16    0000006e                                   : fd_tos_t2.asm.obj (.text)
                  00003e84    00000068                                   : copy_decompress_lzss.c.obj (.text:decompress:lzss:__TI_decompress_lzss)
                  00003eec    00000064                                   : s_frexp.c.obj (.text:frexp)
                  00003f50    00000056                                   : _printfi.c.obj (.text:_pconv_f)
                  00003fa6    00000054                                   : _ltoa.c.obj (.text:__TI_ltoa)
                  00003ffa    00000052                                   : _printfi.c.obj (.text:_ecpy)
                  0000404c    0000004c                                   : atoi.c.obj (.text:atoi)
                  00004098    00000048                                   : fd_toi_t2.asm.obj (.text)
                  000040e0    00000044                                   : autoinit.c.obj (.text:__TI_auto_init_nobinit_nopinit:__TI_auto_init_nobinit_nopinit)
                  00004124    00000040                                   : vsnprintf.c.obj (.text:vsnprintf)
                  00004164    0000003e                                   : _printfi.c.obj (.text:_fcpy)
                  000041a2    00000002     --HOLE-- [fill = 0]
                  000041a4    00000038                                   : memory.c.obj (.text:calloc)
                  000041dc    00000038                                   : fs_tod_t2.asm.obj (.text)
                  00004214    00000034     driverlib.lib : interrupt.obj (.text:IntRegister)
                  00004248    00000034     rtsv7M4_T_le_v4SPD16_eabi.lib : boot_cortex_m.c.obj (.text:_c_int00_noargs:_c_int00_noargs)
                  0000427c    00000030                                   : vsnprintf.c.obj (.text:_outs)
                  000042ac    0000002e                                   : i_tofd_t2.asm.obj (.text)
                  000042da    00000002     --HOLE-- [fill = 0]
                  000042dc    00000028                                   : memory.c.obj (.text:free_list_insert)
                  00004304    0000001c                                   : copy_zero_init.c.obj (.text:decompress:ZI:__TI_zero_init_nomemset:__TI_zero_init_nomemset)
                  00004320    0000001c                                   : memory.c.obj (.text:free_list_remove)
                  0000433c    0000001c                                   : memccpy.c.obj (.text:memccpy)
                  00004358    0000001a                                   : s_copysign.c.obj (.text:copysign)
                  00004372    00000018                                   : vsnprintf.c.obj (.text:_outc)
                  0000438a    00000018     open_interface.obj (.text:oi_parseInt)
                  000043a2    00000018     rtsv7M4_T_le_v4SPD16_eabi.lib : strcmp.c.obj (.text:strcmp)
                  000043ba    00000016                                   : strchr.c.obj (.text:strchr)
                  000043d0    00000014                                   : strcpy.c.obj (.text:strcpy)
                  000043e4    00000014                                   : strlen.c.obj (.text:strlen)
                  000043f8    00000012                                   : wcslen.c.obj (.text:wcslen)
                  0000440a    00000010     driverlib.lib : interrupt.obj (.text:IntMasterEnable)
                  0000441a    00000010     lcd.obj (.text:lcd_clear)
                  0000442a    0000000e     rtsv7M4_T_le_v4SPD16_eabi.lib : copy_decompress_none.c.obj (.text:decompress:none:__TI_decompress_none)
                  00004438    0000000c     driverlib.lib : cpu.obj (.text:CPUcpsie)
                  00004444    0000000c     tm4c123gh6pm_startup_ccs.obj (.text)
                  00004450    00000008     rtsv7M4_T_le_v4SPD16_eabi.lib : errno.c.obj (.text:__aeabi_errno_addr)
                  00004458    00000008                                   : memory.c.obj (.text:malloc)
                  00004460    00000004                                   : pre_init.c.obj (.text:_system_pre_init)
                  00004464    00000004                                   : exit.c.obj (.text:abort:abort)

.const     0    00004468    00000118     
                  00004468    00000101     rtsv7M4_T_le_v4SPD16_eabi.lib : ctype.c.obj (.const:.string:_ctypes_)
                  00004569    0000000f     open_interface.obj (.const:.string:$P$T0$3)
                  00004578    00000004     lcd.obj (.const:.string:lineAddress$1)
                  0000457c    00000004     lcd.obj (.const:.string:lineAddresses$2)

.cinit     0    00004580    00000050     
                  00004580    00000019     (.cinit..data.load) [load image, compression = lzss]
                  00004599    00000003     --HOLE-- [fill = 0]
                  0000459c    0000000c     (__TI_handler_table)
                  000045a8    00000008     (.cinit..bss.load) [load image, compression = zero_init]
                  000045b0    00000008     (.cinit..vtable.load) [load image, compression = zero_init]
                  000045b8    00000018     (__TI_cinit_table)

.init_array 
*          0    00000000    00000000     UNINITIALIZED

.vtable    0    20000000    0000026c     UNINITIALIZED
                  20000000    0000026c     driverlib.lib : interrupt.obj (.vtable)

.stack     0    20000270    00000800     UNINITIALIZED
                  20000270    00000004     rtsv7M4_T_le_v4SPD16_eabi.lib : boot_cortex_m.c.obj (.stack)
                  20000274    000007fc     --HOLE--

.sysmem    0    20000a70    00000400     UNINITIALIZED
                  20000a70    00000010     rtsv7M4_T_le_v4SPD16_eabi.lib : memory.c.obj (.sysmem)
                  20000a80    000003f0     --HOLE--

.bss       0    20000e70    000000c1     UNINITIALIZED
                  20000e70    00000054     lcd.obj (.bss:lastbuffer$3)
                  20000ec4    00000034     (.common:isr_char_buffer)
                  20000ef8    00000018     open_interface.obj (.bss:firmware$2)
                  20000f10    00000004     (.common:_timeout_ticks)
                  20000f14    00000004     (.common:button_num)
                  20000f18    00000004     (.common:fallingEdge)
                  20000f1c    00000004     (.common:isr_int_value)
                  20000f20    00000004     (.common:left_calibration_value)
                  20000f24    00000004     (.common:pulseLength)
                  20000f28    00000004     (.common:right_calibration_value)
                  20000f2c    00000004     (.common:risingEdge)
                  20000f30    00000001     (.common:isRisingEdge)

.data      0    20000f34    0000003e     UNINITIALIZED
                  20000f34    00000020     open_interface.obj (.data)
                  20000f54    00000008     rtsv7M4_T_le_v4SPD16_eabi.lib : _lock.c.obj (.data:$O1$$)
                  20000f5c    00000008                                   : memory.c.obj (.data:$O1$$)
                  20000f64    00000004     libcybotScan.lib : cyBot_Scan.obj (.data)
                  20000f68    00000004     libcybotUART.lib : uart.obj (.data)
                  20000f6c    00000004     rtsv7M4_T_le_v4SPD16_eabi.lib : errno.c.obj (.data)
                  20000f70    00000001     Timer.obj (.data)
                  20000f71    00000001     button.obj (.data)

__llvm_prf_cnts 
*          0    20000000    00000000     UNINITIALIZED

MODULE SUMMARY

       Module                         code    ro data   rw data
       ------                         ----    -------   -------
    .\
       open_interface.obj             3128    15        56     
       lcd.obj                        824     8         84     
       tm4c123gh6pm_startup_ccs.obj   12      620       0      
       Timer.obj                      584     0         5      
       lab5_template.obj              496     0         8      
       movement.obj                   412     0         0      
       button.obj                     272     0         5      
    +--+------------------------------+-------+---------+---------+
       Total:                         5728    643       158    
                                                               
    ../libcybotScan.lib
       cyBot_Scan.obj                 608     0         4      
       ping.obj                       492     0         13     
       servo.obj                      344     0         0      
       ir.obj                         280     0         4      
    +--+------------------------------+-------+---------+---------+
       Total:                         1724    0         21     
                                                               
    ../libcybotUART.lib
       uart.obj                       680     0         56     
    +--+------------------------------+-------+---------+---------+
       Total:                         680     0         56     
                                                               
    C:/ti/TivaWare_C_Series-2.2.0.295/driverlib/ccs/Debug/driverlib.lib
       interrupt.obj                  68      0         620    
       cpu.obj                        12      0         0      
    +--+------------------------------+-------+---------+---------+
       Total:                         80      0         620    
                                                               
    C:\ti\ccs1230\ccs\tools\compiler\ti-cgt-arm_20.2.7.LTS\lib\rtsv7M4_T_le_v4SPD16_eabi.lib
       _printfi.c.obj                 4851    0         0      
       memory.c.obj                   728     0         8      
       fd_add_t2.asm.obj              438     0         0      
       fd_div_t2.asm.obj              310     0         0      
       s_scalbn.c.obj                 272     0         0      
       fd_cmp_t2.asm.obj              268     0         0      
       ctype.c.obj                    0       257       0      
       fd_mul_t2.asm.obj              252     0         0      
       memcpy_t2.asm.obj              156     0         0      
       ull_div_t2.asm.obj             150     0         0      
       vsnprintf.c.obj                136     0         0      
       memset_t2.asm.obj              122     0         0      
       fd_tos_t2.asm.obj              110     0         0      
       copy_decompress_lzss.c.obj     104     0         0      
       s_frexp.c.obj                  100     0         0      
       _ltoa.c.obj                    84      0         0      
       atoi.c.obj                     76      0         0      
       fd_toi_t2.asm.obj              72      0         0      
       autoinit.c.obj                 68      0         0      
       fs_tod_t2.asm.obj              56      0         0      
       boot_cortex_m.c.obj            52      0         0      
       i_tofd_t2.asm.obj              46      0         0      
       copy_zero_init.c.obj           28      0         0      
       memccpy.c.obj                  28      0         0      
       s_copysign.c.obj               26      0         0      
       strcmp.c.obj                   24      0         0      
       strchr.c.obj                   22      0         0      
       strcpy.c.obj                   20      0         0      
       strlen.c.obj                   20      0         0      
       wcslen.c.obj                   18      0         0      
       copy_decompress_none.c.obj     14      0         0      
       errno.c.obj                    8       0         4      
       _lock.c.obj                    2       0         8      
       exit.c.obj                     4       0         0      
       pre_init.c.obj                 4       0         0      
       div0.asm.obj                   2       0         0      
    +--+------------------------------+-------+---------+---------+
       Total:                         8671    257       20     
                                                               
       Heap:                          0       0         1024   
       Stack:                         0       0         2048   
       Linker Generated:              0       77        0      
    +--+------------------------------+-------+---------+---------+
       Grand Total:                   16883   977       3947   


LINKER GENERATED COPY TABLES

__TI_cinit_table @ 000045b8 records: 3, size/record: 8, table size: 24
	.data: load addr=00004580, load size=00000019 bytes, run addr=20000f34, run size=0000003e bytes, compression=lzss
	.bss: load addr=000045a8, load size=00000008 bytes, run addr=20000e70, run size=000000c1 bytes, compression=zero_init
	.vtable: load addr=000045b0, load size=00000008 bytes, run addr=20000000, run size=0000026c bytes, compression=zero_init


LINKER GENERATED HANDLER TABLE

__TI_handler_table @ 0000459c records: 3, size/record: 4, table size: 12
	index: 0, handler: __TI_zero_init
	index: 1, handler: __TI_decompress_lzss
	index: 2, handler: __TI_decompress_none


GLOBAL SYMBOLS: SORTED ALPHABETICALLY BY Name 

address   name                          
-------   ----                          
0000344d  ADC0SS0_Handler               
00004465  C$$EXIT                       
00004439  CPUcpsie                      
00000bc3  GPIOF_Handler                 
0000440b  IntMasterEnable               
00004215  IntRegister                   
00004445  ResetISR                      
000028a5  TIMER3B_Handler               
20000a70  __STACK_END                   
00000800  __STACK_SIZE                  
20000470  __STACK_TOP                   
00000400  __SYSMEM_SIZE                 
000045b8  __TI_CINIT_Base               
000045d0  __TI_CINIT_Limit              
0000459c  __TI_Handler_Table_Base       
000045a8  __TI_Handler_Table_Limit      
000040e1  __TI_auto_init_nobinit_nopinit
00003e85  __TI_decompress_lzss          
0000442b  __TI_decompress_none          
00003fa7  __TI_ltoa                     
ffffffff  __TI_pprof_out_hndl           
00000e8d  __TI_printfi                  
ffffffff  __TI_prof_data_size           
ffffffff  __TI_prof_data_start          
00000000  __TI_static_base__            
00004305  __TI_zero_init_nomemset       
00003bb1  __aeabi_cdcmpeq               
00003bb1  __aeabi_cdcmple               
00003c37  __aeabi_cdrcmple              
00003e17  __aeabi_d2f                   
00004099  __aeabi_d2iz                  
00002b7b  __aeabi_dadd                  
00003159  __aeabi_ddiv                  
000037ed  __aeabi_dmul                  
00002b71  __aeabi_dsub                  
00004451  __aeabi_errno_addr            
000041dd  __aeabi_f2d                   
000042ad  __aeabi_i2d                   
00002d27  __aeabi_idiv0                 
00002d27  __aeabi_ldiv0                 
00003cbd  __aeabi_memclr                
00003cbd  __aeabi_memclr4               
00003cbd  __aeabi_memclr8               
00003a7f  __aeabi_memcpy                
00003a7f  __aeabi_memcpy4               
00003a7f  __aeabi_memcpy8               
00003cbf  __aeabi_memset                
00003cbf  __aeabi_memset4               
00003cbf  __aeabi_memset8               
00003b1b  __aeabi_uldivmod              
ffffffff  __binit__                     
ffffffff  __c_args__                    
UNDEFED   __mpu_init                    
20000270  __stack                       
20000000  __start___llvm_prf_cnts       
20000000  __stop___llvm_prf_cnts        
00004249  _c_int00_noargs               
00004468  _ctypes_                      
20000f54  _lock                         
000018db  _nop                          
20000f70  _running                      
20000a70  _sys_memory                   
UNDEFED   _system_post_cinit            
00004461  _system_pre_init              
20000f10  _timeout_ticks                
20000f58  _unlock                       
00004465  abort                         
000036ed  aligned_alloc                 
0000404d  atoi                          
ffffffff  binit                         
0000354f  button_getButton              
000034cd  button_init                   
20000f14  button_num                    
000041a5  calloc                        
00004359  copysign                      
00004359  copysignl                     
000021f5  cyBOT_SERVO_cal               
00002183  cyBOT_Scan                    
0000212b  cyBOT_init_Scan               
20000f64  cyBOT_scan_features           
0000211d  cyBOT_scan_version            
00001e51  cyBot_UART1_Handler           
00001e43  cyBot_getByte_blocking        
00001e23  cyBot_getByte_nonblocking     
00001c05  cyBot_sendByte                
00001e09  cyBot_uart_flush              
00001d73  cyBot_uart_init               
00001d13  cyBot_uart_init_PHJ_first_half
00001cbb  cyBot_uart_init_clean         
00001c43  cyBot_uart_init_last_half     
00001c2b  cyBot_uart_sendBuffer         
00001c11  cyBot_uart_sendStr            
20000f6c  errno                         
20000f18  fallingEdge                   
000038e9  free                          
00003eed  frexp                         
00003eed  frexpl                        
20000000  g_pfnRAMVectors               
00000000  g_pfnVectors                  
0000097f  go_charge                     
0000353d  gpioe_handler                 
000034f9  init_button_interrupts        
00003463  ir_enableInterrupt            
00003445  ir_getDistance                
0000341d  ir_getValue                   
000033b5  ir_init                       
20000f30  isRisingEdge                  
20000ec4  isr_char_buffer               
20000f68  isr_counter                   
20000f1c  isr_int_value                 
0000441b  lcd_clear                     
00001ab1  lcd_gotoLine                  
00001919  lcd_init                      
00001b17  lcd_printf                    
000019d9  lcd_putc                      
00001a11  lcd_puts                      
000018dd  lcd_reverseNibble             
00001a2f  lcd_sendCommand               
00001a6d  lcd_sendNibble                
00001ad9  lcd_setCursorPos              
000035dd  ldexp                         
000035dd  ldexpl                        
20000f20  left_calibration_value        
000025f7  main                          
00004459  malloc                        
000036ed  memalign                      
0000433d  memccpy                       
00003a7f  memcpy                        
00003cc5  memset                        
20000f34  motor_cal_factor_L            
20000f38  motor_cal_factor_R            
00002e45  move_backward                 
00002d29  move_forward                  
0000026d  oi_alloc                      
00000aa9  oi_checkFirmware              
000002c7  oi_close                      
00000279  oi_free                       
00000ded  oi_getMotorCalibrationLeft    
00000e01  oi_getMotorCalibrationRight   
000002b1  oi_init                       
00000289  oi_init_noupdate              
00000915  oi_loadSong                   
0000438b  oi_parseInt                   
0000032b  oi_parsePacket                
0000096b  oi_play_song                  
0000084b  oi_setLeds                    
00000db1  oi_setMotorCalibration        
0000088f  oi_setWheels                  
00000b51  oi_shutoff_init               
0000098d  oi_uartInit                   
00000a31  oi_uartReceive                
00000a77  oi_uartSendBuff               
00000a15  oi_uartSendChar               
00000a59  oi_uartSendStr                
000002d9  oi_update                     
000028f7  ping_getDistance              
000027b5  ping_init                     
0000283b  ping_trigger                  
000025c5  printString                   
20000f24  pulseLength                   
20000f28  right_calibration_value       
20000f2c  risingEdge                    
000035dd  scalbn                        
000035dd  scalbnl                       
00002ec5  servo_init                    
00002f55  servo_move                    
00002fb5  servo_setPWM                  
00002f49  servo_stop                    
000043bb  strchr                        
000043a3  strcmp                        
000043d1  strcpy                        
000043e5  strlen                        
0000249b  timer_getMicros               
00002443  timer_getMillis               
0000237d  timer_init                    
0000241f  timer_pause                   
00002431  timer_resume                  
000023f5  timer_stop                    
000024f5  timer_waitMicros              
00002527  timer_waitMillis              
00002de7  turn_ccw                      
00002d89  turn_clockwise                
00004125  vsnprintf                     
000043f9  wcslen                        


GLOBAL SYMBOLS: SORTED BY Symbol Address 

address   name                          
-------   ----                          
00000000  __TI_static_base__            
00000000  g_pfnVectors                  
0000026d  oi_alloc                      
00000279  oi_free                       
00000289  oi_init_noupdate              
000002b1  oi_init                       
000002c7  oi_close                      
000002d9  oi_update                     
0000032b  oi_parsePacket                
00000400  __SYSMEM_SIZE                 
00000800  __STACK_SIZE                  
0000084b  oi_setLeds                    
0000088f  oi_setWheels                  
00000915  oi_loadSong                   
0000096b  oi_play_song                  
0000097f  go_charge                     
0000098d  oi_uartInit                   
00000a15  oi_uartSendChar               
00000a31  oi_uartReceive                
00000a59  oi_uartSendStr                
00000a77  oi_uartSendBuff               
00000aa9  oi_checkFirmware              
00000b51  oi_shutoff_init               
00000bc3  GPIOF_Handler                 
00000db1  oi_setMotorCalibration        
00000ded  oi_getMotorCalibrationLeft    
00000e01  oi_getMotorCalibrationRight   
00000e8d  __TI_printfi                  
000018db  _nop                          
000018dd  lcd_reverseNibble             
00001919  lcd_init                      
000019d9  lcd_putc                      
00001a11  lcd_puts                      
00001a2f  lcd_sendCommand               
00001a6d  lcd_sendNibble                
00001ab1  lcd_gotoLine                  
00001ad9  lcd_setCursorPos              
00001b17  lcd_printf                    
00001c05  cyBot_sendByte                
00001c11  cyBot_uart_sendStr            
00001c2b  cyBot_uart_sendBuffer         
00001c43  cyBot_uart_init_last_half     
00001cbb  cyBot_uart_init_clean         
00001d13  cyBot_uart_init_PHJ_first_half
00001d73  cyBot_uart_init               
00001e09  cyBot_uart_flush              
00001e23  cyBot_getByte_nonblocking     
00001e43  cyBot_getByte_blocking        
00001e51  cyBot_UART1_Handler           
0000211d  cyBOT_scan_version            
0000212b  cyBOT_init_Scan               
00002183  cyBOT_Scan                    
000021f5  cyBOT_SERVO_cal               
0000237d  timer_init                    
000023f5  timer_stop                    
0000241f  timer_pause                   
00002431  timer_resume                  
00002443  timer_getMillis               
0000249b  timer_getMicros               
000024f5  timer_waitMicros              
00002527  timer_waitMillis              
000025c5  printString                   
000025f7  main                          
000027b5  ping_init                     
0000283b  ping_trigger                  
000028a5  TIMER3B_Handler               
000028f7  ping_getDistance              
00002b71  __aeabi_dsub                  
00002b7b  __aeabi_dadd                  
00002d27  __aeabi_idiv0                 
00002d27  __aeabi_ldiv0                 
00002d29  move_forward                  
00002d89  turn_clockwise                
00002de7  turn_ccw                      
00002e45  move_backward                 
00002ec5  servo_init                    
00002f49  servo_stop                    
00002f55  servo_move                    
00002fb5  servo_setPWM                  
00003159  __aeabi_ddiv                  
000033b5  ir_init                       
0000341d  ir_getValue                   
00003445  ir_getDistance                
0000344d  ADC0SS0_Handler               
00003463  ir_enableInterrupt            
000034cd  button_init                   
000034f9  init_button_interrupts        
0000353d  gpioe_handler                 
0000354f  button_getButton              
000035dd  ldexp                         
000035dd  ldexpl                        
000035dd  scalbn                        
000035dd  scalbnl                       
000036ed  aligned_alloc                 
000036ed  memalign                      
000037ed  __aeabi_dmul                  
000038e9  free                          
00003a7f  __aeabi_memcpy                
00003a7f  __aeabi_memcpy4               
00003a7f  __aeabi_memcpy8               
00003a7f  memcpy                        
00003b1b  __aeabi_uldivmod              
00003bb1  __aeabi_cdcmpeq               
00003bb1  __aeabi_cdcmple               
00003c37  __aeabi_cdrcmple              
00003cbd  __aeabi_memclr                
00003cbd  __aeabi_memclr4               
00003cbd  __aeabi_memclr8               
00003cbf  __aeabi_memset                
00003cbf  __aeabi_memset4               
00003cbf  __aeabi_memset8               
00003cc5  memset                        
00003e17  __aeabi_d2f                   
00003e85  __TI_decompress_lzss          
00003eed  frexp                         
00003eed  frexpl                        
00003fa7  __TI_ltoa                     
0000404d  atoi                          
00004099  __aeabi_d2iz                  
000040e1  __TI_auto_init_nobinit_nopinit
00004125  vsnprintf                     
000041a5  calloc                        
000041dd  __aeabi_f2d                   
00004215  IntRegister                   
00004249  _c_int00_noargs               
000042ad  __aeabi_i2d                   
00004305  __TI_zero_init_nomemset       
0000433d  memccpy                       
00004359  copysign                      
00004359  copysignl                     
0000438b  oi_parseInt                   
000043a3  strcmp                        
000043bb  strchr                        
000043d1  strcpy                        
000043e5  strlen                        
000043f9  wcslen                        
0000440b  IntMasterEnable               
0000441b  lcd_clear                     
0000442b  __TI_decompress_none          
00004439  CPUcpsie                      
00004445  ResetISR                      
00004451  __aeabi_errno_addr            
00004459  malloc                        
00004461  _system_pre_init              
00004465  C$$EXIT                       
00004465  abort                         
00004468  _ctypes_                      
0000459c  __TI_Handler_Table_Base       
000045a8  __TI_Handler_Table_Limit      
000045b8  __TI_CINIT_Base               
000045d0  __TI_CINIT_Limit              
20000000  __start___llvm_prf_cnts       
20000000  __stop___llvm_prf_cnts        
20000000  g_pfnRAMVectors               
20000270  __stack                       
20000470  __STACK_TOP                   
20000a70  __STACK_END                   
20000a70  _sys_memory                   
20000ec4  isr_char_buffer               
20000f10  _timeout_ticks                
20000f14  button_num                    
20000f18  fallingEdge                   
20000f1c  isr_int_value                 
20000f20  left_calibration_value        
20000f24  pulseLength                   
20000f28  right_calibration_value       
20000f2c  risingEdge                    
20000f30  isRisingEdge                  
20000f34  motor_cal_factor_L            
20000f38  motor_cal_factor_R            
20000f54  _lock                         
20000f58  _unlock                       
20000f64  cyBOT_scan_features           
20000f68  isr_counter                   
20000f6c  errno                         
20000f70  _running                      
ffffffff  __TI_pprof_out_hndl           
ffffffff  __TI_prof_data_size           
ffffffff  __TI_prof_data_start          
ffffffff  __binit__                     
ffffffff  __c_args__                    
ffffffff  binit                         
UNDEFED   __mpu_init                    
UNDEFED   _system_post_cinit            

[184 symbols]
