******************************************************************************
                  TI ARM Linker PC v20.2.7                     
******************************************************************************
>> Linked Tue Nov  7 11:54:27 2023

OUTPUT FILE NAME:   <zlab_10.out>
ENTRY POINT SYMBOL: "_c_int00_noargs"  address: 0000315d


MEMORY CONFIGURATION

         name            origin    length      used     unused   attr    fill
----------------------  --------  ---------  --------  --------  ----  --------
  FLASH                 00000000   00040000  00003520  0003cae0  R  X
  SRAM                  20000000   00008000  00000bb7  00007449  RW X


SEGMENT ALLOCATION MAP

run origin  load origin   length   init length attrs members
----------  ----------- ---------- ----------- ----- -------
00000000    00000000    00003520   00003520    r-x
  00000000    00000000    0000026c   0000026c    r-- .intvecs
  0000026c    0000026c    000030f4   000030f4    r-x .text
  00003360    00003360    00000170   00000170    r-- .const
  000034d0    000034d0    00000050   00000050    r-- .cinit
20000000    20000000    00000bbc   00000000    rw-
  20000000    20000000    0000026c   00000000    rw- .vtable
  20000270    20000270    00000800   00000000    rw- .stack
  20000a70    20000a70    00000133   00000000    rw- .bss
  20000ba4    20000ba4    00000018   00000000    rw- .data


SECTION ALLOCATION MAP

 output                                  attributes/
section   page    origin      length       input sections
--------  ----  ----------  ----------   ----------------
.intvecs   0    00000000    0000026c     
                  00000000    0000026c     tm4c123gh6pm_startup_ccs.obj (.intvecs)

.text      0    0000026c    000030f4     
                  0000026c    00000a4e     rtsv7M4_T_le_v4SPD16_eabi.lib : _printfi.c.obj (.text:__TI_printfi)
                  00000cba    00000002                                   : div0.asm.obj (.text)
                  00000cbc    0000068c     zlab10_main.obj (.text)
                  00001348    00000328     lcd.obj (.text)
                  00001670    00000270     rtsv7M4_T_le_v4SPD16_eabi.lib : _printfi.c.obj (.text:_pconv_a)
                  000018e0    00000248     Timer.obj (.text)
                  00001b28    000001d0     rtsv7M4_T_le_v4SPD16_eabi.lib : _printfi.c.obj (.text:_pconv_g)
                  00001cf8    000001cc     ping.obj (.text)
                  00001ec4    000001b6     rtsv7M4_T_le_v4SPD16_eabi.lib : fd_add_t2.asm.obj (.text)
                  0000207a    00000002     --HOLE-- [fill = 0]
                  0000207c    000001a8     uart.obj (.text)
                  00002224    00000144     servo.obj (.text)
                  00002368    0000013c     rtsv7M4_T_le_v4SPD16_eabi.lib : _printfi.c.obj (.text:_pconv_e)
                  000024a4    00000136                                   : fd_div_t2.asm.obj (.text)
                  000025da    00000002     --HOLE-- [fill = 0]
                  000025dc    00000124                                   : _printfi.c.obj (.text:fcvt)
                  00002700    00000110                                   : s_scalbn.c.obj (.text:scalbn)
                  00002810    000000fc                                   : fd_mul_t2.asm.obj (.text)
                  0000290c    000000b1                                   : _printfi.c.obj (.text:_ltostr)
                  000029bd    00000003     --HOLE-- [fill = 0]
                  000029c0    0000009c     button.obj (.text)
                  00002a5c    0000009c     rtsv7M4_T_le_v4SPD16_eabi.lib : memcpy_t2.asm.obj (.text)
                  00002af8    00000096                                   : ull_div_t2.asm.obj (.text)
                  00002b8e    00000086                                   : fd_cmp_t2.asm.obj (.text:__aeabi_cdcmple)
                  00002c14    00000086                                   : fd_cmp_t2.asm.obj (.text:__aeabi_cdrcmple)
                  00002c9a    0000007a                                   : memset_t2.asm.obj (.text)
                  00002d14    0000006e                                   : _printfi.c.obj (.text:_mcpy)
                  00002d82    00000068                                   : copy_decompress_lzss.c.obj (.text:decompress:lzss:__TI_decompress_lzss)
                  00002dea    00000002     --HOLE-- [fill = 0]
                  00002dec    00000064                                   : s_frexp.c.obj (.text:frexp)
                  00002e50    00000056                                   : _printfi.c.obj (.text:_pconv_f)
                  00002ea6    00000054                                   : _ltoa.c.obj (.text:__TI_ltoa)
                  00002efa    00000052                                   : _printfi.c.obj (.text:_ecpy)
                  00002f4c    0000004c                                   : atoi.c.obj (.text:atoi)
                  00002f98    0000004c                                   : snprintf.c.obj (.text:snprintf)
                  00002fe4    00000048                                   : fd_toi_t2.asm.obj (.text)
                  0000302c    00000044                                   : autoinit.c.obj (.text:__TI_auto_init_nobinit_nopinit:__TI_auto_init_nobinit_nopinit)
                  00003070    00000040                                   : vsnprintf.c.obj (.text:vsnprintf)
                  000030b0    0000003e                                   : _printfi.c.obj (.text:_fcpy)
                  000030ee    00000038                                   : fs_tod_t2.asm.obj (.text)
                  00003126    00000002     --HOLE-- [fill = 0]
                  00003128    00000034     driverlib.lib : interrupt.obj (.text:IntRegister)
                  0000315c    00000034     rtsv7M4_T_le_v4SPD16_eabi.lib : boot_cortex_m.c.obj (.text:_c_int00_noargs:_c_int00_noargs)
                  00003190    00000030                                   : snprintf.c.obj (.text:_outs)
                  000031c0    00000030                                   : vsnprintf.c.obj (.text:_outs)
                  000031f0    0000002e                                   : i_tofd_t2.asm.obj (.text)
                  0000321e    0000001c                                   : copy_zero_init.c.obj (.text:decompress:ZI:__TI_zero_init_nomemset:__TI_zero_init_nomemset)
                  0000323a    0000001c                                   : memccpy.c.obj (.text:memccpy)
                  00003256    0000001a                                   : s_copysign.c.obj (.text:copysign)
                  00003270    00000018                                   : snprintf.c.obj (.text:_outc)
                  00003288    00000018                                   : vsnprintf.c.obj (.text:_outc)
                  000032a0    00000018                                   : strcmp.c.obj (.text:strcmp)
                  000032b8    00000016                                   : strchr.c.obj (.text:strchr)
                  000032ce    00000014                                   : strcpy.c.obj (.text:strcpy)
                  000032e2    00000014                                   : strlen.c.obj (.text:strlen)
                  000032f6    00000012                                   : wcslen.c.obj (.text:wcslen)
                  00003308    00000010     driverlib.lib : interrupt.obj (.text:IntMasterEnable)
                  00003318    00000010     lcd.obj (.text:lcd_clear)
                  00003328    0000000e     rtsv7M4_T_le_v4SPD16_eabi.lib : copy_decompress_none.c.obj (.text:decompress:none:__TI_decompress_none)
                  00003336    0000000c     driverlib.lib : cpu.obj (.text:CPUcpsie)
                  00003342    0000000c     tm4c123gh6pm_startup_ccs.obj (.text)
                  0000334e    00000002     --HOLE-- [fill = 0]
                  00003350    00000008     rtsv7M4_T_le_v4SPD16_eabi.lib : errno.c.obj (.text:__aeabi_errno_addr)
                  00003358    00000004                                   : pre_init.c.obj (.text:_system_pre_init)
                  0000335c    00000004                                   : exit.c.obj (.text:abort:abort)

.const     0    00003360    00000170     
                  00003360    00000101     rtsv7M4_T_le_v4SPD16_eabi.lib : ctype.c.obj (.const:.string:_ctypes_)
                  00003461    0000003c     zlab10_main.obj (.const:.string:$P$T2$3)
                  0000349d    0000001e     zlab10_main.obj (.const:.string:$P$T1$2)
                  000034bb    00000001     --HOLE-- [fill = 0]
                  000034bc    0000000c     zlab10_main.obj (.const:$P$T0$1)
                  000034c8    00000004     lcd.obj (.const:.string:lineAddress$1)
                  000034cc    00000004     lcd.obj (.const:.string:lineAddresses$2)

.cinit     0    000034d0    00000050     
                  000034d0    00000018     (.cinit..data.load) [load image, compression = lzss]
                  000034e8    0000000c     (__TI_handler_table)
                  000034f4    00000004     --HOLE-- [fill = 0]
                  000034f8    00000008     (.cinit..bss.load) [load image, compression = zero_init]
                  00003500    00000008     (.cinit..vtable.load) [load image, compression = zero_init]
                  00003508    00000018     (__TI_cinit_table)

.init_array 
*          0    00000000    00000000     UNINITIALIZED

.vtable    0    20000000    0000026c     UNINITIALIZED
                  20000000    0000026c     driverlib.lib : interrupt.obj (.vtable)

.bss       0    20000a70    00000133     UNINITIALIZED
                  20000a70    00000064     (.common:buffer)
                  20000ad4    00000064     (.common:objArr)
                  20000b38    00000054     lcd.obj (.bss:lastbuffer$3)
                  20000b8c    00000004     (.common:_timeout_ticks)
                  20000b90    00000004     (.common:falling_time)
                  20000b94    00000004     (.common:matchVal)
                  20000b98    00000004     (.common:pulse_time)
                  20000b9c    00000004     (.common:rising_time)
                  20000ba0    00000001     (.common:state)
                  20000ba1    00000001     (.common:uart_data)
                  20000ba2    00000001     (.common:uart_flag)

.data      0    20000ba4    00000018     UNINITIALIZED
                  20000ba4    00000011     zlab10_main.obj (.data)
                  20000bb5    00000001     Timer.obj (.data)
                  20000bb6    00000001     button.obj (.data)
                  20000bb7    00000001     --HOLE--
                  20000bb8    00000004     rtsv7M4_T_le_v4SPD16_eabi.lib : errno.c.obj (.data)

.stack     0    20000270    00000800     UNINITIALIZED
                  20000270    00000004     rtsv7M4_T_le_v4SPD16_eabi.lib : boot_cortex_m.c.obj (.stack)
                  20000274    000007fc     --HOLE--

__llvm_prf_cnts 
*          0    20000000    00000000     UNINITIALIZED

MODULE SUMMARY

       Module                         code    ro data   rw data
       ------                         ----    -------   -------
    .\
       zlab10_main.obj                1676    102       225    
       lcd.obj                        824     8         84     
       tm4c123gh6pm_startup_ccs.obj   12      620       0      
       Timer.obj                      584     0         5      
       ping.obj                       460     0         9      
       uart.obj                       424     0         2      
       servo.obj                      324     0         0      
       button.obj                     156     0         1      
    +--+------------------------------+-------+---------+---------+
       Total:                         4460    730       326    
                                                               
    C:/ti/TivaWare_C_Series-2.2.0.295/driverlib/ccs/Debug/driverlib.lib
       interrupt.obj                  68      0         620    
       cpu.obj                        12      0         0      
    +--+------------------------------+-------+---------+---------+
       Total:                         80      0         620    
                                                               
    C:\ti\ccs1230\ccs\tools\compiler\ti-cgt-arm_20.2.7.LTS\lib\rtsv7M4_T_le_v4SPD16_eabi.lib
       _printfi.c.obj                 4851    0         0      
       fd_add_t2.asm.obj              438     0         0      
       fd_div_t2.asm.obj              310     0         0      
       s_scalbn.c.obj                 272     0         0      
       fd_cmp_t2.asm.obj              268     0         0      
       ctype.c.obj                    0       257       0      
       fd_mul_t2.asm.obj              252     0         0      
       memcpy_t2.asm.obj              156     0         0      
       ull_div_t2.asm.obj             150     0         0      
       snprintf.c.obj                 148     0         0      
       vsnprintf.c.obj                136     0         0      
       memset_t2.asm.obj              122     0         0      
       copy_decompress_lzss.c.obj     104     0         0      
       s_frexp.c.obj                  100     0         0      
       _ltoa.c.obj                    84      0         0      
       atoi.c.obj                     76      0         0      
       fd_toi_t2.asm.obj              72      0         0      
       autoinit.c.obj                 68      0         0      
       fs_tod_t2.asm.obj              56      0         0      
       boot_cortex_m.c.obj            52      0         0      
       i_tofd_t2.asm.obj              46      0         0      
       copy_zero_init.c.obj           28      0         0      
       memccpy.c.obj                  28      0         0      
       s_copysign.c.obj               26      0         0      
       strcmp.c.obj                   24      0         0      
       strchr.c.obj                   22      0         0      
       strcpy.c.obj                   20      0         0      
       strlen.c.obj                   20      0         0      
       wcslen.c.obj                   18      0         0      
       copy_decompress_none.c.obj     14      0         0      
       errno.c.obj                    8       0         4      
       exit.c.obj                     4       0         0      
       pre_init.c.obj                 4       0         0      
       div0.asm.obj                   2       0         0      
    +--+------------------------------+-------+---------+---------+
       Total:                         7979    257       4      
                                                               
       Stack:                         0       0         2048   
       Linker Generated:              0       76        0      
    +--+------------------------------+-------+---------+---------+
       Grand Total:                   12519   1063      2998   


LINKER GENERATED COPY TABLES

__TI_cinit_table @ 00003508 records: 3, size/record: 8, table size: 24
	.data: load addr=000034d0, load size=00000018 bytes, run addr=20000ba4, run size=00000018 bytes, compression=lzss
	.bss: load addr=000034f8, load size=00000008 bytes, run addr=20000a70, run size=00000133 bytes, compression=zero_init
	.vtable: load addr=00003500, load size=00000008 bytes, run addr=20000000, run size=0000026c bytes, compression=zero_init


LINKER GENERATED HANDLER TABLE

__TI_handler_table @ 000034e8 records: 3, size/record: 4, table size: 12
	index: 0, handler: __TI_zero_init
	index: 1, handler: __TI_decompress_lzss
	index: 2, handler: __TI_decompress_none


GLOBAL SYMBOLS: SORTED ALPHABETICALLY BY Name 

address   name                          
-------   ----                          
0000335d  C$$EXIT                       
00003337  CPUcpsie                      
00003309  IntMasterEnable               
00003129  IntRegister                   
00003343  ResetISR                      
00001e2f  TIMER3B_Handler               
20000a70  __STACK_END                   
00000800  __STACK_SIZE                  
20000470  __STACK_TOP                   
00003508  __TI_CINIT_Base               
00003520  __TI_CINIT_Limit              
000034e8  __TI_Handler_Table_Base       
000034f4  __TI_Handler_Table_Limit      
0000302d  __TI_auto_init_nobinit_nopinit
00002d83  __TI_decompress_lzss          
00003329  __TI_decompress_none          
00002ea7  __TI_ltoa                     
ffffffff  __TI_pprof_out_hndl           
0000026d  __TI_printfi                  
ffffffff  __TI_prof_data_size           
ffffffff  __TI_prof_data_start          
00000000  __TI_static_base__            
0000321f  __TI_zero_init_nomemset       
00002b8f  __aeabi_cdcmpeq               
00002b8f  __aeabi_cdcmple               
00002c15  __aeabi_cdrcmple              
00002fe5  __aeabi_d2iz                  
00001ecf  __aeabi_dadd                  
000024a5  __aeabi_ddiv                  
00002811  __aeabi_dmul                  
00001ec5  __aeabi_dsub                  
00003351  __aeabi_errno_addr            
000030ef  __aeabi_f2d                   
000031f1  __aeabi_i2d                   
00000cbb  __aeabi_idiv0                 
00000cbb  __aeabi_ldiv0                 
00002c9b  __aeabi_memclr                
00002c9b  __aeabi_memclr4               
00002c9b  __aeabi_memclr8               
00002a5d  __aeabi_memcpy                
00002a5d  __aeabi_memcpy4               
00002a5d  __aeabi_memcpy8               
00002c9d  __aeabi_memset                
00002c9d  __aeabi_memset4               
00002c9d  __aeabi_memset8               
00002af9  __aeabi_uldivmod              
ffffffff  __binit__                     
ffffffff  __c_args__                    
UNDEFED   __mpu_init                    
20000270  __stack                       
20000000  __start___llvm_prf_cnts       
20000000  __stop___llvm_prf_cnts        
0000315d  _c_int00_noargs               
00003360  _ctypes_                      
20000bb5  _running                      
UNDEFED   _system_post_cinit            
00003359  _system_pre_init              
20000b8c  _timeout_ticks                
0000335d  abort                         
00002f4d  atoi                          
ffffffff  binit                         
20000a70  buffer                        
000029ed  button_getButton              
000029c1  button_init                   
20000ba4  command                       
00003257  copysign                      
00003257  copysignl                     
20000ba8  degrees                       
20000bb4  dir                           
20000bb8  errno                         
20000b90  falling_time                  
00002ded  frexp                         
00002ded  frexpl                        
20000000  g_pfnRAMVectors               
00000000  g_pfnVectors                  
00003319  lcd_clear                     
0000151d  lcd_gotoLine                  
00001385  lcd_init                      
00001583  lcd_printf                    
00001445  lcd_putc                      
0000147d  lcd_puts                      
00001349  lcd_reverseNibble             
0000149b  lcd_sendCommand               
000014d9  lcd_sendNibble                
00001545  lcd_setCursorPos              
00002701  ldexp                         
00002701  ldexpl                        
00001271  main                          
20000b94  matchVal                      
0000323b  memccpy                       
00002a5d  memcpy                        
00002ca3  memset                        
20000ad4  objArr                        
20000bb0  oneEightyMatch                
00000d21  part2                         
00000e81  part3                         
00001cf9  ping_init                     
00001e0d  ping_read                     
00000cef  print                         
00000cbd  printString                   
20000b98  pulse_time                    
20000b9c  rising_time                   
00002701  scalbn                        
00002701  scalbnl                       
00001d93  sendTrigger                   
000022a1  servo_calibrate               
00002225  servo_init                    
000022f9  servo_move                    
00002f99  snprintf                      
20000ba0  state                         
000032b9  strchr                        
000032a1  strcmp                        
000032cf  strcpy                        
000032e3  strlen                        
000019ff  timer_getMicros               
000019a7  timer_getMillis               
000018e1  timer_init                    
00001983  timer_pause                   
00001995  timer_resume                  
00001959  timer_stop                    
00001a59  timer_waitMicros              
00001a8b  timer_waitMillis              
000021a9  uart1_Handler                 
0000213f  uart_byte_to_recive           
20000ba1  uart_data                     
20000ba2  uart_flag                     
0000207d  uart_init                     
00002189  uart_interrupt_init           
0000214f  uart_receive                  
00002123  uart_sendChar                 
0000216b  uart_sendStr                  
00003071  vsnprintf                     
000032f7  wcslen                        
20000bac  zeroMatch                     


GLOBAL SYMBOLS: SORTED BY Symbol Address 

address   name                          
-------   ----                          
00000000  __TI_static_base__            
00000000  g_pfnVectors                  
0000026d  __TI_printfi                  
00000800  __STACK_SIZE                  
00000cbb  __aeabi_idiv0                 
00000cbb  __aeabi_ldiv0                 
00000cbd  printString                   
00000cef  print                         
00000d21  part2                         
00000e81  part3                         
00001271  main                          
00001349  lcd_reverseNibble             
00001385  lcd_init                      
00001445  lcd_putc                      
0000147d  lcd_puts                      
0000149b  lcd_sendCommand               
000014d9  lcd_sendNibble                
0000151d  lcd_gotoLine                  
00001545  lcd_setCursorPos              
00001583  lcd_printf                    
000018e1  timer_init                    
00001959  timer_stop                    
00001983  timer_pause                   
00001995  timer_resume                  
000019a7  timer_getMillis               
000019ff  timer_getMicros               
00001a59  timer_waitMicros              
00001a8b  timer_waitMillis              
00001cf9  ping_init                     
00001d93  sendTrigger                   
00001e0d  ping_read                     
00001e2f  TIMER3B_Handler               
00001ec5  __aeabi_dsub                  
00001ecf  __aeabi_dadd                  
0000207d  uart_init                     
00002123  uart_sendChar                 
0000213f  uart_byte_to_recive           
0000214f  uart_receive                  
0000216b  uart_sendStr                  
00002189  uart_interrupt_init           
000021a9  uart1_Handler                 
00002225  servo_init                    
000022a1  servo_calibrate               
000022f9  servo_move                    
000024a5  __aeabi_ddiv                  
00002701  ldexp                         
00002701  ldexpl                        
00002701  scalbn                        
00002701  scalbnl                       
00002811  __aeabi_dmul                  
000029c1  button_init                   
000029ed  button_getButton              
00002a5d  __aeabi_memcpy                
00002a5d  __aeabi_memcpy4               
00002a5d  __aeabi_memcpy8               
00002a5d  memcpy                        
00002af9  __aeabi_uldivmod              
00002b8f  __aeabi_cdcmpeq               
00002b8f  __aeabi_cdcmple               
00002c15  __aeabi_cdrcmple              
00002c9b  __aeabi_memclr                
00002c9b  __aeabi_memclr4               
00002c9b  __aeabi_memclr8               
00002c9d  __aeabi_memset                
00002c9d  __aeabi_memset4               
00002c9d  __aeabi_memset8               
00002ca3  memset                        
00002d83  __TI_decompress_lzss          
00002ded  frexp                         
00002ded  frexpl                        
00002ea7  __TI_ltoa                     
00002f4d  atoi                          
00002f99  snprintf                      
00002fe5  __aeabi_d2iz                  
0000302d  __TI_auto_init_nobinit_nopinit
00003071  vsnprintf                     
000030ef  __aeabi_f2d                   
00003129  IntRegister                   
0000315d  _c_int00_noargs               
000031f1  __aeabi_i2d                   
0000321f  __TI_zero_init_nomemset       
0000323b  memccpy                       
00003257  copysign                      
00003257  copysignl                     
000032a1  strcmp                        
000032b9  strchr                        
000032cf  strcpy                        
000032e3  strlen                        
000032f7  wcslen                        
00003309  IntMasterEnable               
00003319  lcd_clear                     
00003329  __TI_decompress_none          
00003337  CPUcpsie                      
00003343  ResetISR                      
00003351  __aeabi_errno_addr            
00003359  _system_pre_init              
0000335d  C$$EXIT                       
0000335d  abort                         
00003360  _ctypes_                      
000034e8  __TI_Handler_Table_Base       
000034f4  __TI_Handler_Table_Limit      
00003508  __TI_CINIT_Base               
00003520  __TI_CINIT_Limit              
20000000  __start___llvm_prf_cnts       
20000000  __stop___llvm_prf_cnts        
20000000  g_pfnRAMVectors               
20000270  __stack                       
20000470  __STACK_TOP                   
20000a70  __STACK_END                   
20000a70  buffer                        
20000ad4  objArr                        
20000b8c  _timeout_ticks                
20000b90  falling_time                  
20000b94  matchVal                      
20000b98  pulse_time                    
20000b9c  rising_time                   
20000ba0  state                         
20000ba1  uart_data                     
20000ba2  uart_flag                     
20000ba4  command                       
20000ba8  degrees                       
20000bac  zeroMatch                     
20000bb0  oneEightyMatch                
20000bb4  dir                           
20000bb5  _running                      
20000bb8  errno                         
ffffffff  __TI_pprof_out_hndl           
ffffffff  __TI_prof_data_size           
ffffffff  __TI_prof_data_start          
ffffffff  __binit__                     
ffffffff  __c_args__                    
ffffffff  binit                         
UNDEFED   __mpu_init                    
UNDEFED   _system_post_cinit            

[134 symbols]
