******************************************************************************
                  TI ARM Linker PC v20.2.7                     
******************************************************************************
>> Linked Mon Oct  9 10:34:09 2023

OUTPUT FILE NAME:   <lab_3.out>
ENTRY POINT SYMBOL: "_c_int00_noargs"  address: 000042cd


MEMORY CONFIGURATION

         name            origin    length      used     unused   attr    fill
----------------------  --------  ---------  --------  --------  ----  --------
  FLASH                 00000000   00040000  000047bc  0003b844  R  X
  SRAM                  20000000   00008000  00000b1e  000074e2  RW X


SEGMENT ALLOCATION MAP

run origin  load origin   length   init length attrs members
----------  ----------- ---------- ----------- ----- -------
00000000    00000000    000047c0   000047c0    r-x
  00000000    00000000    0000026c   0000026c    r-- .intvecs
  0000026c    0000026c    00004264   00004264    r-x .text
  000044d0    000044d0    000002ac   000002ac    r-- .const
  00004780    00004780    00000040   00000040    r-- .cinit
20000000    20000000    00000b25   00000000    rw-
  20000000    20000000    0000026c   00000000    rw- .vtable
  20000270    20000270    00000800   00000000    rw- .stack
  20000a70    20000a70    000000a5   00000000    rw- .bss
  20000b18    20000b18    0000000d   00000000    rw- .data


SECTION ALLOCATION MAP

 output                                  attributes/
section   page    origin      length       input sections
--------  ----  ----------  ----------   ----------------
.intvecs   0    00000000    0000026c     
                  00000000    0000026c     tm4c123gh6pm_startup_ccs.obj (.intvecs)

.text      0    0000026c    00004264     
                  0000026c    00000a4e     rtsv7M4_T_le_v4SPD16_eabi.lib : _printfi.c.obj (.text:__TI_printfi)
                  00000cba    00000002                                   : div0.asm.obj (.text)
                  00000cbc    00000738                                   : k_rem_pio2.c.obj (.text:__kernel_rem_pio2)
                  000013f4    000005dc                                   : s_cos.c.obj (.text:cos)
                  000019d0    0000044c     main.obj (.text)
                  00001e1c    00000328     lcd.obj (.text)
                  00002144    00000270     rtsv7M4_T_le_v4SPD16_eabi.lib : _printfi.c.obj (.text:_pconv_a)
                  000023b4    00000260     libcybotScan.lib : cyBot_Scan.obj (.text)
                  00002614    00000248     Timer.obj (.text)
                  0000285c    000001ec     libcybotScan.lib : ping.obj (.text)
                  00002a48    000001d0     rtsv7M4_T_le_v4SPD16_eabi.lib : _printfi.c.obj (.text:_pconv_g)
                  00002c18    000001b6                                   : fd_add_t2.asm.obj (.text)
                  00002dce    00000002     --HOLE-- [fill = 0]
                  00002dd0    00000174                                   : k_sin.c.obj (.text:__kernel_sin)
                  00002f44    00000170                                   : k_cos.c.obj (.text:__kernel_cos)
                  000030b4    0000015c     libcybotUART.lib : uart.obj (.text)
                  00003210    00000158     libcybotScan.lib : servo.obj (.text)
                  00003368    0000013c     rtsv7M4_T_le_v4SPD16_eabi.lib : _printfi.c.obj (.text:_pconv_e)
                  000034a4    00000136                                   : fd_div_t2.asm.obj (.text)
                  000035da    00000002     --HOLE-- [fill = 0]
                  000035dc    00000124                                   : _printfi.c.obj (.text:fcvt)
                  00003700    00000118     libcybotScan.lib : ir.obj (.text)
                  00003818    00000110     rtsv7M4_T_le_v4SPD16_eabi.lib : s_scalbn.c.obj (.text:scalbn)
                  00003928    000000fc                                   : fd_mul_t2.asm.obj (.text)
                  00003a24    000000f8                                   : s_floor.c.obj (.text:floor)
                  00003b1c    000000b1                                   : _printfi.c.obj (.text:_ltostr)
                  00003bcd    00000001     --HOLE-- [fill = 0]
                  00003bce    0000009c                                   : memcpy_t2.asm.obj (.text)
                  00003c6a    00000096                                   : ull_div_t2.asm.obj (.text)
                  00003d00    00000086                                   : fd_cmp_t2.asm.obj (.text:__aeabi_cdcmple)
                  00003d86    00000086                                   : fd_cmp_t2.asm.obj (.text:__aeabi_cdrcmple)
                  00003e0c    0000007a                                   : memset_t2.asm.obj (.text)
                  00003e86    0000006e                                   : _printfi.c.obj (.text:_mcpy)
                  00003ef4    00000068                                   : copy_decompress_lzss.c.obj (.text:decompress:lzss:__TI_decompress_lzss)
                  00003f5c    00000064                                   : s_frexp.c.obj (.text:frexp)
                  00003fc0    00000056                                   : _printfi.c.obj (.text:_pconv_f)
                  00004016    00000054                                   : _ltoa.c.obj (.text:__TI_ltoa)
                  0000406a    00000052                                   : _printfi.c.obj (.text:_ecpy)
                  000040bc    0000004c                                   : atoi.c.obj (.text:atoi)
                  00004108    0000004c                                   : snprintf.c.obj (.text:snprintf)
                  00004154    00000048                                   : fd_toi_t2.asm.obj (.text)
                  0000419c    00000044                                   : autoinit.c.obj (.text:__TI_auto_init_nobinit_nopinit:__TI_auto_init_nobinit_nopinit)
                  000041e0    00000040                                   : vsnprintf.c.obj (.text:vsnprintf)
                  00004220    0000003e                                   : _printfi.c.obj (.text:_fcpy)
                  0000425e    00000038                                   : fs_tod_t2.asm.obj (.text)
                  00004296    00000002     --HOLE-- [fill = 0]
                  00004298    00000034     driverlib.lib : interrupt.obj (.text:IntRegister)
                  000042cc    00000034     rtsv7M4_T_le_v4SPD16_eabi.lib : boot_cortex_m.c.obj (.text:_c_int00_noargs:_c_int00_noargs)
                  00004300    00000030                                   : snprintf.c.obj (.text:_outs)
                  00004330    00000030                                   : vsnprintf.c.obj (.text:_outs)
                  00004360    0000002e                                   : i_tofd_t2.asm.obj (.text)
                  0000438e    0000001c                                   : copy_zero_init.c.obj (.text:decompress:ZI:__TI_zero_init_nomemset:__TI_zero_init_nomemset)
                  000043aa    0000001c                                   : memccpy.c.obj (.text:memccpy)
                  000043c6    0000001a                                   : s_copysign.c.obj (.text:copysign)
                  000043e0    00000018                                   : snprintf.c.obj (.text:_outc)
                  000043f8    00000018                                   : vsnprintf.c.obj (.text:_outc)
                  00004410    00000018                                   : strcmp.c.obj (.text:strcmp)
                  00004428    00000016                                   : strchr.c.obj (.text:strchr)
                  0000443e    00000014                                   : strcpy.c.obj (.text:strcpy)
                  00004452    00000014                                   : strlen.c.obj (.text:strlen)
                  00004466    00000012                                   : wcslen.c.obj (.text:wcslen)
                  00004478    00000010     driverlib.lib : interrupt.obj (.text:IntMasterEnable)
                  00004488    00000010     lcd.obj (.text:lcd_clear)
                  00004498    0000000e     rtsv7M4_T_le_v4SPD16_eabi.lib : copy_decompress_none.c.obj (.text:decompress:none:__TI_decompress_none)
                  000044a6    0000000c     driverlib.lib : cpu.obj (.text:CPUcpsie)
                  000044b2    0000000c     tm4c123gh6pm_startup_ccs.obj (.text)
                  000044be    00000002     --HOLE-- [fill = 0]
                  000044c0    00000008     rtsv7M4_T_le_v4SPD16_eabi.lib : errno.c.obj (.text:__aeabi_errno_addr)
                  000044c8    00000004                                   : pre_init.c.obj (.text:_system_pre_init)
                  000044cc    00000004                                   : exit.c.obj (.text:abort:abort)

.const     0    000044d0    000002ac     
                  000044d0    00000158     rtsv7M4_T_le_v4SPD16_eabi.lib : k_rem_pio2.c.obj (.const:$O1$$)
                  00004628    00000101                                   : ctype.c.obj (.const:.string:_ctypes_)
                  00004729    00000024     main.obj (.const:.string:$P$T2$3)
                  0000474d    0000001e     main.obj (.const:.string:$P$T1$2)
                  0000476b    00000001     --HOLE-- [fill = 0]
                  0000476c    00000008     main.obj (.const:$P$T0$1)
                  00004774    00000004     lcd.obj (.const:.string:lineAddress$1)
                  00004778    00000004     lcd.obj (.const:.string:lineAddresses$2)

.cinit     0    00004780    00000040     
                  00004780    0000000c     (__TI_handler_table)
                  0000478c    00000004     --HOLE-- [fill = 0]
                  00004790    00000008     (.cinit..bss.load) [load image, compression = zero_init]
                  00004798    00000008     (.cinit..vtable.load) [load image, compression = zero_init]
                  000047a0    00000007     (.cinit..data.load) [load image, compression = lzss]
                  000047a7    00000001     --HOLE-- [fill = 0]
                  000047a8    00000018     (__TI_cinit_table)

.init_array 
*          0    00000000    00000000     UNINITIALIZED

.vtable    0    20000000    0000026c     UNINITIALIZED
                  20000000    0000026c     driverlib.lib : interrupt.obj (.vtable)

.bss       0    20000a70    000000a5     UNINITIALIZED
                  20000a70    00000054     lcd.obj (.bss:lastbuffer$3)
                  20000ac4    00000034     (.common:isr_char_buffer)
                  20000af8    00000004     (.common:_timeout_ticks)
                  20000afc    00000004     (.common:fallingEdge)
                  20000b00    00000004     (.common:isr_int_value)
                  20000b04    00000004     (.common:left_calibration_value)
                  20000b08    00000004     (.common:pulseLength)
                  20000b0c    00000004     (.common:right_calibration_value)
                  20000b10    00000004     (.common:risingEdge)
                  20000b14    00000001     (.common:isRisingEdge)

.data      0    20000b18    0000000d     UNINITIALIZED
                  20000b18    00000004     libcybotScan.lib : cyBot_Scan.obj (.data)
                  20000b1c    00000004     libcybotUART.lib : uart.obj (.data)
                  20000b20    00000004     rtsv7M4_T_le_v4SPD16_eabi.lib : errno.c.obj (.data)
                  20000b24    00000001     Timer.obj (.data)

.stack     0    20000270    00000800     UNINITIALIZED
                  20000270    00000004     rtsv7M4_T_le_v4SPD16_eabi.lib : boot_cortex_m.c.obj (.stack)
                  20000274    000007fc     --HOLE--

__llvm_prf_cnts 
*          0    20000000    00000000     UNINITIALIZED

MODULE SUMMARY

       Module                         code    ro data   rw data
       ------                         ----    -------   -------
    .\
       main.obj                       1100    74        8      
       lcd.obj                        824     8         84     
       tm4c123gh6pm_startup_ccs.obj   12      620       0      
       Timer.obj                      584     0         5      
    +--+------------------------------+-------+---------+---------+
       Total:                         2520    702       97     
                                                               
    ../libcybotScan.lib
       cyBot_Scan.obj                 608     0         4      
       ping.obj                       492     0         13     
       servo.obj                      344     0         0      
       ir.obj                         280     0         4      
    +--+------------------------------+-------+---------+---------+
       Total:                         1724    0         21     
                                                               
    ../libcybotUART.lib
       uart.obj                       348     0         56     
    +--+------------------------------+-------+---------+---------+
       Total:                         348     0         56     
                                                               
    C:/ti/TivaWare_C_Series-2.2.0.295/driverlib/ccs/Debug/driverlib.lib
       interrupt.obj                  68      0         620    
       cpu.obj                        12      0         0      
    +--+------------------------------+-------+---------+---------+
       Total:                         80      0         620    
                                                               
    C:\ti\ccs1230\ccs\tools\compiler\ti-cgt-arm_20.2.7.LTS\lib\rtsv7M4_T_le_v4SPD16_eabi.lib
       _printfi.c.obj                 4851    0         0      
       k_rem_pio2.c.obj               1848    344       0      
       s_cos.c.obj                    1500    0         0      
       fd_add_t2.asm.obj              438     0         0      
       k_sin.c.obj                    372     0         0      
       k_cos.c.obj                    368     0         0      
       fd_div_t2.asm.obj              310     0         0      
       s_scalbn.c.obj                 272     0         0      
       fd_cmp_t2.asm.obj              268     0         0      
       ctype.c.obj                    0       257       0      
       fd_mul_t2.asm.obj              252     0         0      
       s_floor.c.obj                  248     0         0      
       memcpy_t2.asm.obj              156     0         0      
       ull_div_t2.asm.obj             150     0         0      
       snprintf.c.obj                 148     0         0      
       vsnprintf.c.obj                136     0         0      
       memset_t2.asm.obj              122     0         0      
       copy_decompress_lzss.c.obj     104     0         0      
       s_frexp.c.obj                  100     0         0      
       _ltoa.c.obj                    84      0         0      
       atoi.c.obj                     76      0         0      
       fd_toi_t2.asm.obj              72      0         0      
       autoinit.c.obj                 68      0         0      
       fs_tod_t2.asm.obj              56      0         0      
       boot_cortex_m.c.obj            52      0         0      
       i_tofd_t2.asm.obj              46      0         0      
       copy_zero_init.c.obj           28      0         0      
       memccpy.c.obj                  28      0         0      
       s_copysign.c.obj               26      0         0      
       strcmp.c.obj                   24      0         0      
       strchr.c.obj                   22      0         0      
       strcpy.c.obj                   20      0         0      
       strlen.c.obj                   20      0         0      
       wcslen.c.obj                   18      0         0      
       copy_decompress_none.c.obj     14      0         0      
       errno.c.obj                    8       0         4      
       exit.c.obj                     4       0         0      
       pre_init.c.obj                 4       0         0      
       div0.asm.obj                   2       0         0      
    +--+------------------------------+-------+---------+---------+
       Total:                         12315   601       4      
                                                               
       Stack:                         0       0         2048   
       Linker Generated:              0       59        0      
    +--+------------------------------+-------+---------+---------+
       Grand Total:                   16987   1362      2846   


LINKER GENERATED COPY TABLES

__TI_cinit_table @ 000047a8 records: 3, size/record: 8, table size: 24
	.bss: load addr=00004790, load size=00000008 bytes, run addr=20000a70, run size=000000a5 bytes, compression=zero_init
	.vtable: load addr=00004798, load size=00000008 bytes, run addr=20000000, run size=0000026c bytes, compression=zero_init
	.data: load addr=000047a0, load size=00000007 bytes, run addr=20000b18, run size=0000000d bytes, compression=lzss


LINKER GENERATED HANDLER TABLE

__TI_handler_table @ 00004780 records: 3, size/record: 4, table size: 12
	index: 0, handler: __TI_zero_init
	index: 1, handler: __TI_decompress_lzss
	index: 2, handler: __TI_decompress_none


GLOBAL SYMBOLS: SORTED ALPHABETICALLY BY Name 

address   name                          
-------   ----                          
00003799  ADC0SS0_Handler               
000044cd  C$$EXIT                       
000044a7  CPUcpsie                      
00004479  IntMasterEnable               
00004299  IntRegister                   
000044b3  ResetISR                      
0000294d  TIMER3B_Handler               
20000a70  __STACK_END                   
00000800  __STACK_SIZE                  
20000470  __STACK_TOP                   
000047a8  __TI_CINIT_Base               
000047c0  __TI_CINIT_Limit              
00004780  __TI_Handler_Table_Base       
0000478c  __TI_Handler_Table_Limit      
0000419d  __TI_auto_init_nobinit_nopinit
00003ef5  __TI_decompress_lzss          
00004499  __TI_decompress_none          
00004017  __TI_ltoa                     
ffffffff  __TI_pprof_out_hndl           
0000026d  __TI_printfi                  
ffffffff  __TI_prof_data_size           
ffffffff  __TI_prof_data_start          
00000000  __TI_static_base__            
0000438f  __TI_zero_init_nomemset       
00003d01  __aeabi_cdcmpeq               
00003d01  __aeabi_cdcmple               
00003d87  __aeabi_cdrcmple              
00004155  __aeabi_d2iz                  
00002c23  __aeabi_dadd                  
000034a5  __aeabi_ddiv                  
00003929  __aeabi_dmul                  
00002c19  __aeabi_dsub                  
000044c1  __aeabi_errno_addr            
0000425f  __aeabi_f2d                   
00004361  __aeabi_i2d                   
00000cbb  __aeabi_idiv0                 
00000cbb  __aeabi_ldiv0                 
00003e0d  __aeabi_memclr                
00003e0d  __aeabi_memclr4               
00003e0d  __aeabi_memclr8               
00003bcf  __aeabi_memcpy                
00003bcf  __aeabi_memcpy4               
00003bcf  __aeabi_memcpy8               
00003e0f  __aeabi_memset                
00003e0f  __aeabi_memset4               
00003e0f  __aeabi_memset8               
00003c6b  __aeabi_uldivmod              
ffffffff  __binit__                     
ffffffff  __c_args__                    
00002f45  __kernel_cos                  
00000cbd  __kernel_rem_pio2             
00002dd1  __kernel_sin                  
UNDEFED   __mpu_init                    
20000270  __stack                       
20000000  __start___llvm_prf_cnts       
20000000  __stop___llvm_prf_cnts        
000042cd  _c_int00_noargs               
00004628  _ctypes_                      
20000b24  _running                      
UNDEFED   _system_post_cinit            
000044c9  _system_pre_init              
20000af8  _timeout_ticks                
000044cd  abort                         
000040bd  atoi                          
ffffffff  binit                         
000043c7  copysign                      
000043c7  copysignl                     
000013f5  cos                           
000013f5  cosl                          
0000248d  cyBOT_SERVO_cal               
0000241b  cyBOT_Scan                    
000023c3  cyBOT_init_Scan               
20000b18  cyBOT_scan_features           
000023b5  cyBOT_scan_version            
000031bd  cyBot_UART1_Handler           
000031a3  cyBot_getByte                 
000030b5  cyBot_sendByte                
00003185  cyBot_uart_flush              
000030f3  cyBot_uart_init               
000030db  cyBot_uart_sendBuffer         
000030c1  cyBot_uart_sendStr            
20000b20  errno                         
20000afc  fallingEdge                   
00003a25  floor                         
00003a25  floorl                        
00003f5d  frexp                         
00003f5d  frexpl                        
20000000  g_pfnRAMVectors               
00000000  g_pfnVectors                  
000037af  ir_enableInterrupt            
00003791  ir_getDistance                
00003769  ir_getValue                   
00003701  ir_init                       
20000b14  isRisingEdge                  
20000ac4  isr_char_buffer               
20000b1c  isr_counter                   
20000b00  isr_int_value                 
00004489  lcd_clear                     
00001ff1  lcd_gotoLine                  
00001e59  lcd_init                      
00002057  lcd_printf                    
00001f19  lcd_putc                      
00001f51  lcd_puts                      
00001e1d  lcd_reverseNibble             
00001f6f  lcd_sendCommand               
00001fad  lcd_sendNibble                
00002019  lcd_setCursorPos              
00003819  ldexp                         
00003819  ldexpl                        
20000b04  left_calibration_value        
00001a03  main                          
000043ab  memccpy                       
00003bcf  memcpy                        
00003e15  memset                        
0000299f  ping_getDistance              
0000285d  ping_init                     
000028e3  ping_trigger                  
000019d1  printString                   
20000b08  pulseLength                   
20000b0c  right_calibration_value       
20000b10  risingEdge                    
00003819  scalbn                        
00003819  scalbnl                       
00003211  servo_init                    
000032a1  servo_move                    
00003301  servo_setPWM                  
00003295  servo_stop                    
00004109  snprintf                      
00004429  strchr                        
00004411  strcmp                        
0000443f  strcpy                        
00004453  strlen                        
00002733  timer_getMicros               
000026db  timer_getMillis               
00002615  timer_init                    
000026b7  timer_pause                   
000026c9  timer_resume                  
0000268d  timer_stop                    
0000278d  timer_waitMicros              
000027bf  timer_waitMillis              
000041e1  vsnprintf                     
00004467  wcslen                        


GLOBAL SYMBOLS: SORTED BY Symbol Address 

address   name                          
-------   ----                          
00000000  __TI_static_base__            
00000000  g_pfnVectors                  
0000026d  __TI_printfi                  
00000800  __STACK_SIZE                  
00000cbb  __aeabi_idiv0                 
00000cbb  __aeabi_ldiv0                 
00000cbd  __kernel_rem_pio2             
000013f5  cos                           
000013f5  cosl                          
000019d1  printString                   
00001a03  main                          
00001e1d  lcd_reverseNibble             
00001e59  lcd_init                      
00001f19  lcd_putc                      
00001f51  lcd_puts                      
00001f6f  lcd_sendCommand               
00001fad  lcd_sendNibble                
00001ff1  lcd_gotoLine                  
00002019  lcd_setCursorPos              
00002057  lcd_printf                    
000023b5  cyBOT_scan_version            
000023c3  cyBOT_init_Scan               
0000241b  cyBOT_Scan                    
0000248d  cyBOT_SERVO_cal               
00002615  timer_init                    
0000268d  timer_stop                    
000026b7  timer_pause                   
000026c9  timer_resume                  
000026db  timer_getMillis               
00002733  timer_getMicros               
0000278d  timer_waitMicros              
000027bf  timer_waitMillis              
0000285d  ping_init                     
000028e3  ping_trigger                  
0000294d  TIMER3B_Handler               
0000299f  ping_getDistance              
00002c19  __aeabi_dsub                  
00002c23  __aeabi_dadd                  
00002dd1  __kernel_sin                  
00002f45  __kernel_cos                  
000030b5  cyBot_sendByte                
000030c1  cyBot_uart_sendStr            
000030db  cyBot_uart_sendBuffer         
000030f3  cyBot_uart_init               
00003185  cyBot_uart_flush              
000031a3  cyBot_getByte                 
000031bd  cyBot_UART1_Handler           
00003211  servo_init                    
00003295  servo_stop                    
000032a1  servo_move                    
00003301  servo_setPWM                  
000034a5  __aeabi_ddiv                  
00003701  ir_init                       
00003769  ir_getValue                   
00003791  ir_getDistance                
00003799  ADC0SS0_Handler               
000037af  ir_enableInterrupt            
00003819  ldexp                         
00003819  ldexpl                        
00003819  scalbn                        
00003819  scalbnl                       
00003929  __aeabi_dmul                  
00003a25  floor                         
00003a25  floorl                        
00003bcf  __aeabi_memcpy                
00003bcf  __aeabi_memcpy4               
00003bcf  __aeabi_memcpy8               
00003bcf  memcpy                        
00003c6b  __aeabi_uldivmod              
00003d01  __aeabi_cdcmpeq               
00003d01  __aeabi_cdcmple               
00003d87  __aeabi_cdrcmple              
00003e0d  __aeabi_memclr                
00003e0d  __aeabi_memclr4               
00003e0d  __aeabi_memclr8               
00003e0f  __aeabi_memset                
00003e0f  __aeabi_memset4               
00003e0f  __aeabi_memset8               
00003e15  memset                        
00003ef5  __TI_decompress_lzss          
00003f5d  frexp                         
00003f5d  frexpl                        
00004017  __TI_ltoa                     
000040bd  atoi                          
00004109  snprintf                      
00004155  __aeabi_d2iz                  
0000419d  __TI_auto_init_nobinit_nopinit
000041e1  vsnprintf                     
0000425f  __aeabi_f2d                   
00004299  IntRegister                   
000042cd  _c_int00_noargs               
00004361  __aeabi_i2d                   
0000438f  __TI_zero_init_nomemset       
000043ab  memccpy                       
000043c7  copysign                      
000043c7  copysignl                     
00004411  strcmp                        
00004429  strchr                        
0000443f  strcpy                        
00004453  strlen                        
00004467  wcslen                        
00004479  IntMasterEnable               
00004489  lcd_clear                     
00004499  __TI_decompress_none          
000044a7  CPUcpsie                      
000044b3  ResetISR                      
000044c1  __aeabi_errno_addr            
000044c9  _system_pre_init              
000044cd  C$$EXIT                       
000044cd  abort                         
00004628  _ctypes_                      
00004780  __TI_Handler_Table_Base       
0000478c  __TI_Handler_Table_Limit      
000047a8  __TI_CINIT_Base               
000047c0  __TI_CINIT_Limit              
20000000  __start___llvm_prf_cnts       
20000000  __stop___llvm_prf_cnts        
20000000  g_pfnRAMVectors               
20000270  __stack                       
20000470  __STACK_TOP                   
20000a70  __STACK_END                   
20000ac4  isr_char_buffer               
20000af8  _timeout_ticks                
20000afc  fallingEdge                   
20000b00  isr_int_value                 
20000b04  left_calibration_value        
20000b08  pulseLength                   
20000b0c  right_calibration_value       
20000b10  risingEdge                    
20000b14  isRisingEdge                  
20000b18  cyBOT_scan_features           
20000b1c  isr_counter                   
20000b20  errno                         
20000b24  _running                      
ffffffff  __TI_pprof_out_hndl           
ffffffff  __TI_prof_data_size           
ffffffff  __TI_prof_data_start          
ffffffff  __binit__                     
ffffffff  __c_args__                    
ffffffff  binit                         
UNDEFED   __mpu_init                    
UNDEFED   _system_post_cinit            

[142 symbols]
