******************************************************************************
                  TI ARM Linker PC v20.2.7                     
******************************************************************************
>> Linked Mon Oct 23 12:05:02 2023

OUTPUT FILE NAME:   <lab_8.out>
ENTRY POINT SYMBOL: "_c_int00_noargs"  address: 0000521d


MEMORY CONFIGURATION

         name            origin    length      used     unused   attr    fill
----------------------  --------  ---------  --------  --------  ----  --------
  FLASH                 00000000   00040000  00005679  0003a987  R  X
  SRAM                  20000000   00008000  00001184  00006e7c  RW X


SEGMENT ALLOCATION MAP

run origin  load origin   length   init length attrs members
----------  ----------- ---------- ----------- ----- -------
00000000    00000000    00005680   00005680    r-x
  00000000    00000000    0000026c   0000026c    r-- .intvecs
  0000026c    0000026c    00005208   00005208    r-x .text
  00005478    00005478    000001a5   000001a5    r-- .const
  00005620    00005620    00000060   00000060    r-- .cinit
20000000    20000000    00001189   00000000    rw-
  20000000    20000000    0000026c   00000000    rw- .vtable
  20000270    20000270    00000800   00000000    rw- .stack
  20000a70    20000a70    00000400   00000000    rw- .sysmem
  20000e70    20000e70    000002d3   00000000    rw- .bss
  20001144    20001144    00000045   00000000    rw- .data


SECTION ALLOCATION MAP

 output                                  attributes/
section   page    origin      length       input sections
--------  ----  ----------  ----------   ----------------
.intvecs   0    00000000    0000026c     
                  00000000    0000026c     tm4c123gh6pm_startup_ccs.obj (.intvecs)

.text      0    0000026c    00005208     
                  0000026c    00000c20     open_interface.obj (.text)
                  00000e8c    00000a4e     rtsv7M4_T_le_v4SPD16_eabi.lib : _printfi.c.obj (.text:__TI_printfi)
                  000018da    00000002                                   : _lock.c.obj (.text:_nop)
                  000018dc    000009d0                                   : e_pow.c.obj (.text:pow)
                  000022ac    0000070c     lab8_main.obj (.text)
                  000029b8    00000328     lcd.obj (.text)
                  00002ce0    00000270     rtsv7M4_T_le_v4SPD16_eabi.lib : _printfi.c.obj (.text:_pconv_a)
                  00002f50    00000260     libcybotScan.lib : cyBot_Scan.obj (.text)
                  000031b0    00000248     Timer.obj (.text)
                  000033f8    000001fc     movement.obj (.text)
                  000035f4    000001ec     libcybotScan.lib : ping.obj (.text)
                  000037e0    000001d0     rtsv7M4_T_le_v4SPD16_eabi.lib : _printfi.c.obj (.text:_pconv_g)
                  000039b0    000001b6                                   : fd_add_t2.asm.obj (.text)
                  00003b66    00000002                                   : div0.asm.obj (.text)
                  00003b68    000001a8     uart.obj (.text)
                  00003d10    00000158     libcybotScan.lib : servo.obj (.text)
                  00003e68    00000158     rtsv7M4_T_le_v4SPD16_eabi.lib : e_sqrt.c.obj (.text:sqrt)
                  00003fc0    0000013c                                   : _printfi.c.obj (.text:_pconv_e)
                  000040fc    00000136                                   : fd_div_t2.asm.obj (.text)
                  00004232    00000002     --HOLE-- [fill = 0]
                  00004234    00000124                                   : _printfi.c.obj (.text:fcvt)
                  00004358    00000118     libcybotScan.lib : ir.obj (.text)
                  00004470    00000110     rtsv7M4_T_le_v4SPD16_eabi.lib : s_scalbn.c.obj (.text:scalbn)
                  00004580    00000100                                   : memory.c.obj (.text:aligned_alloc)
                  00004680    000000fc                                   : fd_mul_t2.asm.obj (.text)
                  0000477c    000000f4     adc.obj (.text)
                  00004870    000000e4     rtsv7M4_T_le_v4SPD16_eabi.lib : memory.c.obj (.text:free)
                  00004954    000000b1                                   : _printfi.c.obj (.text:_ltostr)
                  00004a05    00000001     --HOLE-- [fill = 0]
                  00004a06    0000009c                                   : memcpy_t2.asm.obj (.text)
                  00004aa2    00000096                                   : ull_div_t2.asm.obj (.text)
                  00004b38    00000086                                   : fd_cmp_t2.asm.obj (.text:__aeabi_cdcmple)
                  00004bbe    00000086                                   : fd_cmp_t2.asm.obj (.text:__aeabi_cdrcmple)
                  00004c44    0000007a                                   : memset_t2.asm.obj (.text)
                  00004cbe    00000002     --HOLE-- [fill = 0]
                  00004cc0    00000070                                   : memory.c.obj (.text:split)
                  00004d30    0000006e                                   : _printfi.c.obj (.text:_mcpy)
                  00004d9e    0000006e                                   : fd_tos_t2.asm.obj (.text)
                  00004e0c    00000068                                   : copy_decompress_lzss.c.obj (.text:decompress:lzss:__TI_decompress_lzss)
                  00004e74    00000064                                   : s_frexp.c.obj (.text:frexp)
                  00004ed8    00000056                                   : _printfi.c.obj (.text:_pconv_f)
                  00004f2e    00000054                                   : _ltoa.c.obj (.text:__TI_ltoa)
                  00004f82    00000052                                   : _printfi.c.obj (.text:_ecpy)
                  00004fd4    0000004c                                   : atoi.c.obj (.text:atoi)
                  00005020    0000004c                                   : snprintf.c.obj (.text:snprintf)
                  0000506c    00000048                                   : fd_toi_t2.asm.obj (.text)
                  000050b4    00000044                                   : autoinit.c.obj (.text:__TI_auto_init_nobinit_nopinit:__TI_auto_init_nobinit_nopinit)
                  000050f8    00000040                                   : vsnprintf.c.obj (.text:vsnprintf)
                  00005138    0000003e                                   : _printfi.c.obj (.text:_fcpy)
                  00005176    00000002     --HOLE-- [fill = 0]
                  00005178    00000038                                   : memory.c.obj (.text:calloc)
                  000051b0    00000038                                   : fs_tod_t2.asm.obj (.text)
                  000051e8    00000034     driverlib.lib : interrupt.obj (.text:IntRegister)
                  0000521c    00000034     rtsv7M4_T_le_v4SPD16_eabi.lib : boot_cortex_m.c.obj (.text:_c_int00_noargs:_c_int00_noargs)
                  00005250    00000030                                   : snprintf.c.obj (.text:_outs)
                  00005280    00000030                                   : vsnprintf.c.obj (.text:_outs)
                  000052b0    0000002e                                   : i_tofd_t2.asm.obj (.text)
                  000052de    00000002     --HOLE-- [fill = 0]
                  000052e0    00000028                                   : memory.c.obj (.text:free_list_insert)
                  00005308    0000001c                                   : memory.c.obj (.text:free_list_remove)
                  00005324    0000001c                                   : memccpy.c.obj (.text:memccpy)
                  00005340    0000001a                                   : s_copysign.c.obj (.text:copysign)
                  0000535a    00000018                                   : snprintf.c.obj (.text:_outc)
                  00005372    00000018                                   : vsnprintf.c.obj (.text:_outc)
                  0000538a    00000018     open_interface.obj (.text:oi_parseInt)
                  000053a2    00000018     rtsv7M4_T_le_v4SPD16_eabi.lib : strcmp.c.obj (.text:strcmp)
                  000053ba    00000016                                   : strchr.c.obj (.text:strchr)
                  000053d0    00000014                                   : strcpy.c.obj (.text:strcpy)
                  000053e4    00000014                                   : strlen.c.obj (.text:strlen)
                  000053f8    00000012                                   : wcslen.c.obj (.text:wcslen)
                  0000540a    00000010     driverlib.lib : interrupt.obj (.text:IntMasterEnable)
                  0000541a    00000010     lcd.obj (.text:lcd_clear)
                  0000542a    0000000e     rtsv7M4_T_le_v4SPD16_eabi.lib : copy_decompress_none.c.obj (.text:decompress:none:__TI_decompress_none)
                  00005438    0000000c     driverlib.lib : cpu.obj (.text:CPUcpsie)
                  00005444    0000000c     rtsv7M4_T_le_v4SPD16_eabi.lib : copy_zero_init.c.obj (.text:decompress:ZI:__TI_zero_init)
                  00005450    0000000c     tm4c123gh6pm_startup_ccs.obj (.text)
                  0000545c    00000008     rtsv7M4_T_le_v4SPD16_eabi.lib : errno.c.obj (.text:__aeabi_errno_addr)
                  00005464    00000008                                   : memory.c.obj (.text:malloc)
                  0000546c    00000004                                   : pre_init.c.obj (.text:_system_pre_init)
                  00005470    00000004                                   : exit.c.obj (.text:abort:abort)

.const     0    00005478    000001a5     
                  00005478    00000101     rtsv7M4_T_le_v4SPD16_eabi.lib : ctype.c.obj (.const:.string:_ctypes_)
                  00005579    0000003c     lab8_main.obj (.const:.string:$P$T1$2)
                  000055b5    00000003     --HOLE-- [fill = 0]
                  000055b8    00000030     rtsv7M4_T_le_v4SPD16_eabi.lib : e_pow.c.obj (.const:$O1$$)
                  000055e8    0000001e     lab8_main.obj (.const:.string:$P$T0$1)
                  00005606    0000000f     open_interface.obj (.const:.string:$P$T0$3)
                  00005615    00000004     lcd.obj (.const:.string:lineAddress$1)
                  00005619    00000004     lcd.obj (.const:.string:lineAddresses$2)

.cinit     0    00005620    00000060     
                  00005620    00000027     (.cinit..data.load) [load image, compression = lzss]
                  00005647    00000001     --HOLE-- [fill = 0]
                  00005648    0000000c     (__TI_handler_table)
                  00005654    00000004     --HOLE-- [fill = 0]
                  00005658    00000008     (.cinit..bss.load) [load image, compression = zero_init]
                  00005660    00000008     (.cinit..vtable.load) [load image, compression = zero_init]
                  00005668    00000018     (__TI_cinit_table)

.init_array 
*          0    00000000    00000000     UNINITIALIZED

.vtable    0    20000000    0000026c     UNINITIALIZED
                  20000000    0000026c     driverlib.lib : interrupt.obj (.vtable)

.stack     0    20000270    00000800     UNINITIALIZED
                  20000270    00000004     rtsv7M4_T_le_v4SPD16_eabi.lib : boot_cortex_m.c.obj (.stack)
                  20000274    000007fc     --HOLE--

.sysmem    0    20000a70    00000400     UNINITIALIZED
                  20000a70    00000010     rtsv7M4_T_le_v4SPD16_eabi.lib : memory.c.obj (.sysmem)
                  20000a80    000003f0     --HOLE--

.bss       0    20000e70    000002d3     UNINITIALIZED
                  20000e70    0000016c     (.common:dataArr)
                  20000fdc    00000064     (.common:buffer)
                  20001040    00000064     (.common:objArr)
                  200010a4    00000054     lcd.obj (.bss:lastbuffer$3)
                  200010f8    00000018     open_interface.obj (.bss:firmware$2)
                  20001110    0000000c     (.common:position)
                  2000111c    00000004     (.common:_timeout_ticks)
                  20001120    00000004     (.common:data)
                  20001124    00000004     (.common:dist)
                  20001128    00000004     (.common:fallingEdge)
                  2000112c    00000004     (.common:isr_int_value)
                  20001130    00000004     (.common:left_calibration_value)
                  20001134    00000004     (.common:pulseLength)
                  20001138    00000004     (.common:right_calibration_value)
                  2000113c    00000004     (.common:risingEdge)
                  20001140    00000001     (.common:isRisingEdge)
                  20001141    00000001     (.common:uart_data)
                  20001142    00000001     (.common:uart_flag)

.data      0    20001144    00000045     UNINITIALIZED
                  20001144    00000020     open_interface.obj (.data)
                  20001164    0000000c     lab8_main.obj (.data:smallWidth)
                  20001170    00000008     rtsv7M4_T_le_v4SPD16_eabi.lib : _lock.c.obj (.data:$O1$$)
                  20001178    00000008                                   : memory.c.obj (.data:$O1$$)
                  20001180    00000004     libcybotScan.lib : cyBot_Scan.obj (.data)
                  20001184    00000004     rtsv7M4_T_le_v4SPD16_eabi.lib : errno.c.obj (.data)
                  20001188    00000001     Timer.obj (.data)

__llvm_prf_cnts 
*          0    20000000    00000000     UNINITIALIZED

MODULE SUMMARY

       Module                         code    ro data   rw data
       ------                         ----    -------   -------
    .\
       open_interface.obj             3128    15        56     
       lab8_main.obj                  1804    90        604    
       lcd.obj                        824     8         84     
       tm4c123gh6pm_startup_ccs.obj   12      620       0      
       Timer.obj                      584     0         5      
       movement.obj                   508     0         0      
       uart.obj                       424     0         2      
       adc.obj                        244     0         0      
    +--+------------------------------+-------+---------+---------+
       Total:                         7528    733       751    
                                                               
    ../libcybotScan.lib
       cyBot_Scan.obj                 608     0         4      
       ping.obj                       492     0         13     
       servo.obj                      344     0         0      
       ir.obj                         280     0         4      
    +--+------------------------------+-------+---------+---------+
       Total:                         1724    0         21     
                                                               
    C:/ti/TivaWare_C_Series-2.2.0.295/driverlib/ccs/Debug/driverlib.lib
       interrupt.obj                  68      0         620    
       cpu.obj                        12      0         0      
    +--+------------------------------+-------+---------+---------+
       Total:                         80      0         620    
                                                               
    C:\ti\ccs1230\ccs\tools\compiler\ti-cgt-arm_20.2.7.LTS\lib\rtsv7M4_T_le_v4SPD16_eabi.lib
       _printfi.c.obj                 4851    0         0      
       e_pow.c.obj                    2512    48        0      
       memory.c.obj                   728     0         8      
       fd_add_t2.asm.obj              438     0         0      
       e_sqrt.c.obj                   344     0         0      
       fd_div_t2.asm.obj              310     0         0      
       s_scalbn.c.obj                 272     0         0      
       fd_cmp_t2.asm.obj              268     0         0      
       ctype.c.obj                    0       257       0      
       fd_mul_t2.asm.obj              252     0         0      
       memcpy_t2.asm.obj              156     0         0      
       ull_div_t2.asm.obj             150     0         0      
       snprintf.c.obj                 148     0         0      
       vsnprintf.c.obj                136     0         0      
       memset_t2.asm.obj              122     0         0      
       fd_tos_t2.asm.obj              110     0         0      
       copy_decompress_lzss.c.obj     104     0         0      
       s_frexp.c.obj                  100     0         0      
       _ltoa.c.obj                    84      0         0      
       atoi.c.obj                     76      0         0      
       fd_toi_t2.asm.obj              72      0         0      
       autoinit.c.obj                 68      0         0      
       fs_tod_t2.asm.obj              56      0         0      
       boot_cortex_m.c.obj            52      0         0      
       i_tofd_t2.asm.obj              46      0         0      
       memccpy.c.obj                  28      0         0      
       s_copysign.c.obj               26      0         0      
       strcmp.c.obj                   24      0         0      
       strchr.c.obj                   22      0         0      
       strcpy.c.obj                   20      0         0      
       strlen.c.obj                   20      0         0      
       wcslen.c.obj                   18      0         0      
       copy_decompress_none.c.obj     14      0         0      
       copy_zero_init.c.obj           12      0         0      
       errno.c.obj                    8       0         4      
       _lock.c.obj                    2       0         8      
       exit.c.obj                     4       0         0      
       pre_init.c.obj                 4       0         0      
       div0.asm.obj                   2       0         0      
    +--+------------------------------+-------+---------+---------+
       Total:                         11659   305       20     
                                                               
       Heap:                          0       0         1024   
       Stack:                         0       0         2048   
       Linker Generated:              0       91        0      
    +--+------------------------------+-------+---------+---------+
       Grand Total:                   20991   1129      4484   


LINKER GENERATED COPY TABLES

__TI_cinit_table @ 00005668 records: 3, size/record: 8, table size: 24
	.data: load addr=00005620, load size=00000027 bytes, run addr=20001144, run size=00000045 bytes, compression=lzss
	.bss: load addr=00005658, load size=00000008 bytes, run addr=20000e70, run size=000002d3 bytes, compression=zero_init
	.vtable: load addr=00005660, load size=00000008 bytes, run addr=20000000, run size=0000026c bytes, compression=zero_init


LINKER GENERATED HANDLER TABLE

__TI_handler_table @ 00005648 records: 3, size/record: 4, table size: 12
	index: 0, handler: __TI_zero_init
	index: 1, handler: __TI_decompress_lzss
	index: 2, handler: __TI_decompress_none


GLOBAL SYMBOLS: SORTED ALPHABETICALLY BY Name 

address   name                          
-------   ----                          
000043f1  ADC0SS0_Handler               
0000230f  ADCscan                       
00005471  C$$EXIT                       
00005439  CPUcpsie                      
00000bc3  GPIOF_Handler                 
0000540b  IntMasterEnable               
000051e9  IntRegister                   
00005451  ResetISR                      
000036e5  TIMER3B_Handler               
20000a70  __STACK_END                   
00000800  __STACK_SIZE                  
20000470  __STACK_TOP                   
00000400  __SYSMEM_SIZE                 
00005668  __TI_CINIT_Base               
00005680  __TI_CINIT_Limit              
00005648  __TI_Handler_Table_Base       
00005654  __TI_Handler_Table_Limit      
000050b5  __TI_auto_init_nobinit_nopinit
00004e0d  __TI_decompress_lzss          
0000542b  __TI_decompress_none          
00004f2f  __TI_ltoa                     
ffffffff  __TI_pprof_out_hndl           
00000e8d  __TI_printfi                  
ffffffff  __TI_prof_data_size           
ffffffff  __TI_prof_data_start          
00000000  __TI_static_base__            
00005445  __TI_zero_init                
00004b39  __aeabi_cdcmpeq               
00004b39  __aeabi_cdcmple               
00004bbf  __aeabi_cdrcmple              
00004d9f  __aeabi_d2f                   
0000506d  __aeabi_d2iz                  
000039bb  __aeabi_dadd                  
000040fd  __aeabi_ddiv                  
00004681  __aeabi_dmul                  
000039b1  __aeabi_dsub                  
0000545d  __aeabi_errno_addr            
000051b1  __aeabi_f2d                   
000052b1  __aeabi_i2d                   
00003b67  __aeabi_idiv0                 
00003b67  __aeabi_ldiv0                 
00004c45  __aeabi_memclr                
00004c45  __aeabi_memclr4               
00004c45  __aeabi_memclr8               
00004a07  __aeabi_memcpy                
00004a07  __aeabi_memcpy4               
00004a07  __aeabi_memcpy8               
00004c47  __aeabi_memset                
00004c47  __aeabi_memset4               
00004c47  __aeabi_memset8               
00004aa3  __aeabi_uldivmod              
ffffffff  __binit__                     
ffffffff  __c_args__                    
UNDEFED   __mpu_init                    
20000270  __stack                       
20000000  __start___llvm_prf_cnts       
20000000  __stop___llvm_prf_cnts        
0000521d  _c_int00_noargs               
00005478  _ctypes_                      
20001170  _lock                         
000018db  _nop                          
20001188  _running                      
20000a70  _sys_memory                   
UNDEFED   _system_post_cinit            
0000546d  _system_pre_init              
2000111c  _timeout_ticks                
20001174  _unlock                       
00005471  abort                         
0000477d  adc_init                      
00004813  adc_read                      
00004581  aligned_alloc                 
00004fd5  atoi                          
ffffffff  binit                         
20000fdc  buffer                        
0000345f  bump                          
00005179  calloc                        
00005341  copysign                      
00005341  copysignl                     
00003029  cyBOT_SERVO_cal               
00002fb7  cyBOT_Scan                    
00002f5f  cyBOT_init_Scan               
20001180  cyBOT_scan_features           
00002f51  cyBOT_scan_version            
20001120  data                          
20000e70  dataArr                       
20001124  dist                          
000022dd  driveTo                       
20001184  errno                         
20001128  fallingEdge                   
00004871  free                          
00004e75  frexp                         
00004e75  frexpl                        
20000000  g_pfnRAMVectors               
00000000  g_pfnVectors                  
0000097f  go_charge                     
00004407  ir_enableInterrupt            
000043e9  ir_getDistance                
000043c1  ir_getValue                   
00004359  ir_init                       
20001140  isRisingEdge                  
2000112c  isr_int_value                 
0000541b  lcd_clear                     
00002b8d  lcd_gotoLine                  
000029f5  lcd_init                      
00002bf3  lcd_printf                    
00002ab5  lcd_putc                      
00002aed  lcd_puts                      
000029b9  lcd_reverseNibble             
00002b0b  lcd_sendCommand               
00002b49  lcd_sendNibble                
00002bb5  lcd_setCursorPos              
00004471  ldexp                         
00004471  ldexpl                        
20001130  left_calibration_value        
00002865  main                          
00005465  malloc                        
00004581  memalign                      
00005325  memccpy                       
00004a07  memcpy                        
00004c4d  memset                        
20001144  motor_cal_factor_L            
20001148  motor_cal_factor_R            
00003577  move_backward                 
000033f9  move_forward                  
20001040  objArr                        
0000026d  oi_alloc                      
00000aa9  oi_checkFirmware              
000002c7  oi_close                      
00000279  oi_free                       
00000ded  oi_getMotorCalibrationLeft    
00000e01  oi_getMotorCalibrationRight   
000002b1  oi_init                       
00000289  oi_init_noupdate              
00000915  oi_loadSong                   
0000538b  oi_parseInt                   
0000032b  oi_parsePacket                
0000096b  oi_play_song                  
0000084b  oi_setLeds                    
00000db1  oi_setMotorCalibration        
0000088f  oi_setWheels                  
00000b51  oi_shutoff_init               
0000098d  oi_uartInit                   
00000a31  oi_uartReceive                
00000a77  oi_uartSendBuff               
00000a15  oi_uartSendChar               
00000a59  oi_uartSendStr                
000002d9  oi_update                     
00002739  part4                         
00003737  ping_getDistance              
000035f5  ping_init                     
0000367b  ping_trigger                  
20001110  position                      
000018dd  pow                           
000018dd  powl                          
000022ad  printString                   
20001134  pulseLength                   
20001138  right_calibration_value       
2000113c  risingEdge                    
00004471  scalbn                        
00004471  scalbnl                       
00003d11  servo_init                    
00003da1  servo_move                    
00003e01  servo_setPWM                  
00003d95  servo_stop                    
20001164  smallWidth                    
00005021  snprintf                      
00003e69  sqrt                          
00003e69  sqrtl                         
000053bb  strchr                        
000053a3  strcmp                        
000053d1  strcpy                        
000053e5  strlen                        
000032cf  timer_getMicros               
00003277  timer_getMillis               
000031b1  timer_init                    
00003253  timer_pause                   
00003265  timer_resume                  
00003229  timer_stop                    
00003329  timer_waitMicros              
0000335b  timer_waitMillis              
00003519  turn_ccw                      
000034bb  turn_clockwise                
00003c95  uart1_Handler                 
00003c2b  uart_byte_to_recive           
20001141  uart_data                     
20001142  uart_flag                     
00003b69  uart_init                     
00003c75  uart_interrupt_init           
00003c3b  uart_receive                  
00003c0f  uart_sendChar                 
00003c57  uart_sendStr                  
000050f9  vsnprintf                     
000053f9  wcslen                        


GLOBAL SYMBOLS: SORTED BY Symbol Address 

address   name                          
-------   ----                          
00000000  __TI_static_base__            
00000000  g_pfnVectors                  
0000026d  oi_alloc                      
00000279  oi_free                       
00000289  oi_init_noupdate              
000002b1  oi_init                       
000002c7  oi_close                      
000002d9  oi_update                     
0000032b  oi_parsePacket                
00000400  __SYSMEM_SIZE                 
00000800  __STACK_SIZE                  
0000084b  oi_setLeds                    
0000088f  oi_setWheels                  
00000915  oi_loadSong                   
0000096b  oi_play_song                  
0000097f  go_charge                     
0000098d  oi_uartInit                   
00000a15  oi_uartSendChar               
00000a31  oi_uartReceive                
00000a59  oi_uartSendStr                
00000a77  oi_uartSendBuff               
00000aa9  oi_checkFirmware              
00000b51  oi_shutoff_init               
00000bc3  GPIOF_Handler                 
00000db1  oi_setMotorCalibration        
00000ded  oi_getMotorCalibrationLeft    
00000e01  oi_getMotorCalibrationRight   
00000e8d  __TI_printfi                  
000018db  _nop                          
000018dd  pow                           
000018dd  powl                          
000022ad  printString                   
000022dd  driveTo                       
0000230f  ADCscan                       
00002739  part4                         
00002865  main                          
000029b9  lcd_reverseNibble             
000029f5  lcd_init                      
00002ab5  lcd_putc                      
00002aed  lcd_puts                      
00002b0b  lcd_sendCommand               
00002b49  lcd_sendNibble                
00002b8d  lcd_gotoLine                  
00002bb5  lcd_setCursorPos              
00002bf3  lcd_printf                    
00002f51  cyBOT_scan_version            
00002f5f  cyBOT_init_Scan               
00002fb7  cyBOT_Scan                    
00003029  cyBOT_SERVO_cal               
000031b1  timer_init                    
00003229  timer_stop                    
00003253  timer_pause                   
00003265  timer_resume                  
00003277  timer_getMillis               
000032cf  timer_getMicros               
00003329  timer_waitMicros              
0000335b  timer_waitMillis              
000033f9  move_forward                  
0000345f  bump                          
000034bb  turn_clockwise                
00003519  turn_ccw                      
00003577  move_backward                 
000035f5  ping_init                     
0000367b  ping_trigger                  
000036e5  TIMER3B_Handler               
00003737  ping_getDistance              
000039b1  __aeabi_dsub                  
000039bb  __aeabi_dadd                  
00003b67  __aeabi_idiv0                 
00003b67  __aeabi_ldiv0                 
00003b69  uart_init                     
00003c0f  uart_sendChar                 
00003c2b  uart_byte_to_recive           
00003c3b  uart_receive                  
00003c57  uart_sendStr                  
00003c75  uart_interrupt_init           
00003c95  uart1_Handler                 
00003d11  servo_init                    
00003d95  servo_stop                    
00003da1  servo_move                    
00003e01  servo_setPWM                  
00003e69  sqrt                          
00003e69  sqrtl                         
000040fd  __aeabi_ddiv                  
00004359  ir_init                       
000043c1  ir_getValue                   
000043e9  ir_getDistance                
000043f1  ADC0SS0_Handler               
00004407  ir_enableInterrupt            
00004471  ldexp                         
00004471  ldexpl                        
00004471  scalbn                        
00004471  scalbnl                       
00004581  aligned_alloc                 
00004581  memalign                      
00004681  __aeabi_dmul                  
0000477d  adc_init                      
00004813  adc_read                      
00004871  free                          
00004a07  __aeabi_memcpy                
00004a07  __aeabi_memcpy4               
00004a07  __aeabi_memcpy8               
00004a07  memcpy                        
00004aa3  __aeabi_uldivmod              
00004b39  __aeabi_cdcmpeq               
00004b39  __aeabi_cdcmple               
00004bbf  __aeabi_cdrcmple              
00004c45  __aeabi_memclr                
00004c45  __aeabi_memclr4               
00004c45  __aeabi_memclr8               
00004c47  __aeabi_memset                
00004c47  __aeabi_memset4               
00004c47  __aeabi_memset8               
00004c4d  memset                        
00004d9f  __aeabi_d2f                   
00004e0d  __TI_decompress_lzss          
00004e75  frexp                         
00004e75  frexpl                        
00004f2f  __TI_ltoa                     
00004fd5  atoi                          
00005021  snprintf                      
0000506d  __aeabi_d2iz                  
000050b5  __TI_auto_init_nobinit_nopinit
000050f9  vsnprintf                     
00005179  calloc                        
000051b1  __aeabi_f2d                   
000051e9  IntRegister                   
0000521d  _c_int00_noargs               
000052b1  __aeabi_i2d                   
00005325  memccpy                       
00005341  copysign                      
00005341  copysignl                     
0000538b  oi_parseInt                   
000053a3  strcmp                        
000053bb  strchr                        
000053d1  strcpy                        
000053e5  strlen                        
000053f9  wcslen                        
0000540b  IntMasterEnable               
0000541b  lcd_clear                     
0000542b  __TI_decompress_none          
00005439  CPUcpsie                      
00005445  __TI_zero_init                
00005451  ResetISR                      
0000545d  __aeabi_errno_addr            
00005465  malloc                        
0000546d  _system_pre_init              
00005471  C$$EXIT                       
00005471  abort                         
00005478  _ctypes_                      
00005648  __TI_Handler_Table_Base       
00005654  __TI_Handler_Table_Limit      
00005668  __TI_CINIT_Base               
00005680  __TI_CINIT_Limit              
20000000  __start___llvm_prf_cnts       
20000000  __stop___llvm_prf_cnts        
20000000  g_pfnRAMVectors               
20000270  __stack                       
20000470  __STACK_TOP                   
20000a70  __STACK_END                   
20000a70  _sys_memory                   
20000e70  dataArr                       
20000fdc  buffer                        
20001040  objArr                        
20001110  position                      
2000111c  _timeout_ticks                
20001120  data                          
20001124  dist                          
20001128  fallingEdge                   
2000112c  isr_int_value                 
20001130  left_calibration_value        
20001134  pulseLength                   
20001138  right_calibration_value       
2000113c  risingEdge                    
20001140  isRisingEdge                  
20001141  uart_data                     
20001142  uart_flag                     
20001144  motor_cal_factor_L            
20001148  motor_cal_factor_R            
20001164  smallWidth                    
20001170  _lock                         
20001174  _unlock                       
20001180  cyBOT_scan_features           
20001184  errno                         
20001188  _running                      
ffffffff  __TI_pprof_out_hndl           
ffffffff  __TI_prof_data_size           
ffffffff  __TI_prof_data_start          
ffffffff  __binit__                     
ffffffff  __c_args__                    
ffffffff  binit                         
UNDEFED   __mpu_init                    
UNDEFED   _system_post_cinit            

[193 symbols]
