******************************************************************************
                  TI ARM Linker PC v20.2.7                     
******************************************************************************
>> Linked Mon Nov 13 10:12:27 2023

OUTPUT FILE NAME:   <lab_9.out>
ENTRY POINT SYMBOL: "_c_int00_noargs"  address: 00002831


MEMORY CONFIGURATION

         name            origin    length      used     unused   attr    fill
----------------------  --------  ---------  --------  --------  ----  --------
  FLASH                 00000000   00040000  00002b7d  0003d483  R  X
  SRAM                  20000000   00008000  00000b0e  000074f2  RW X


SEGMENT ALLOCATION MAP

run origin  load origin   length   init length attrs members
----------  ----------- ---------- ----------- ----- -------
00000000    00000000    00002b80   00002b80    r-x
  00000000    00000000    0000026c   0000026c    r-- .intvecs
  0000026c    0000026c    000027c8   000027c8    r-x .text
  00002a34    00002a34    00000109   00000109    r-- .const
  00002b40    00002b40    00000040   00000040    r-- .cinit
20000000    20000000    00000b15   00000000    rw-
  20000000    20000000    0000026c   00000000    rw- .vtable
  20000270    20000270    00000800   00000000    rw- .stack
  20000a70    20000a70    00000099   00000000    rw- .bss
  20000b0c    20000b0c    00000009   00000000    rw- .data


SECTION ALLOCATION MAP

 output                                  attributes/
section   page    origin      length       input sections
--------  ----  ----------  ----------   ----------------
.intvecs   0    00000000    0000026c     
                  00000000    0000026c     tm4c123gh6pm_startup_ccs.obj (.intvecs)

.text      0    0000026c    000027c8     
                  0000026c    00000a4e     rtsv7M4_T_le_v4SPD16_eabi.lib : _printfi.c.obj (.text:__TI_printfi)
                  00000cba    00000002                                   : div0.asm.obj (.text)
                  00000cbc    00000328     lcd.obj (.text)
                  00000fe4    00000270     rtsv7M4_T_le_v4SPD16_eabi.lib : _printfi.c.obj (.text:_pconv_a)
                  00001254    00000248     Timer.obj (.text)
                  0000149c    000001d0     rtsv7M4_T_le_v4SPD16_eabi.lib : _printfi.c.obj (.text:_pconv_g)
                  0000166c    000001cc     ping.obj (.text)
                  00001838    000001b6     rtsv7M4_T_le_v4SPD16_eabi.lib : fd_add_t2.asm.obj (.text)
                  000019ee    00000002     --HOLE-- [fill = 0]
                  000019f0    0000013c                                   : _printfi.c.obj (.text:_pconv_e)
                  00001b2c    00000136                                   : fd_div_t2.asm.obj (.text)
                  00001c62    00000002     --HOLE-- [fill = 0]
                  00001c64    00000124                                   : _printfi.c.obj (.text:fcvt)
                  00001d88    00000124     lab9_main.obj (.text)
                  00001eac    00000110     rtsv7M4_T_le_v4SPD16_eabi.lib : s_scalbn.c.obj (.text:scalbn)
                  00001fbc    000000fc                                   : fd_mul_t2.asm.obj (.text)
                  000020b8    000000b1                                   : _printfi.c.obj (.text:_ltostr)
                  00002169    00000001     --HOLE-- [fill = 0]
                  0000216a    0000009c                                   : memcpy_t2.asm.obj (.text)
                  00002206    00000096                                   : ull_div_t2.asm.obj (.text)
                  0000229c    00000086                                   : fd_cmp_t2.asm.obj (.text:__aeabi_cdcmple)
                  00002322    00000086                                   : fd_cmp_t2.asm.obj (.text:__aeabi_cdrcmple)
                  000023a8    0000007a                                   : memset_t2.asm.obj (.text)
                  00002422    0000006e                                   : _printfi.c.obj (.text:_mcpy)
                  00002490    00000068                                   : copy_decompress_lzss.c.obj (.text:decompress:lzss:__TI_decompress_lzss)
                  000024f8    00000064                                   : s_frexp.c.obj (.text:frexp)
                  0000255c    00000056                                   : _printfi.c.obj (.text:_pconv_f)
                  000025b2    00000054                                   : _ltoa.c.obj (.text:__TI_ltoa)
                  00002606    00000052                                   : _printfi.c.obj (.text:_ecpy)
                  00002658    0000004c                                   : atoi.c.obj (.text:atoi)
                  000026a4    0000004c                                   : snprintf.c.obj (.text:snprintf)
                  000026f0    00000048                                   : fd_toi_t2.asm.obj (.text)
                  00002738    00000044                                   : autoinit.c.obj (.text:__TI_auto_init_nobinit_nopinit:__TI_auto_init_nobinit_nopinit)
                  0000277c    00000040                                   : vsnprintf.c.obj (.text:vsnprintf)
                  000027bc    0000003e                                   : _printfi.c.obj (.text:_fcpy)
                  000027fa    00000002     --HOLE-- [fill = 0]
                  000027fc    00000034     driverlib.lib : interrupt.obj (.text:IntRegister)
                  00002830    00000034     rtsv7M4_T_le_v4SPD16_eabi.lib : boot_cortex_m.c.obj (.text:_c_int00_noargs:_c_int00_noargs)
                  00002864    00000030                                   : snprintf.c.obj (.text:_outs)
                  00002894    00000030                                   : vsnprintf.c.obj (.text:_outs)
                  000028c4    0000002e                                   : i_tofd_t2.asm.obj (.text)
                  000028f2    0000001c                                   : copy_zero_init.c.obj (.text:decompress:ZI:__TI_zero_init_nomemset:__TI_zero_init_nomemset)
                  0000290e    0000001c                                   : memccpy.c.obj (.text:memccpy)
                  0000292a    0000001a                                   : s_copysign.c.obj (.text:copysign)
                  00002944    00000018                                   : snprintf.c.obj (.text:_outc)
                  0000295c    00000018                                   : vsnprintf.c.obj (.text:_outc)
                  00002974    00000018                                   : strcmp.c.obj (.text:strcmp)
                  0000298c    00000016                                   : strchr.c.obj (.text:strchr)
                  000029a2    00000014                                   : strcpy.c.obj (.text:strcpy)
                  000029b6    00000014                                   : strlen.c.obj (.text:strlen)
                  000029ca    00000012                                   : wcslen.c.obj (.text:wcslen)
                  000029dc    00000010     driverlib.lib : interrupt.obj (.text:IntMasterEnable)
                  000029ec    00000010     lcd.obj (.text:lcd_clear)
                  000029fc    0000000e     rtsv7M4_T_le_v4SPD16_eabi.lib : copy_decompress_none.c.obj (.text:decompress:none:__TI_decompress_none)
                  00002a0a    0000000c     driverlib.lib : cpu.obj (.text:CPUcpsie)
                  00002a16    0000000c     tm4c123gh6pm_startup_ccs.obj (.text)
                  00002a22    00000002     --HOLE-- [fill = 0]
                  00002a24    00000008     rtsv7M4_T_le_v4SPD16_eabi.lib : errno.c.obj (.text:__aeabi_errno_addr)
                  00002a2c    00000004                                   : pre_init.c.obj (.text:_system_pre_init)
                  00002a30    00000004                                   : exit.c.obj (.text:abort:abort)

.const     0    00002a34    00000109     
                  00002a34    00000101     rtsv7M4_T_le_v4SPD16_eabi.lib : ctype.c.obj (.const:.string:_ctypes_)
                  00002b35    00000004     lcd.obj (.const:.string:lineAddress$1)
                  00002b39    00000004     lcd.obj (.const:.string:lineAddresses$2)

.cinit     0    00002b40    00000040     
                  00002b40    0000000c     (__TI_handler_table)
                  00002b4c    00000004     --HOLE-- [fill = 0]
                  00002b50    00000008     (.cinit..bss.load) [load image, compression = zero_init]
                  00002b58    00000008     (.cinit..vtable.load) [load image, compression = zero_init]
                  00002b60    00000007     (.cinit..data.load) [load image, compression = lzss]
                  00002b67    00000001     --HOLE-- [fill = 0]
                  00002b68    00000018     (__TI_cinit_table)

.init_array 
*          0    00000000    00000000     UNINITIALIZED

.vtable    0    20000000    0000026c     UNINITIALIZED
                  20000000    0000026c     driverlib.lib : interrupt.obj (.vtable)

.bss       0    20000a70    00000099     UNINITIALIZED
                  20000a70    00000054     lcd.obj (.bss:lastbuffer$3)
                  20000ac4    00000034     (.common:msg)
                  20000af8    00000004     (.common:_timeout_ticks)
                  20000afc    00000004     (.common:falling_time)
                  20000b00    00000004     (.common:pulse_time)
                  20000b04    00000004     (.common:rising_time)
                  20000b08    00000001     (.common:state)

.data      0    20000b0c    00000009     UNINITIALIZED
                  20000b0c    00000004     lab9_main.obj (.data)
                  20000b10    00000004     rtsv7M4_T_le_v4SPD16_eabi.lib : errno.c.obj (.data)
                  20000b14    00000001     Timer.obj (.data)

.stack     0    20000270    00000800     UNINITIALIZED
                  20000270    00000004     rtsv7M4_T_le_v4SPD16_eabi.lib : boot_cortex_m.c.obj (.stack)
                  20000274    000007fc     --HOLE--

__llvm_prf_cnts 
*          0    20000000    00000000     UNINITIALIZED

MODULE SUMMARY

       Module                         code    ro data   rw data
       ------                         ----    -------   -------
    .\
       lcd.obj                        824     8         84     
       tm4c123gh6pm_startup_ccs.obj   12      620       0      
       Timer.obj                      584     0         5      
       ping.obj                       460     0         0      
       lab9_main.obj                  292     0         69     
    +--+------------------------------+-------+---------+---------+
       Total:                         2172    628       158    
                                                               
    C:/ti/TivaWare_C_Series-2.2.0.295/driverlib/ccs/Debug/driverlib.lib
       interrupt.obj                  68      0         620    
       cpu.obj                        12      0         0      
    +--+------------------------------+-------+---------+---------+
       Total:                         80      0         620    
                                                               
    C:\ti\ccs1230\ccs\tools\compiler\ti-cgt-arm_20.2.7.LTS\lib\rtsv7M4_T_le_v4SPD16_eabi.lib
       _printfi.c.obj                 4851    0         0      
       fd_add_t2.asm.obj              438     0         0      
       fd_div_t2.asm.obj              310     0         0      
       s_scalbn.c.obj                 272     0         0      
       fd_cmp_t2.asm.obj              268     0         0      
       ctype.c.obj                    0       257       0      
       fd_mul_t2.asm.obj              252     0         0      
       memcpy_t2.asm.obj              156     0         0      
       ull_div_t2.asm.obj             150     0         0      
       snprintf.c.obj                 148     0         0      
       vsnprintf.c.obj                136     0         0      
       memset_t2.asm.obj              122     0         0      
       copy_decompress_lzss.c.obj     104     0         0      
       s_frexp.c.obj                  100     0         0      
       _ltoa.c.obj                    84      0         0      
       atoi.c.obj                     76      0         0      
       fd_toi_t2.asm.obj              72      0         0      
       autoinit.c.obj                 68      0         0      
       boot_cortex_m.c.obj            52      0         0      
       i_tofd_t2.asm.obj              46      0         0      
       copy_zero_init.c.obj           28      0         0      
       memccpy.c.obj                  28      0         0      
       s_copysign.c.obj               26      0         0      
       strcmp.c.obj                   24      0         0      
       strchr.c.obj                   22      0         0      
       strcpy.c.obj                   20      0         0      
       strlen.c.obj                   20      0         0      
       wcslen.c.obj                   18      0         0      
       copy_decompress_none.c.obj     14      0         0      
       errno.c.obj                    8       0         4      
       exit.c.obj                     4       0         0      
       pre_init.c.obj                 4       0         0      
       div0.asm.obj                   2       0         0      
    +--+------------------------------+-------+---------+---------+
       Total:                         7923    257       4      
                                                               
       Stack:                         0       0         2048   
       Linker Generated:              0       59        0      
    +--+------------------------------+-------+---------+---------+
       Grand Total:                   10175   944       2830   


LINKER GENERATED COPY TABLES

__TI_cinit_table @ 00002b68 records: 3, size/record: 8, table size: 24
	.bss: load addr=00002b50, load size=00000008 bytes, run addr=20000a70, run size=00000099 bytes, compression=zero_init
	.vtable: load addr=00002b58, load size=00000008 bytes, run addr=20000000, run size=0000026c bytes, compression=zero_init
	.data: load addr=00002b60, load size=00000007 bytes, run addr=20000b0c, run size=00000009 bytes, compression=lzss


LINKER GENERATED HANDLER TABLE

__TI_handler_table @ 00002b40 records: 3, size/record: 4, table size: 12
	index: 0, handler: __TI_zero_init
	index: 1, handler: __TI_decompress_lzss
	index: 2, handler: __TI_decompress_none


GLOBAL SYMBOLS: SORTED ALPHABETICALLY BY Name 

address   name                          
-------   ----                          
00002a31  C$$EXIT                       
00002a0b  CPUcpsie                      
000029dd  IntMasterEnable               
000027fd  IntRegister                   
00002a17  ResetISR                      
000017a3  TIMER3B_Handler               
20000a70  __STACK_END                   
00000800  __STACK_SIZE                  
20000470  __STACK_TOP                   
00002b68  __TI_CINIT_Base               
00002b80  __TI_CINIT_Limit              
00002b40  __TI_Handler_Table_Base       
00002b4c  __TI_Handler_Table_Limit      
00002739  __TI_auto_init_nobinit_nopinit
00002491  __TI_decompress_lzss          
000029fd  __TI_decompress_none          
000025b3  __TI_ltoa                     
ffffffff  __TI_pprof_out_hndl           
0000026d  __TI_printfi                  
ffffffff  __TI_prof_data_size           
ffffffff  __TI_prof_data_start          
00000000  __TI_static_base__            
000028f3  __TI_zero_init_nomemset       
0000229d  __aeabi_cdcmpeq               
0000229d  __aeabi_cdcmple               
00002323  __aeabi_cdrcmple              
000026f1  __aeabi_d2iz                  
00001843  __aeabi_dadd                  
00001b2d  __aeabi_ddiv                  
00001fbd  __aeabi_dmul                  
00001839  __aeabi_dsub                  
00002a25  __aeabi_errno_addr            
000028c5  __aeabi_i2d                   
00000cbb  __aeabi_idiv0                 
00000cbb  __aeabi_ldiv0                 
000023a9  __aeabi_memclr                
000023a9  __aeabi_memclr4               
000023a9  __aeabi_memclr8               
0000216b  __aeabi_memcpy                
0000216b  __aeabi_memcpy4               
0000216b  __aeabi_memcpy8               
000023ab  __aeabi_memset                
000023ab  __aeabi_memset4               
000023ab  __aeabi_memset8               
00002207  __aeabi_uldivmod              
ffffffff  __binit__                     
ffffffff  __c_args__                    
UNDEFED   __mpu_init                    
20000270  __stack                       
20000000  __start___llvm_prf_cnts       
20000000  __stop___llvm_prf_cnts        
00002831  _c_int00_noargs               
00002a34  _ctypes_                      
20000b14  _running                      
UNDEFED   _system_post_cinit            
00002a2d  _system_pre_init              
20000af8  _timeout_ticks                
00002a31  abort                         
00002659  atoi                          
ffffffff  binit                         
0000292b  copysign                      
0000292b  copysignl                     
20000b10  errno                         
20000afc  falling_time                  
000024f9  frexp                         
000024f9  frexpl                        
20000000  g_pfnRAMVectors               
00000000  g_pfnVectors                  
000029ed  lcd_clear                     
00000e91  lcd_gotoLine                  
00000cf9  lcd_init                      
00000ef7  lcd_printf                    
00000db9  lcd_putc                      
00000df1  lcd_puts                      
00000cbd  lcd_reverseNibble             
00000e0f  lcd_sendCommand               
00000e4d  lcd_sendNibble                
00000eb9  lcd_setCursorPos              
00001ead  ldexp                         
00001ead  ldexpl                        
00001e33  main                          
0000290f  memccpy                       
0000216b  memcpy                        
000023b1  memset                        
20000ac4  msg                           
20000b0c  overflow                      
00001d89  part2                         
00001dcb  part3                         
0000166d  ping_init                     
00001781  ping_read                     
20000b00  pulse_time                    
20000b04  rising_time                   
00001ead  scalbn                        
00001ead  scalbnl                       
00001707  sendTrigger                   
000026a5  snprintf                      
20000b08  state                         
0000298d  strchr                        
00002975  strcmp                        
000029a3  strcpy                        
000029b7  strlen                        
00001373  timer_getMicros               
0000131b  timer_getMillis               
00001255  timer_init                    
000012f7  timer_pause                   
00001309  timer_resume                  
000012cd  timer_stop                    
000013cd  timer_waitMicros              
000013ff  timer_waitMillis              
0000277d  vsnprintf                     
000029cb  wcslen                        


GLOBAL SYMBOLS: SORTED BY Symbol Address 

address   name                          
-------   ----                          
00000000  __TI_static_base__            
00000000  g_pfnVectors                  
0000026d  __TI_printfi                  
00000800  __STACK_SIZE                  
00000cbb  __aeabi_idiv0                 
00000cbb  __aeabi_ldiv0                 
00000cbd  lcd_reverseNibble             
00000cf9  lcd_init                      
00000db9  lcd_putc                      
00000df1  lcd_puts                      
00000e0f  lcd_sendCommand               
00000e4d  lcd_sendNibble                
00000e91  lcd_gotoLine                  
00000eb9  lcd_setCursorPos              
00000ef7  lcd_printf                    
00001255  timer_init                    
000012cd  timer_stop                    
000012f7  timer_pause                   
00001309  timer_resume                  
0000131b  timer_getMillis               
00001373  timer_getMicros               
000013cd  timer_waitMicros              
000013ff  timer_waitMillis              
0000166d  ping_init                     
00001707  sendTrigger                   
00001781  ping_read                     
000017a3  TIMER3B_Handler               
00001839  __aeabi_dsub                  
00001843  __aeabi_dadd                  
00001b2d  __aeabi_ddiv                  
00001d89  part2                         
00001dcb  part3                         
00001e33  main                          
00001ead  ldexp                         
00001ead  ldexpl                        
00001ead  scalbn                        
00001ead  scalbnl                       
00001fbd  __aeabi_dmul                  
0000216b  __aeabi_memcpy                
0000216b  __aeabi_memcpy4               
0000216b  __aeabi_memcpy8               
0000216b  memcpy                        
00002207  __aeabi_uldivmod              
0000229d  __aeabi_cdcmpeq               
0000229d  __aeabi_cdcmple               
00002323  __aeabi_cdrcmple              
000023a9  __aeabi_memclr                
000023a9  __aeabi_memclr4               
000023a9  __aeabi_memclr8               
000023ab  __aeabi_memset                
000023ab  __aeabi_memset4               
000023ab  __aeabi_memset8               
000023b1  memset                        
00002491  __TI_decompress_lzss          
000024f9  frexp                         
000024f9  frexpl                        
000025b3  __TI_ltoa                     
00002659  atoi                          
000026a5  snprintf                      
000026f1  __aeabi_d2iz                  
00002739  __TI_auto_init_nobinit_nopinit
0000277d  vsnprintf                     
000027fd  IntRegister                   
00002831  _c_int00_noargs               
000028c5  __aeabi_i2d                   
000028f3  __TI_zero_init_nomemset       
0000290f  memccpy                       
0000292b  copysign                      
0000292b  copysignl                     
00002975  strcmp                        
0000298d  strchr                        
000029a3  strcpy                        
000029b7  strlen                        
000029cb  wcslen                        
000029dd  IntMasterEnable               
000029ed  lcd_clear                     
000029fd  __TI_decompress_none          
00002a0b  CPUcpsie                      
00002a17  ResetISR                      
00002a25  __aeabi_errno_addr            
00002a2d  _system_pre_init              
00002a31  C$$EXIT                       
00002a31  abort                         
00002a34  _ctypes_                      
00002b40  __TI_Handler_Table_Base       
00002b4c  __TI_Handler_Table_Limit      
00002b68  __TI_CINIT_Base               
00002b80  __TI_CINIT_Limit              
20000000  __start___llvm_prf_cnts       
20000000  __stop___llvm_prf_cnts        
20000000  g_pfnRAMVectors               
20000270  __stack                       
20000470  __STACK_TOP                   
20000a70  __STACK_END                   
20000ac4  msg                           
20000af8  _timeout_ticks                
20000afc  falling_time                  
20000b00  pulse_time                    
20000b04  rising_time                   
20000b08  state                         
20000b0c  overflow                      
20000b10  errno                         
20000b14  _running                      
ffffffff  __TI_pprof_out_hndl           
ffffffff  __TI_prof_data_size           
ffffffff  __TI_prof_data_start          
ffffffff  __binit__                     
ffffffff  __c_args__                    
ffffffff  binit                         
UNDEFED   __mpu_init                    
UNDEFED   _system_post_cinit            

[111 symbols]
