******************************************************************************
                  TI ARM Linker PC v20.2.7                     
******************************************************************************
>> Linked Sun Oct 15 11:45:09 2023

OUTPUT FILE NAME:   <lab_7.out>
ENTRY POINT SYMBOL: "_c_int00_noargs"  address: 00005265


MEMORY CONFIGURATION

         name            origin    length      used     unused   attr    fill
----------------------  --------  ---------  --------  --------  ----  --------
  FLASH                 00000000   00040000  000056d0  0003a930  R  X
  SRAM                  20000000   00008000  00000f3c  000070c4  RW X


SEGMENT ALLOCATION MAP

run origin  load origin   length   init length attrs members
----------  ----------- ---------- ----------- ----- -------
00000000    00000000    000056d8   000056d8    r-x
  00000000    00000000    0000026c   0000026c    r-- .intvecs
  0000026c    0000026c    00005260   00005260    r-x .text
  000054d0    000054d0    000001b4   000001b4    r-- .const
  00005688    00005688    00000050   00000050    r-- .cinit
20000000    20000000    00000f41   00000000    rw-
  20000000    20000000    0000026c   00000000    rw- .vtable
  20000270    20000270    00000800   00000000    rw- .stack
  20000a70    20000a70    00000400   00000000    rw- .sysmem
  20000e70    20000e70    00000097   00000000    rw- .bss
  20000f08    20000f08    00000039   00000000    rw- .data


SECTION ALLOCATION MAP

 output                                  attributes/
section   page    origin      length       input sections
--------  ----  ----------  ----------   ----------------
.intvecs   0    00000000    0000026c     
                  00000000    0000026c     tm4c123gh6pm_startup_ccs.obj (.intvecs)

.text      0    0000026c    00005260     
                  0000026c    00000c20     open_interface.obj (.text)
                  00000e8c    00000a4e     rtsv7M4_T_le_v4SPD16_eabi.lib : _printfi.c.obj (.text:__TI_printfi)
                  000018da    00000002                                   : _lock.c.obj (.text:_nop)
                  000018dc    000009d0                                   : e_pow.c.obj (.text:pow)
                  000022ac    00000774     lab7_main.obj (.text)
                  00002a20    00000328     lcd.obj (.text)
                  00002d48    0000027c     uart.obj (.text)
                  00002fc4    00000270     rtsv7M4_T_le_v4SPD16_eabi.lib : _printfi.c.obj (.text:_pconv_a)
                  00003234    00000260     libcybotScan.lib : cyBot_Scan.obj (.text)
                  00003494    00000248     Timer.obj (.text)
                  000036dc    000001fc     movement.obj (.text)
                  000038d8    000001ec     libcybotScan.lib : ping.obj (.text)
                  00003ac4    000001d0     rtsv7M4_T_le_v4SPD16_eabi.lib : _printfi.c.obj (.text:_pconv_g)
                  00003c94    000001b6                                   : fd_add_t2.asm.obj (.text)
                  00003e4a    00000002                                   : div0.asm.obj (.text)
                  00003e4c    00000158     libcybotScan.lib : servo.obj (.text)
                  00003fa4    00000158     rtsv7M4_T_le_v4SPD16_eabi.lib : e_sqrt.c.obj (.text:sqrt)
                  000040fc    0000013c                                   : _printfi.c.obj (.text:_pconv_e)
                  00004238    00000136                                   : fd_div_t2.asm.obj (.text)
                  0000436e    00000002     --HOLE-- [fill = 0]
                  00004370    00000124                                   : _printfi.c.obj (.text:fcvt)
                  00004494    00000118     libcybotScan.lib : ir.obj (.text)
                  000045ac    00000110     rtsv7M4_T_le_v4SPD16_eabi.lib : s_scalbn.c.obj (.text:scalbn)
                  000046bc    00000100                                   : memory.c.obj (.text:aligned_alloc)
                  000047bc    000000fc                                   : fd_mul_t2.asm.obj (.text)
                  000048b8    000000e4                                   : memory.c.obj (.text:free)
                  0000499c    000000b1                                   : _printfi.c.obj (.text:_ltostr)
                  00004a4d    00000001     --HOLE-- [fill = 0]
                  00004a4e    0000009c                                   : memcpy_t2.asm.obj (.text)
                  00004aea    00000096                                   : ull_div_t2.asm.obj (.text)
                  00004b80    00000086                                   : fd_cmp_t2.asm.obj (.text:__aeabi_cdcmple)
                  00004c06    00000086                                   : fd_cmp_t2.asm.obj (.text:__aeabi_cdrcmple)
                  00004c8c    0000007a                                   : memset_t2.asm.obj (.text)
                  00004d06    00000002     --HOLE-- [fill = 0]
                  00004d08    00000070                                   : memory.c.obj (.text:split)
                  00004d78    0000006e                                   : _printfi.c.obj (.text:_mcpy)
                  00004de6    0000006e                                   : fd_tos_t2.asm.obj (.text)
                  00004e54    00000068                                   : copy_decompress_lzss.c.obj (.text:decompress:lzss:__TI_decompress_lzss)
                  00004ebc    00000064                                   : s_frexp.c.obj (.text:frexp)
                  00004f20    00000056                                   : _printfi.c.obj (.text:_pconv_f)
                  00004f76    00000054                                   : _ltoa.c.obj (.text:__TI_ltoa)
                  00004fca    00000052                                   : _printfi.c.obj (.text:_ecpy)
                  0000501c    0000004c                                   : atoi.c.obj (.text:atoi)
                  00005068    0000004c                                   : snprintf.c.obj (.text:snprintf)
                  000050b4    00000048                                   : fd_toi_t2.asm.obj (.text)
                  000050fc    00000044                                   : autoinit.c.obj (.text:__TI_auto_init_nobinit_nopinit:__TI_auto_init_nobinit_nopinit)
                  00005140    00000040                                   : vsnprintf.c.obj (.text:vsnprintf)
                  00005180    0000003e                                   : _printfi.c.obj (.text:_fcpy)
                  000051be    00000002     --HOLE-- [fill = 0]
                  000051c0    00000038                                   : memory.c.obj (.text:calloc)
                  000051f8    00000038                                   : fs_tod_t2.asm.obj (.text)
                  00005230    00000034     driverlib.lib : interrupt.obj (.text:IntRegister)
                  00005264    00000034     rtsv7M4_T_le_v4SPD16_eabi.lib : boot_cortex_m.c.obj (.text:_c_int00_noargs:_c_int00_noargs)
                  00005298    00000030                                   : snprintf.c.obj (.text:_outs)
                  000052c8    00000030                                   : vsnprintf.c.obj (.text:_outs)
                  000052f8    0000002e                                   : i_tofd_t2.asm.obj (.text)
                  00005326    00000002     --HOLE-- [fill = 0]
                  00005328    00000028                                   : memory.c.obj (.text:free_list_insert)
                  00005350    0000001c                                   : copy_zero_init.c.obj (.text:decompress:ZI:__TI_zero_init_nomemset:__TI_zero_init_nomemset)
                  0000536c    0000001c                                   : memory.c.obj (.text:free_list_remove)
                  00005388    0000001c                                   : memccpy.c.obj (.text:memccpy)
                  000053a4    0000001a                                   : s_copysign.c.obj (.text:copysign)
                  000053be    00000018                                   : snprintf.c.obj (.text:_outc)
                  000053d6    00000018                                   : vsnprintf.c.obj (.text:_outc)
                  000053ee    00000018     open_interface.obj (.text:oi_parseInt)
                  00005406    00000018     rtsv7M4_T_le_v4SPD16_eabi.lib : strcmp.c.obj (.text:strcmp)
                  0000541e    00000016                                   : strchr.c.obj (.text:strchr)
                  00005434    00000014                                   : strcpy.c.obj (.text:strcpy)
                  00005448    00000014                                   : strlen.c.obj (.text:strlen)
                  0000545c    00000012                                   : wcslen.c.obj (.text:wcslen)
                  0000546e    00000010     driverlib.lib : interrupt.obj (.text:IntMasterEnable)
                  0000547e    00000010     lcd.obj (.text:lcd_clear)
                  0000548e    0000000e     rtsv7M4_T_le_v4SPD16_eabi.lib : copy_decompress_none.c.obj (.text:decompress:none:__TI_decompress_none)
                  0000549c    0000000c     driverlib.lib : cpu.obj (.text:CPUcpsie)
                  000054a8    0000000c     tm4c123gh6pm_startup_ccs.obj (.text)
                  000054b4    00000008     rtsv7M4_T_le_v4SPD16_eabi.lib : errno.c.obj (.text:__aeabi_errno_addr)
                  000054bc    00000008                                   : memory.c.obj (.text:malloc)
                  000054c4    00000004                                   : pre_init.c.obj (.text:_system_pre_init)
                  000054c8    00000004                                   : exit.c.obj (.text:abort:abort)

.const     0    000054d0    000001b4     
                  000054d0    00000101     rtsv7M4_T_le_v4SPD16_eabi.lib : ctype.c.obj (.const:.string:_ctypes_)
                  000055d1    0000003c     lab7_main.obj (.const:.string:$P$T2$3)
                  0000560d    00000003     --HOLE-- [fill = 0]
                  00005610    00000030     rtsv7M4_T_le_v4SPD16_eabi.lib : e_pow.c.obj (.const:$O1$$)
                  00005640    0000001e     lab7_main.obj (.const:.string:$P$T1$2)
                  0000565e    0000000f     open_interface.obj (.const:.string:$P$T0$3)
                  0000566d    00000003     --HOLE-- [fill = 0]
                  00005670    0000000c     lab7_main.obj (.const:$P$T0$1)
                  0000567c    00000004     lcd.obj (.const:.string:lineAddress$1)
                  00005680    00000004     lcd.obj (.const:.string:lineAddresses$2)

.cinit     0    00005688    00000050     
                  00005688    00000018     (.cinit..data.load) [load image, compression = lzss]
                  000056a0    0000000c     (__TI_handler_table)
                  000056ac    00000004     --HOLE-- [fill = 0]
                  000056b0    00000008     (.cinit..bss.load) [load image, compression = zero_init]
                  000056b8    00000008     (.cinit..vtable.load) [load image, compression = zero_init]
                  000056c0    00000018     (__TI_cinit_table)

.init_array 
*          0    00000000    00000000     UNINITIALIZED

.vtable    0    20000000    0000026c     UNINITIALIZED
                  20000000    0000026c     driverlib.lib : interrupt.obj (.vtable)

.stack     0    20000270    00000800     UNINITIALIZED
                  20000270    00000004     rtsv7M4_T_le_v4SPD16_eabi.lib : boot_cortex_m.c.obj (.stack)
                  20000274    000007fc     --HOLE--

.sysmem    0    20000a70    00000400     UNINITIALIZED
                  20000a70    00000010     rtsv7M4_T_le_v4SPD16_eabi.lib : memory.c.obj (.sysmem)
                  20000a80    000003f0     --HOLE--

.bss       0    20000e70    00000097     UNINITIALIZED
                  20000e70    00000054     lcd.obj (.bss:lastbuffer$3)
                  20000ec4    00000018     open_interface.obj (.bss:firmware$2)
                  20000edc    0000000c     (.common:position)
                  20000ee8    00000004     (.common:_timeout_ticks)
                  20000eec    00000004     (.common:fallingEdge)
                  20000ef0    00000004     (.common:isr_int_value)
                  20000ef4    00000004     (.common:left_calibration_value)
                  20000ef8    00000004     (.common:pulseLength)
                  20000efc    00000004     (.common:right_calibration_value)
                  20000f00    00000004     (.common:risingEdge)
                  20000f04    00000001     (.common:isRisingEdge)
                  20000f05    00000001     (.common:uart_data)
                  20000f06    00000001     (.common:uart_flag)

.data      0    20000f08    00000039     UNINITIALIZED
                  20000f08    00000020     open_interface.obj (.data)
                  20000f28    00000008     rtsv7M4_T_le_v4SPD16_eabi.lib : _lock.c.obj (.data:$O1$$)
                  20000f30    00000008                                   : memory.c.obj (.data:$O1$$)
                  20000f38    00000004     libcybotScan.lib : cyBot_Scan.obj (.data)
                  20000f3c    00000004     rtsv7M4_T_le_v4SPD16_eabi.lib : errno.c.obj (.data)
                  20000f40    00000001     Timer.obj (.data)

__llvm_prf_cnts 
*          0    20000000    00000000     UNINITIALIZED

MODULE SUMMARY

       Module                         code    ro data   rw data
       ------                         ----    -------   -------
    .\
       open_interface.obj             3128    15        56     
       lab7_main.obj                  1908    102       20     
       lcd.obj                        824     8         84     
       uart.obj                       636     0         2      
       tm4c123gh6pm_startup_ccs.obj   12      620       0      
       Timer.obj                      584     0         5      
       movement.obj                   508     0         0      
    +--+------------------------------+-------+---------+---------+
       Total:                         7600    745       167    
                                                               
    ../libcybotScan.lib
       cyBot_Scan.obj                 608     0         4      
       ping.obj                       492     0         13     
       servo.obj                      344     0         0      
       ir.obj                         280     0         4      
    +--+------------------------------+-------+---------+---------+
       Total:                         1724    0         21     
                                                               
    C:/ti/TivaWare_C_Series-2.2.0.295/driverlib/ccs/Debug/driverlib.lib
       interrupt.obj                  68      0         620    
       cpu.obj                        12      0         0      
    +--+------------------------------+-------+---------+---------+
       Total:                         80      0         620    
                                                               
    C:\ti\ccs1230\ccs\tools\compiler\ti-cgt-arm_20.2.7.LTS\lib\rtsv7M4_T_le_v4SPD16_eabi.lib
       _printfi.c.obj                 4851    0         0      
       e_pow.c.obj                    2512    48        0      
       memory.c.obj                   728     0         8      
       fd_add_t2.asm.obj              438     0         0      
       e_sqrt.c.obj                   344     0         0      
       fd_div_t2.asm.obj              310     0         0      
       s_scalbn.c.obj                 272     0         0      
       fd_cmp_t2.asm.obj              268     0         0      
       ctype.c.obj                    0       257       0      
       fd_mul_t2.asm.obj              252     0         0      
       memcpy_t2.asm.obj              156     0         0      
       ull_div_t2.asm.obj             150     0         0      
       snprintf.c.obj                 148     0         0      
       vsnprintf.c.obj                136     0         0      
       memset_t2.asm.obj              122     0         0      
       fd_tos_t2.asm.obj              110     0         0      
       copy_decompress_lzss.c.obj     104     0         0      
       s_frexp.c.obj                  100     0         0      
       _ltoa.c.obj                    84      0         0      
       atoi.c.obj                     76      0         0      
       fd_toi_t2.asm.obj              72      0         0      
       autoinit.c.obj                 68      0         0      
       fs_tod_t2.asm.obj              56      0         0      
       boot_cortex_m.c.obj            52      0         0      
       i_tofd_t2.asm.obj              46      0         0      
       copy_zero_init.c.obj           28      0         0      
       memccpy.c.obj                  28      0         0      
       s_copysign.c.obj               26      0         0      
       strcmp.c.obj                   24      0         0      
       strchr.c.obj                   22      0         0      
       strcpy.c.obj                   20      0         0      
       strlen.c.obj                   20      0         0      
       wcslen.c.obj                   18      0         0      
       copy_decompress_none.c.obj     14      0         0      
       errno.c.obj                    8       0         4      
       _lock.c.obj                    2       0         8      
       exit.c.obj                     4       0         0      
       pre_init.c.obj                 4       0         0      
       div0.asm.obj                   2       0         0      
    +--+------------------------------+-------+---------+---------+
       Total:                         11675   305       20     
                                                               
       Heap:                          0       0         1024   
       Stack:                         0       0         2048   
       Linker Generated:              0       76        0      
    +--+------------------------------+-------+---------+---------+
       Grand Total:                   21079   1126      3900   


LINKER GENERATED COPY TABLES

__TI_cinit_table @ 000056c0 records: 3, size/record: 8, table size: 24
	.data: load addr=00005688, load size=00000018 bytes, run addr=20000f08, run size=00000039 bytes, compression=lzss
	.bss: load addr=000056b0, load size=00000008 bytes, run addr=20000e70, run size=00000097 bytes, compression=zero_init
	.vtable: load addr=000056b8, load size=00000008 bytes, run addr=20000000, run size=0000026c bytes, compression=zero_init


LINKER GENERATED HANDLER TABLE

__TI_handler_table @ 000056a0 records: 3, size/record: 4, table size: 12
	index: 0, handler: __TI_zero_init
	index: 1, handler: __TI_decompress_lzss
	index: 2, handler: __TI_decompress_none


GLOBAL SYMBOLS: SORTED ALPHABETICALLY BY Name 

address   name                          
-------   ----                          
0000452d  ADC0SS0_Handler               
000054c9  C$$EXIT                       
0000549d  CPUcpsie                      
00000bc3  GPIOF_Handler                 
0000546f  IntMasterEnable               
00005231  IntRegister                   
000054a9  ResetISR                      
000039c9  TIMER3B_Handler               
20000a70  __STACK_END                   
00000800  __STACK_SIZE                  
20000470  __STACK_TOP                   
00000400  __SYSMEM_SIZE                 
000056c0  __TI_CINIT_Base               
000056d8  __TI_CINIT_Limit              
000056a0  __TI_Handler_Table_Base       
000056ac  __TI_Handler_Table_Limit      
000050fd  __TI_auto_init_nobinit_nopinit
00004e55  __TI_decompress_lzss          
0000548f  __TI_decompress_none          
00004f77  __TI_ltoa                     
ffffffff  __TI_pprof_out_hndl           
00000e8d  __TI_printfi                  
ffffffff  __TI_prof_data_size           
ffffffff  __TI_prof_data_start          
00000000  __TI_static_base__            
00005351  __TI_zero_init_nomemset       
00004b81  __aeabi_cdcmpeq               
00004b81  __aeabi_cdcmple               
00004c07  __aeabi_cdrcmple              
00004de7  __aeabi_d2f                   
000050b5  __aeabi_d2iz                  
00003c9f  __aeabi_dadd                  
00004239  __aeabi_ddiv                  
000047bd  __aeabi_dmul                  
00003c95  __aeabi_dsub                  
000054b5  __aeabi_errno_addr            
000051f9  __aeabi_f2d                   
000052f9  __aeabi_i2d                   
00003e4b  __aeabi_idiv0                 
00003e4b  __aeabi_ldiv0                 
00004c8d  __aeabi_memclr                
00004c8d  __aeabi_memclr4               
00004c8d  __aeabi_memclr8               
00004a4f  __aeabi_memcpy                
00004a4f  __aeabi_memcpy4               
00004a4f  __aeabi_memcpy8               
00004c8f  __aeabi_memset                
00004c8f  __aeabi_memset4               
00004c8f  __aeabi_memset8               
00004aeb  __aeabi_uldivmod              
ffffffff  __binit__                     
ffffffff  __c_args__                    
UNDEFED   __mpu_init                    
20000270  __stack                       
20000000  __start___llvm_prf_cnts       
20000000  __stop___llvm_prf_cnts        
00005265  _c_int00_noargs               
000054d0  _ctypes_                      
20000f28  _lock                         
000018db  _nop                          
20000f40  _running                      
20000a70  _sys_memory                   
UNDEFED   _system_post_cinit            
000054c5  _system_pre_init              
20000ee8  _timeout_ticks                
20000f2c  _unlock                       
000054c9  abort                         
000046bd  aligned_alloc                 
0000501d  atoi                          
ffffffff  binit                         
00003743  bump                          
000051c1  calloc                        
000053a5  copysign                      
000053a5  copysignl                     
0000330d  cyBOT_SERVO_cal               
0000329b  cyBOT_Scan                    
00003243  cyBOT_init_Scan               
20000f38  cyBOT_scan_features           
00003235  cyBOT_scan_version            
00002e85  cyBot_getByte                 
00002e69  cyBot_sendByte                
00002def  cyBot_uart_init               
000022df  driveTo                       
20000f3c  errno                         
20000eec  fallingEdge                   
000048b9  free                          
00004ebd  frexp                         
00004ebd  frexpl                        
20000000  g_pfnRAMVectors               
00000000  g_pfnVectors                  
0000097f  go_charge                     
00004543  ir_enableInterrupt            
00004525  ir_getDistance                
000044fd  ir_getValue                   
00004495  ir_init                       
20000f04  isRisingEdge                  
20000ef0  isr_int_value                 
0000547f  lcd_clear                     
00002bf5  lcd_gotoLine                  
00002a5d  lcd_init                      
00002c5b  lcd_printf                    
00002b1d  lcd_putc                      
00002b55  lcd_puts                      
00002a21  lcd_reverseNibble             
00002b73  lcd_sendCommand               
00002bb1  lcd_sendNibble                
00002c1d  lcd_setCursorPos              
000045ad  ldexp                         
000045ad  ldexpl                        
20000ef4  left_calibration_value        
000027c5  main                          
000054bd  malloc                        
000046bd  memalign                      
00005389  memccpy                       
00004a4f  memcpy                        
00004c95  memset                        
20000f08  motor_cal_factor_L            
20000f0c  motor_cal_factor_R            
0000385b  move_backward                 
000036dd  move_forward                  
0000026d  oi_alloc                      
00000aa9  oi_checkFirmware              
000002c7  oi_close                      
00000279  oi_free                       
00000ded  oi_getMotorCalibrationLeft    
00000e01  oi_getMotorCalibrationRight   
000002b1  oi_init                       
00000289  oi_init_noupdate              
00000915  oi_loadSong                   
000053ef  oi_parseInt                   
0000032b  oi_parsePacket                
0000096b  oi_play_song                  
0000084b  oi_setLeds                    
00000db1  oi_setMotorCalibration        
0000088f  oi_setWheels                  
00000b51  oi_shutoff_init               
0000098d  oi_uartInit                   
00000a31  oi_uartReceive                
00000a77  oi_uartSendBuff               
00000a15  oi_uartSendChar               
00000a59  oi_uartSendStr                
000002d9  oi_update                     
00003a1b  ping_getDistance              
000038d9  ping_init                     
0000395f  ping_trigger                  
20000edc  position                      
000018dd  pow                           
000018dd  powl                          
000022ad  printString                   
20000ef8  pulseLength                   
20000efc  right_calibration_value       
20000f00  risingEdge                    
000045ad  scalbn                        
000045ad  scalbnl                       
00002311  scan                          
00003e4d  servo_init                    
00003edd  servo_move                    
00003f3d  servo_setPWM                  
00003ed1  servo_stop                    
00005069  snprintf                      
00003fa5  sqrt                          
00003fa5  sqrtl                         
0000541f  strchr                        
00005407  strcmp                        
00005435  strcpy                        
00005449  strlen                        
000035b3  timer_getMicros               
0000355b  timer_getMillis               
00003495  timer_init                    
00003537  timer_pause                   
00003549  timer_resume                  
0000350d  timer_stop                    
0000360d  timer_waitMicros              
0000363f  timer_waitMillis              
000037fd  turn_ccw                      
0000379f  turn_clockwise                
00002f2f  uart1_Handler                 
00002ec1  uart_byte_to_recive           
20000f05  uart_data                     
20000f06  uart_flag                     
00002d49  uart_init                     
00002f0f  uart_interrupt_init           
00002ed1  uart_receive                  
00002ea5  uart_sendChar                 
00002ef1  uart_sendStr                  
00005141  vsnprintf                     
0000545d  wcslen                        


GLOBAL SYMBOLS: SORTED BY Symbol Address 

address   name                          
-------   ----                          
00000000  __TI_static_base__            
00000000  g_pfnVectors                  
0000026d  oi_alloc                      
00000279  oi_free                       
00000289  oi_init_noupdate              
000002b1  oi_init                       
000002c7  oi_close                      
000002d9  oi_update                     
0000032b  oi_parsePacket                
00000400  __SYSMEM_SIZE                 
00000800  __STACK_SIZE                  
0000084b  oi_setLeds                    
0000088f  oi_setWheels                  
00000915  oi_loadSong                   
0000096b  oi_play_song                  
0000097f  go_charge                     
0000098d  oi_uartInit                   
00000a15  oi_uartSendChar               
00000a31  oi_uartReceive                
00000a59  oi_uartSendStr                
00000a77  oi_uartSendBuff               
00000aa9  oi_checkFirmware              
00000b51  oi_shutoff_init               
00000bc3  GPIOF_Handler                 
00000db1  oi_setMotorCalibration        
00000ded  oi_getMotorCalibrationLeft    
00000e01  oi_getMotorCalibrationRight   
00000e8d  __TI_printfi                  
000018db  _nop                          
000018dd  pow                           
000018dd  powl                          
000022ad  printString                   
000022df  driveTo                       
00002311  scan                          
000027c5  main                          
00002a21  lcd_reverseNibble             
00002a5d  lcd_init                      
00002b1d  lcd_putc                      
00002b55  lcd_puts                      
00002b73  lcd_sendCommand               
00002bb1  lcd_sendNibble                
00002bf5  lcd_gotoLine                  
00002c1d  lcd_setCursorPos              
00002c5b  lcd_printf                    
00002d49  uart_init                     
00002def  cyBot_uart_init               
00002e69  cyBot_sendByte                
00002e85  cyBot_getByte                 
00002ea5  uart_sendChar                 
00002ec1  uart_byte_to_recive           
00002ed1  uart_receive                  
00002ef1  uart_sendStr                  
00002f0f  uart_interrupt_init           
00002f2f  uart1_Handler                 
00003235  cyBOT_scan_version            
00003243  cyBOT_init_Scan               
0000329b  cyBOT_Scan                    
0000330d  cyBOT_SERVO_cal               
00003495  timer_init                    
0000350d  timer_stop                    
00003537  timer_pause                   
00003549  timer_resume                  
0000355b  timer_getMillis               
000035b3  timer_getMicros               
0000360d  timer_waitMicros              
0000363f  timer_waitMillis              
000036dd  move_forward                  
00003743  bump                          
0000379f  turn_clockwise                
000037fd  turn_ccw                      
0000385b  move_backward                 
000038d9  ping_init                     
0000395f  ping_trigger                  
000039c9  TIMER3B_Handler               
00003a1b  ping_getDistance              
00003c95  __aeabi_dsub                  
00003c9f  __aeabi_dadd                  
00003e4b  __aeabi_idiv0                 
00003e4b  __aeabi_ldiv0                 
00003e4d  servo_init                    
00003ed1  servo_stop                    
00003edd  servo_move                    
00003f3d  servo_setPWM                  
00003fa5  sqrt                          
00003fa5  sqrtl                         
00004239  __aeabi_ddiv                  
00004495  ir_init                       
000044fd  ir_getValue                   
00004525  ir_getDistance                
0000452d  ADC0SS0_Handler               
00004543  ir_enableInterrupt            
000045ad  ldexp                         
000045ad  ldexpl                        
000045ad  scalbn                        
000045ad  scalbnl                       
000046bd  aligned_alloc                 
000046bd  memalign                      
000047bd  __aeabi_dmul                  
000048b9  free                          
00004a4f  __aeabi_memcpy                
00004a4f  __aeabi_memcpy4               
00004a4f  __aeabi_memcpy8               
00004a4f  memcpy                        
00004aeb  __aeabi_uldivmod              
00004b81  __aeabi_cdcmpeq               
00004b81  __aeabi_cdcmple               
00004c07  __aeabi_cdrcmple              
00004c8d  __aeabi_memclr                
00004c8d  __aeabi_memclr4               
00004c8d  __aeabi_memclr8               
00004c8f  __aeabi_memset                
00004c8f  __aeabi_memset4               
00004c8f  __aeabi_memset8               
00004c95  memset                        
00004de7  __aeabi_d2f                   
00004e55  __TI_decompress_lzss          
00004ebd  frexp                         
00004ebd  frexpl                        
00004f77  __TI_ltoa                     
0000501d  atoi                          
00005069  snprintf                      
000050b5  __aeabi_d2iz                  
000050fd  __TI_auto_init_nobinit_nopinit
00005141  vsnprintf                     
000051c1  calloc                        
000051f9  __aeabi_f2d                   
00005231  IntRegister                   
00005265  _c_int00_noargs               
000052f9  __aeabi_i2d                   
00005351  __TI_zero_init_nomemset       
00005389  memccpy                       
000053a5  copysign                      
000053a5  copysignl                     
000053ef  oi_parseInt                   
00005407  strcmp                        
0000541f  strchr                        
00005435  strcpy                        
00005449  strlen                        
0000545d  wcslen                        
0000546f  IntMasterEnable               
0000547f  lcd_clear                     
0000548f  __TI_decompress_none          
0000549d  CPUcpsie                      
000054a9  ResetISR                      
000054b5  __aeabi_errno_addr            
000054bd  malloc                        
000054c5  _system_pre_init              
000054c9  C$$EXIT                       
000054c9  abort                         
000054d0  _ctypes_                      
000056a0  __TI_Handler_Table_Base       
000056ac  __TI_Handler_Table_Limit      
000056c0  __TI_CINIT_Base               
000056d8  __TI_CINIT_Limit              
20000000  __start___llvm_prf_cnts       
20000000  __stop___llvm_prf_cnts        
20000000  g_pfnRAMVectors               
20000270  __stack                       
20000470  __STACK_TOP                   
20000a70  __STACK_END                   
20000a70  _sys_memory                   
20000edc  position                      
20000ee8  _timeout_ticks                
20000eec  fallingEdge                   
20000ef0  isr_int_value                 
20000ef4  left_calibration_value        
20000ef8  pulseLength                   
20000efc  right_calibration_value       
20000f00  risingEdge                    
20000f04  isRisingEdge                  
20000f05  uart_data                     
20000f06  uart_flag                     
20000f08  motor_cal_factor_L            
20000f0c  motor_cal_factor_R            
20000f28  _lock                         
20000f2c  _unlock                       
20000f38  cyBOT_scan_features           
20000f3c  errno                         
20000f40  _running                      
ffffffff  __TI_pprof_out_hndl           
ffffffff  __TI_prof_data_size           
ffffffff  __TI_prof_data_start          
ffffffff  __binit__                     
ffffffff  __c_args__                    
ffffffff  binit                         
UNDEFED   __mpu_init                    
UNDEFED   _system_post_cinit            

[187 symbols]
