******************************************************************************
                  TI ARM Linker PC v20.2.7                     
******************************************************************************
>> Linked Mon Nov 13 10:12:13 2023

OUTPUT FILE NAME:   <lab_5.out>
ENTRY POINT SYMBOL: "_c_int00_noargs"  address: 000030bd


MEMORY CONFIGURATION

         name            origin    length      used     unused   attr    fill
----------------------  --------  ---------  --------  --------  ----  --------
  FLASH                 00000000   00040000  000033c1  0003cc3f  R  X
  SRAM                  20000000   00008000  00000f23  000070dd  RW X


SEGMENT ALLOCATION MAP

run origin  load origin   length   init length attrs members
----------  ----------- ---------- ----------- ----- -------
00000000    00000000    000033c8   000033c8    r-x
  00000000    00000000    0000026c   0000026c    r-- .intvecs
  0000026c    0000026c    0000300c   0000300c    r-x .text
  00003278    00003278    00000109   00000109    r-- .const
  00003388    00003388    00000040   00000040    r-- .cinit
20000000    20000000    00000f2a   00000000    rw-
  20000000    20000000    0000026c   00000000    rw- .vtable
  20000270    20000270    00000800   00000000    rw- .stack
  20000a70    20000a70    00000400   00000000    rw- .sysmem
  20000e70    20000e70    000000a9   00000000    rw- .bss
  20000f1c    20000f1c    0000000e   00000000    rw- .data


SECTION ALLOCATION MAP

 output                                  attributes/
section   page    origin      length       input sections
--------  ----  ----------  ----------   ----------------
.intvecs   0    00000000    0000026c     
                  00000000    0000026c     tm4c123gh6pm_startup_ccs.obj (.intvecs)

.text      0    0000026c    0000300c     
                  0000026c    00000a4e     rtsv7M4_T_le_v4SPD16_eabi.lib : _printfi.c.obj (.text:__TI_printfi)
                  00000cba    00000002                                   : div0.asm.obj (.text)
                  00000cbc    00000328     lcd.obj (.text)
                  00000fe4    000002a8     libcybotUART.lib : uart.obj (.text)
                  0000128c    00000270     rtsv7M4_T_le_v4SPD16_eabi.lib : _printfi.c.obj (.text:_pconv_a)
                  000014fc    00000260     libcybotScan.lib : cyBot_Scan.obj (.text)
                  0000175c    00000248     Timer.obj (.text)
                  000019a4    000001ec     libcybotScan.lib : ping.obj (.text)
                  00001b90    000001d0     rtsv7M4_T_le_v4SPD16_eabi.lib : _printfi.c.obj (.text:_pconv_g)
                  00001d60    000001b6                                   : fd_add_t2.asm.obj (.text)
                  00001f16    00000002     --HOLE-- [fill = 0]
                  00001f18    00000158     libcybotScan.lib : servo.obj (.text)
                  00002070    00000154     lab5_template.obj (.text)
                  000021c4    0000013c     rtsv7M4_T_le_v4SPD16_eabi.lib : _printfi.c.obj (.text:_pconv_e)
                  00002300    00000136                                   : fd_div_t2.asm.obj (.text)
                  00002436    00000002     --HOLE-- [fill = 0]
                  00002438    00000124                                   : _printfi.c.obj (.text:fcvt)
                  0000255c    00000118     libcybotScan.lib : ir.obj (.text)
                  00002674    00000110     button.obj (.text)
                  00002784    00000110     rtsv7M4_T_le_v4SPD16_eabi.lib : s_scalbn.c.obj (.text:scalbn)
                  00002894    000000fc                                   : fd_mul_t2.asm.obj (.text)
                  00002990    000000b1                                   : _printfi.c.obj (.text:_ltostr)
                  00002a41    00000001     --HOLE-- [fill = 0]
                  00002a42    0000009c                                   : memcpy_t2.asm.obj (.text)
                  00002ade    00000096                                   : ull_div_t2.asm.obj (.text)
                  00002b74    00000086                                   : fd_cmp_t2.asm.obj (.text:__aeabi_cdcmple)
                  00002bfa    00000086                                   : fd_cmp_t2.asm.obj (.text:__aeabi_cdrcmple)
                  00002c80    0000007a                                   : memset_t2.asm.obj (.text)
                  00002cfa    0000006e                                   : _printfi.c.obj (.text:_mcpy)
                  00002d68    00000068                                   : copy_decompress_lzss.c.obj (.text:decompress:lzss:__TI_decompress_lzss)
                  00002dd0    00000064                                   : s_frexp.c.obj (.text:frexp)
                  00002e34    00000056                                   : _printfi.c.obj (.text:_pconv_f)
                  00002e8a    00000054                                   : _ltoa.c.obj (.text:__TI_ltoa)
                  00002ede    00000052                                   : _printfi.c.obj (.text:_ecpy)
                  00002f30    0000004c                                   : atoi.c.obj (.text:atoi)
                  00002f7c    00000048                                   : fd_toi_t2.asm.obj (.text)
                  00002fc4    00000044                                   : autoinit.c.obj (.text:__TI_auto_init_nobinit_nopinit:__TI_auto_init_nobinit_nopinit)
                  00003008    00000040                                   : vsnprintf.c.obj (.text:vsnprintf)
                  00003048    0000003e                                   : _printfi.c.obj (.text:_fcpy)
                  00003086    00000002     --HOLE-- [fill = 0]
                  00003088    00000034     driverlib.lib : interrupt.obj (.text:IntRegister)
                  000030bc    00000034     rtsv7M4_T_le_v4SPD16_eabi.lib : boot_cortex_m.c.obj (.text:_c_int00_noargs:_c_int00_noargs)
                  000030f0    00000030                                   : vsnprintf.c.obj (.text:_outs)
                  00003120    0000002e                                   : i_tofd_t2.asm.obj (.text)
                  0000314e    0000001c                                   : copy_zero_init.c.obj (.text:decompress:ZI:__TI_zero_init_nomemset:__TI_zero_init_nomemset)
                  0000316a    0000001c                                   : memccpy.c.obj (.text:memccpy)
                  00003186    0000001a                                   : s_copysign.c.obj (.text:copysign)
                  000031a0    00000018                                   : vsnprintf.c.obj (.text:_outc)
                  000031b8    00000018                                   : strcmp.c.obj (.text:strcmp)
                  000031d0    00000016                                   : strchr.c.obj (.text:strchr)
                  000031e6    00000014                                   : strcpy.c.obj (.text:strcpy)
                  000031fa    00000014                                   : strlen.c.obj (.text:strlen)
                  0000320e    00000012                                   : wcslen.c.obj (.text:wcslen)
                  00003220    00000010     driverlib.lib : interrupt.obj (.text:IntMasterEnable)
                  00003230    00000010     lcd.obj (.text:lcd_clear)
                  00003240    0000000e     rtsv7M4_T_le_v4SPD16_eabi.lib : copy_decompress_none.c.obj (.text:decompress:none:__TI_decompress_none)
                  0000324e    0000000c     driverlib.lib : cpu.obj (.text:CPUcpsie)
                  0000325a    0000000c     tm4c123gh6pm_startup_ccs.obj (.text)
                  00003266    00000002     --HOLE-- [fill = 0]
                  00003268    00000008     rtsv7M4_T_le_v4SPD16_eabi.lib : errno.c.obj (.text:__aeabi_errno_addr)
                  00003270    00000004                                   : pre_init.c.obj (.text:_system_pre_init)
                  00003274    00000004                                   : exit.c.obj (.text:abort:abort)

.const     0    00003278    00000109     
                  00003278    00000101     rtsv7M4_T_le_v4SPD16_eabi.lib : ctype.c.obj (.const:.string:_ctypes_)
                  00003379    00000004     lcd.obj (.const:.string:lineAddress$1)
                  0000337d    00000004     lcd.obj (.const:.string:lineAddresses$2)

.cinit     0    00003388    00000040     
                  00003388    0000000c     (__TI_handler_table)
                  00003394    00000004     --HOLE-- [fill = 0]
                  00003398    00000008     (.cinit..bss.load) [load image, compression = zero_init]
                  000033a0    00000008     (.cinit..vtable.load) [load image, compression = zero_init]
                  000033a8    00000007     (.cinit..data.load) [load image, compression = lzss]
                  000033af    00000001     --HOLE-- [fill = 0]
                  000033b0    00000018     (__TI_cinit_table)

.init_array 
*          0    00000000    00000000     UNINITIALIZED

.vtable    0    20000000    0000026c     UNINITIALIZED
                  20000000    0000026c     driverlib.lib : interrupt.obj (.vtable)

.stack     0    20000270    00000800     UNINITIALIZED
                  20000270    00000004     rtsv7M4_T_le_v4SPD16_eabi.lib : boot_cortex_m.c.obj (.stack)
                  20000274    000007fc     --HOLE--

.sysmem    0    20000a70    00000400     UNINITIALIZED
                  20000a70    00000010     rtsv7M4_T_le_v4SPD16_eabi.lib : memory.c.obj (.sysmem)
                  20000a80    000003f0     --HOLE--

.bss       0    20000e70    000000a9     UNINITIALIZED
                  20000e70    00000054     lcd.obj (.bss:lastbuffer$3)
                  20000ec4    00000034     (.common:isr_char_buffer)
                  20000ef8    00000004     (.common:_timeout_ticks)
                  20000efc    00000004     (.common:button_num)
                  20000f00    00000004     (.common:fallingEdge)
                  20000f04    00000004     (.common:isr_int_value)
                  20000f08    00000004     (.common:left_calibration_value)
                  20000f0c    00000004     (.common:pulseLength)
                  20000f10    00000004     (.common:right_calibration_value)
                  20000f14    00000004     (.common:risingEdge)
                  20000f18    00000001     (.common:isRisingEdge)

.data      0    20000f1c    0000000e     UNINITIALIZED
                  20000f1c    00000004     libcybotScan.lib : cyBot_Scan.obj (.data)
                  20000f20    00000004     libcybotUART.lib : uart.obj (.data)
                  20000f24    00000004     rtsv7M4_T_le_v4SPD16_eabi.lib : errno.c.obj (.data)
                  20000f28    00000001     Timer.obj (.data)
                  20000f29    00000001     button.obj (.data)

__llvm_prf_cnts 
*          0    20000000    00000000     UNINITIALIZED

MODULE SUMMARY

       Module                         code    ro data   rw data
       ------                         ----    -------   -------
    .\
       lcd.obj                        824     8         84     
       tm4c123gh6pm_startup_ccs.obj   12      620       0      
       Timer.obj                      584     0         5      
       lab5_template.obj              340     0         8      
       button.obj                     272     0         5      
    +--+------------------------------+-------+---------+---------+
       Total:                         2032    628       102    
                                                               
    ../libcybotScan.lib
       cyBot_Scan.obj                 608     0         4      
       ping.obj                       492     0         13     
       servo.obj                      344     0         0      
       ir.obj                         280     0         4      
    +--+------------------------------+-------+---------+---------+
       Total:                         1724    0         21     
                                                               
    ../libcybotUART.lib
       uart.obj                       680     0         56     
    +--+------------------------------+-------+---------+---------+
       Total:                         680     0         56     
                                                               
    C:/ti/TivaWare_C_Series-2.2.0.295/driverlib/ccs/Debug/driverlib.lib
       interrupt.obj                  68      0         620    
       cpu.obj                        12      0         0      
    +--+------------------------------+-------+---------+---------+
       Total:                         80      0         620    
                                                               
    C:\ti\ccs1230\ccs\tools\compiler\ti-cgt-arm_20.2.7.LTS\lib\rtsv7M4_T_le_v4SPD16_eabi.lib
       _printfi.c.obj                 4851    0         0      
       fd_add_t2.asm.obj              438     0         0      
       fd_div_t2.asm.obj              310     0         0      
       s_scalbn.c.obj                 272     0         0      
       fd_cmp_t2.asm.obj              268     0         0      
       ctype.c.obj                    0       257       0      
       fd_mul_t2.asm.obj              252     0         0      
       memcpy_t2.asm.obj              156     0         0      
       ull_div_t2.asm.obj             150     0         0      
       vsnprintf.c.obj                136     0         0      
       memset_t2.asm.obj              122     0         0      
       copy_decompress_lzss.c.obj     104     0         0      
       s_frexp.c.obj                  100     0         0      
       _ltoa.c.obj                    84      0         0      
       atoi.c.obj                     76      0         0      
       fd_toi_t2.asm.obj              72      0         0      
       autoinit.c.obj                 68      0         0      
       boot_cortex_m.c.obj            52      0         0      
       i_tofd_t2.asm.obj              46      0         0      
       copy_zero_init.c.obj           28      0         0      
       memccpy.c.obj                  28      0         0      
       s_copysign.c.obj               26      0         0      
       strcmp.c.obj                   24      0         0      
       strchr.c.obj                   22      0         0      
       strcpy.c.obj                   20      0         0      
       strlen.c.obj                   20      0         0      
       wcslen.c.obj                   18      0         0      
       copy_decompress_none.c.obj     14      0         0      
       errno.c.obj                    8       0         4      
       exit.c.obj                     4       0         0      
       pre_init.c.obj                 4       0         0      
       div0.asm.obj                   2       0         0      
    +--+------------------------------+-------+---------+---------+
       Total:                         7775    257       4      
                                                               
       Heap:                          0       0         1024   
       Stack:                         0       0         2048   
       Linker Generated:              0       59        0      
    +--+------------------------------+-------+---------+---------+
       Grand Total:                   12291   944       3875   


LINKER GENERATED COPY TABLES

__TI_cinit_table @ 000033b0 records: 3, size/record: 8, table size: 24
	.bss: load addr=00003398, load size=00000008 bytes, run addr=20000e70, run size=000000a9 bytes, compression=zero_init
	.vtable: load addr=000033a0, load size=00000008 bytes, run addr=20000000, run size=0000026c bytes, compression=zero_init
	.data: load addr=000033a8, load size=00000007 bytes, run addr=20000f1c, run size=0000000e bytes, compression=lzss


LINKER GENERATED HANDLER TABLE

__TI_handler_table @ 00003388 records: 3, size/record: 4, table size: 12
	index: 0, handler: __TI_zero_init
	index: 1, handler: __TI_decompress_lzss
	index: 2, handler: __TI_decompress_none


GLOBAL SYMBOLS: SORTED ALPHABETICALLY BY Name 

address   name                          
-------   ----                          
000025f5  ADC0SS0_Handler               
00003275  C$$EXIT                       
0000324f  CPUcpsie                      
00003221  IntMasterEnable               
00003089  IntRegister                   
0000325b  ResetISR                      
00001a95  TIMER3B_Handler               
20000a70  __STACK_END                   
00000800  __STACK_SIZE                  
20000470  __STACK_TOP                   
00000400  __SYSMEM_SIZE                 
000033b0  __TI_CINIT_Base               
000033c8  __TI_CINIT_Limit              
00003388  __TI_Handler_Table_Base       
00003394  __TI_Handler_Table_Limit      
00002fc5  __TI_auto_init_nobinit_nopinit
00002d69  __TI_decompress_lzss          
00003241  __TI_decompress_none          
00002e8b  __TI_ltoa                     
ffffffff  __TI_pprof_out_hndl           
0000026d  __TI_printfi                  
ffffffff  __TI_prof_data_size           
ffffffff  __TI_prof_data_start          
00000000  __TI_static_base__            
0000314f  __TI_zero_init_nomemset       
00002b75  __aeabi_cdcmpeq               
00002b75  __aeabi_cdcmple               
00002bfb  __aeabi_cdrcmple              
00002f7d  __aeabi_d2iz                  
00001d6b  __aeabi_dadd                  
00002301  __aeabi_ddiv                  
00002895  __aeabi_dmul                  
00001d61  __aeabi_dsub                  
00003269  __aeabi_errno_addr            
00003121  __aeabi_i2d                   
00000cbb  __aeabi_idiv0                 
00000cbb  __aeabi_ldiv0                 
00002c81  __aeabi_memclr                
00002c81  __aeabi_memclr4               
00002c81  __aeabi_memclr8               
00002a43  __aeabi_memcpy                
00002a43  __aeabi_memcpy4               
00002a43  __aeabi_memcpy8               
00002c83  __aeabi_memset                
00002c83  __aeabi_memset4               
00002c83  __aeabi_memset8               
00002adf  __aeabi_uldivmod              
ffffffff  __binit__                     
ffffffff  __c_args__                    
UNDEFED   __mpu_init                    
20000270  __stack                       
20000000  __start___llvm_prf_cnts       
20000000  __stop___llvm_prf_cnts        
000030bd  _c_int00_noargs               
00003278  _ctypes_                      
20000f28  _running                      
20000a70  _sys_memory                   
UNDEFED   _system_post_cinit            
00003271  _system_pre_init              
20000ef8  _timeout_ticks                
00003275  abort                         
00002f31  atoi                          
ffffffff  binit                         
000026f7  button_getButton              
00002675  button_init                   
20000efc  button_num                    
00003187  copysign                      
00003187  copysignl                     
000015d5  cyBOT_SERVO_cal               
00001563  cyBOT_Scan                    
0000150b  cyBOT_init_Scan               
20000f1c  cyBOT_scan_features           
000014fd  cyBOT_scan_version            
00001231  cyBot_UART1_Handler           
00001223  cyBot_getByte_blocking        
00001203  cyBot_getByte_nonblocking     
00000fe5  cyBot_sendByte                
000011e9  cyBot_uart_flush              
00001153  cyBot_uart_init               
000010f3  cyBot_uart_init_PHJ_first_half
0000109b  cyBot_uart_init_clean         
00001023  cyBot_uart_init_last_half     
0000100b  cyBot_uart_sendBuffer         
00000ff1  cyBot_uart_sendStr            
20000f24  errno                         
20000f00  fallingEdge                   
00002dd1  frexp                         
00002dd1  frexpl                        
20000000  g_pfnRAMVectors               
00000000  g_pfnVectors                  
000026e5  gpioe_handler                 
000026a1  init_button_interrupts        
0000260b  ir_enableInterrupt            
000025ed  ir_getDistance                
000025c5  ir_getValue                   
0000255d  ir_init                       
20000f18  isRisingEdge                  
20000ec4  isr_char_buffer               
20000f20  isr_counter                   
20000f04  isr_int_value                 
00003231  lcd_clear                     
00000e91  lcd_gotoLine                  
00000cf9  lcd_init                      
00000ef7  lcd_printf                    
00000db9  lcd_putc                      
00000df1  lcd_puts                      
00000cbd  lcd_reverseNibble             
00000e0f  lcd_sendCommand               
00000e4d  lcd_sendNibble                
00000eb9  lcd_setCursorPos              
00002785  ldexp                         
00002785  ldexpl                        
20000f08  left_calibration_value        
000020a3  main                          
0000316b  memccpy                       
00002a43  memcpy                        
00002c89  memset                        
00001ae7  ping_getDistance              
000019a5  ping_init                     
00001a2b  ping_trigger                  
00002071  printString                   
20000f0c  pulseLength                   
20000f10  right_calibration_value       
20000f14  risingEdge                    
00002785  scalbn                        
00002785  scalbnl                       
00001f19  servo_init                    
00001fa9  servo_move                    
00002009  servo_setPWM                  
00001f9d  servo_stop                    
000031d1  strchr                        
000031b9  strcmp                        
000031e7  strcpy                        
000031fb  strlen                        
0000187b  timer_getMicros               
00001823  timer_getMillis               
0000175d  timer_init                    
000017ff  timer_pause                   
00001811  timer_resume                  
000017d5  timer_stop                    
000018d5  timer_waitMicros              
00001907  timer_waitMillis              
00003009  vsnprintf                     
0000320f  wcslen                        


GLOBAL SYMBOLS: SORTED BY Symbol Address 

address   name                          
-------   ----                          
00000000  __TI_static_base__            
00000000  g_pfnVectors                  
0000026d  __TI_printfi                  
00000400  __SYSMEM_SIZE                 
00000800  __STACK_SIZE                  
00000cbb  __aeabi_idiv0                 
00000cbb  __aeabi_ldiv0                 
00000cbd  lcd_reverseNibble             
00000cf9  lcd_init                      
00000db9  lcd_putc                      
00000df1  lcd_puts                      
00000e0f  lcd_sendCommand               
00000e4d  lcd_sendNibble                
00000e91  lcd_gotoLine                  
00000eb9  lcd_setCursorPos              
00000ef7  lcd_printf                    
00000fe5  cyBot_sendByte                
00000ff1  cyBot_uart_sendStr            
0000100b  cyBot_uart_sendBuffer         
00001023  cyBot_uart_init_last_half     
0000109b  cyBot_uart_init_clean         
000010f3  cyBot_uart_init_PHJ_first_half
00001153  cyBot_uart_init               
000011e9  cyBot_uart_flush              
00001203  cyBot_getByte_nonblocking     
00001223  cyBot_getByte_blocking        
00001231  cyBot_UART1_Handler           
000014fd  cyBOT_scan_version            
0000150b  cyBOT_init_Scan               
00001563  cyBOT_Scan                    
000015d5  cyBOT_SERVO_cal               
0000175d  timer_init                    
000017d5  timer_stop                    
000017ff  timer_pause                   
00001811  timer_resume                  
00001823  timer_getMillis               
0000187b  timer_getMicros               
000018d5  timer_waitMicros              
00001907  timer_waitMillis              
000019a5  ping_init                     
00001a2b  ping_trigger                  
00001a95  TIMER3B_Handler               
00001ae7  ping_getDistance              
00001d61  __aeabi_dsub                  
00001d6b  __aeabi_dadd                  
00001f19  servo_init                    
00001f9d  servo_stop                    
00001fa9  servo_move                    
00002009  servo_setPWM                  
00002071  printString                   
000020a3  main                          
00002301  __aeabi_ddiv                  
0000255d  ir_init                       
000025c5  ir_getValue                   
000025ed  ir_getDistance                
000025f5  ADC0SS0_Handler               
0000260b  ir_enableInterrupt            
00002675  button_init                   
000026a1  init_button_interrupts        
000026e5  gpioe_handler                 
000026f7  button_getButton              
00002785  ldexp                         
00002785  ldexpl                        
00002785  scalbn                        
00002785  scalbnl                       
00002895  __aeabi_dmul                  
00002a43  __aeabi_memcpy                
00002a43  __aeabi_memcpy4               
00002a43  __aeabi_memcpy8               
00002a43  memcpy                        
00002adf  __aeabi_uldivmod              
00002b75  __aeabi_cdcmpeq               
00002b75  __aeabi_cdcmple               
00002bfb  __aeabi_cdrcmple              
00002c81  __aeabi_memclr                
00002c81  __aeabi_memclr4               
00002c81  __aeabi_memclr8               
00002c83  __aeabi_memset                
00002c83  __aeabi_memset4               
00002c83  __aeabi_memset8               
00002c89  memset                        
00002d69  __TI_decompress_lzss          
00002dd1  frexp                         
00002dd1  frexpl                        
00002e8b  __TI_ltoa                     
00002f31  atoi                          
00002f7d  __aeabi_d2iz                  
00002fc5  __TI_auto_init_nobinit_nopinit
00003009  vsnprintf                     
00003089  IntRegister                   
000030bd  _c_int00_noargs               
00003121  __aeabi_i2d                   
0000314f  __TI_zero_init_nomemset       
0000316b  memccpy                       
00003187  copysign                      
00003187  copysignl                     
000031b9  strcmp                        
000031d1  strchr                        
000031e7  strcpy                        
000031fb  strlen                        
0000320f  wcslen                        
00003221  IntMasterEnable               
00003231  lcd_clear                     
00003241  __TI_decompress_none          
0000324f  CPUcpsie                      
0000325b  ResetISR                      
00003269  __aeabi_errno_addr            
00003271  _system_pre_init              
00003275  C$$EXIT                       
00003275  abort                         
00003278  _ctypes_                      
00003388  __TI_Handler_Table_Base       
00003394  __TI_Handler_Table_Limit      
000033b0  __TI_CINIT_Base               
000033c8  __TI_CINIT_Limit              
20000000  __start___llvm_prf_cnts       
20000000  __stop___llvm_prf_cnts        
20000000  g_pfnRAMVectors               
20000270  __stack                       
20000470  __STACK_TOP                   
20000a70  __STACK_END                   
20000a70  _sys_memory                   
20000ec4  isr_char_buffer               
20000ef8  _timeout_ticks                
20000efc  button_num                    
20000f00  fallingEdge                   
20000f04  isr_int_value                 
20000f08  left_calibration_value        
20000f0c  pulseLength                   
20000f10  right_calibration_value       
20000f14  risingEdge                    
20000f18  isRisingEdge                  
20000f1c  cyBOT_scan_features           
20000f20  isr_counter                   
20000f24  errno                         
20000f28  _running                      
ffffffff  __TI_pprof_out_hndl           
ffffffff  __TI_prof_data_size           
ffffffff  __TI_prof_data_start          
ffffffff  __binit__                     
ffffffff  __c_args__                    
ffffffff  binit                         
UNDEFED   __mpu_init                    
UNDEFED   _system_post_cinit            

[144 symbols]
