******************************************************************************
                  TI ARM Linker PC v20.2.7                     
******************************************************************************
>> Linked Thu Sep  7 12:28:43 2023

OUTPUT FILE NAME:   <lab_1.out>
ENTRY POINT SYMBOL: "_c_int00_noargs"  address: 00000631


MEMORY CONFIGURATION

         name            origin    length      used     unused   attr    fill
----------------------  --------  ---------  --------  --------  ----  --------
  FLASH                 00000000   00040000  000006ec  0003f914  R  X
  SRAM                  20000000   00008000  00000a71  0000758f  RW X


SEGMENT ALLOCATION MAP

run origin  load origin   length   init length attrs members
----------  ----------- ---------- ----------- ----- -------
00000000    00000000    000006f0   000006f0    r-x
  00000000    00000000    0000026c   0000026c    r-- .intvecs
  0000026c    0000026c    00000440   00000440    r-x .text
  000006b0    000006b0    00000040   00000040    r-- .cinit
20000000    20000000    00000a71   00000000    rw-
  20000000    20000000    0000026c   00000000    rw- .vtable
  2000026c    2000026c    00000004   00000000    rw- .bss
  20000270    20000270    00000800   00000000    rw- .stack
  20000a70    20000a70    00000001   00000000    rw- .data


SECTION ALLOCATION MAP

 output                                  attributes/
section   page    origin      length       input sections
--------  ----  ----------  ----------   ----------------
.intvecs   0    00000000    0000026c     
                  00000000    0000026c     tm4c123gh6pm_startup_ccs.obj (.intvecs)

.text      0    0000026c    00000440     
                  0000026c    00000248     Timer.obj (.text)
                  000004b4    0000009c     rtsv7M4_T_le_v4SPD16_eabi.lib : memcpy_t2.asm.obj (.text)
                  00000550    00000068                                   : copy_decompress_lzss.c.obj (.text:decompress:lzss:__TI_decompress_lzss)
                  000005b8    00000044                                   : autoinit.c.obj (.text:__TI_auto_init_nobinit_nopinit:__TI_auto_init_nobinit_nopinit)
                  000005fc    00000034     driverlib.lib : interrupt.obj (.text:IntRegister)
                  00000630    00000034     rtsv7M4_T_le_v4SPD16_eabi.lib : boot_cortex_m.c.obj (.text:_c_int00_noargs:_c_int00_noargs)
                  00000664    0000001c                                   : copy_zero_init.c.obj (.text:decompress:ZI:__TI_zero_init_nomemset:__TI_zero_init_nomemset)
                  00000680    0000000e                                   : copy_decompress_none.c.obj (.text:decompress:none:__TI_decompress_none)
                  0000068e    0000000c     tm4c123gh6pm_startup_ccs.obj (.text)
                  0000069a    0000000a     helloworld.obj (.text)
                  000006a4    00000004     rtsv7M4_T_le_v4SPD16_eabi.lib : pre_init.c.obj (.text:_system_pre_init)
                  000006a8    00000004                                   : exit.c.obj (.text:abort:abort)

.cinit     0    000006b0    00000040     
                  000006b0    0000000c     (__TI_handler_table)
                  000006bc    00000004     --HOLE-- [fill = 0]
                  000006c0    00000008     (.cinit..bss.load) [load image, compression = zero_init]
                  000006c8    00000008     (.cinit..vtable.load) [load image, compression = zero_init]
                  000006d0    00000005     (.cinit..data.load) [load image, compression = lzss]
                  000006d5    00000003     --HOLE-- [fill = 0]
                  000006d8    00000018     (__TI_cinit_table)

.init_array 
*          0    00000000    00000000     UNINITIALIZED

.vtable    0    20000000    0000026c     UNINITIALIZED
                  20000000    0000026c     driverlib.lib : interrupt.obj (.vtable)

.bss       0    2000026c    00000004     UNINITIALIZED
                  2000026c    00000004     (.common:_timeout_ticks)

.data      0    20000a70    00000001     UNINITIALIZED
                  20000a70    00000001     Timer.obj (.data)

.stack     0    20000270    00000800     UNINITIALIZED
                  20000270    00000004     rtsv7M4_T_le_v4SPD16_eabi.lib : boot_cortex_m.c.obj (.stack)
                  20000274    000007fc     --HOLE--

__llvm_prf_cnts 
*          0    20000000    00000000     UNINITIALIZED

MODULE SUMMARY

       Module                         code   ro data   rw data
       ------                         ----   -------   -------
    .\
       tm4c123gh6pm_startup_ccs.obj   12     620       0      
       Timer.obj                      584    0         5      
       helloworld.obj                 10     0         0      
    +--+------------------------------+------+---------+---------+
       Total:                         606    620       5      
                                                              
    C:/ti/TivaWare_C_Series-2.2.0.295/driverlib/ccs/Debug/driverlib.lib
       interrupt.obj                  52     0         620    
    +--+------------------------------+------+---------+---------+
       Total:                         52     0         620    
                                                              
    C:\ti\ccs1230\ccs\tools\compiler\ti-cgt-arm_20.2.7.LTS\lib\rtsv7M4_T_le_v4SPD16_eabi.lib
       memcpy_t2.asm.obj              156    0         0      
       copy_decompress_lzss.c.obj     104    0         0      
       autoinit.c.obj                 68     0         0      
       boot_cortex_m.c.obj            52     0         0      
       copy_zero_init.c.obj           28     0         0      
       copy_decompress_none.c.obj     14     0         0      
       exit.c.obj                     4      0         0      
       pre_init.c.obj                 4      0         0      
    +--+------------------------------+------+---------+---------+
       Total:                         430    0         0      
                                                              
       Stack:                         0      0         2048   
       Linker Generated:              0      57        0      
    +--+------------------------------+------+---------+---------+
       Grand Total:                   1088   677       2673   


LINKER GENERATED COPY TABLES

__TI_cinit_table @ 000006d8 records: 3, size/record: 8, table size: 24
	.bss: load addr=000006c0, load size=00000008 bytes, run addr=2000026c, run size=00000004 bytes, compression=zero_init
	.vtable: load addr=000006c8, load size=00000008 bytes, run addr=20000000, run size=0000026c bytes, compression=zero_init
	.data: load addr=000006d0, load size=00000005 bytes, run addr=20000a70, run size=00000001 bytes, compression=lzss


LINKER GENERATED HANDLER TABLE

__TI_handler_table @ 000006b0 records: 3, size/record: 4, table size: 12
	index: 0, handler: __TI_zero_init
	index: 1, handler: __TI_decompress_lzss
	index: 2, handler: __TI_decompress_none


GLOBAL SYMBOLS: SORTED ALPHABETICALLY BY Name 

address   name                          
-------   ----                          
000006a9  C$$EXIT                       
000005fd  IntRegister                   
0000068f  ResetISR                      
20000a70  __STACK_END                   
00000800  __STACK_SIZE                  
20000470  __STACK_TOP                   
000006d8  __TI_CINIT_Base               
000006f0  __TI_CINIT_Limit              
000006b0  __TI_Handler_Table_Base       
000006bc  __TI_Handler_Table_Limit      
000005b9  __TI_auto_init_nobinit_nopinit
00000551  __TI_decompress_lzss          
00000681  __TI_decompress_none          
ffffffff  __TI_pprof_out_hndl           
ffffffff  __TI_prof_data_size           
ffffffff  __TI_prof_data_start          
00000000  __TI_static_base__            
00000665  __TI_zero_init_nomemset       
000004b5  __aeabi_memcpy                
000004b5  __aeabi_memcpy4               
000004b5  __aeabi_memcpy8               
ffffffff  __binit__                     
ffffffff  __c_args__                    
UNDEFED   __mpu_init                    
20000270  __stack                       
20000000  __start___llvm_prf_cnts       
20000000  __stop___llvm_prf_cnts        
00000631  _c_int00_noargs               
20000a70  _running                      
UNDEFED   _system_post_cinit            
000006a5  _system_pre_init              
2000026c  _timeout_ticks                
000006a9  abort                         
ffffffff  binit                         
20000000  g_pfnRAMVectors               
00000000  g_pfnVectors                  
0000069b  main                          
000004b5  memcpy                        
0000038b  timer_getMicros               
00000333  timer_getMillis               
0000026d  timer_init                    
0000030f  timer_pause                   
00000321  timer_resume                  
000002e5  timer_stop                    
000003e5  timer_waitMicros              
00000417  timer_waitMillis              


GLOBAL SYMBOLS: SORTED BY Symbol Address 

address   name                          
-------   ----                          
00000000  __TI_static_base__            
00000000  g_pfnVectors                  
0000026d  timer_init                    
000002e5  timer_stop                    
0000030f  timer_pause                   
00000321  timer_resume                  
00000333  timer_getMillis               
0000038b  timer_getMicros               
000003e5  timer_waitMicros              
00000417  timer_waitMillis              
000004b5  __aeabi_memcpy                
000004b5  __aeabi_memcpy4               
000004b5  __aeabi_memcpy8               
000004b5  memcpy                        
00000551  __TI_decompress_lzss          
000005b9  __TI_auto_init_nobinit_nopinit
000005fd  IntRegister                   
00000631  _c_int00_noargs               
00000665  __TI_zero_init_nomemset       
00000681  __TI_decompress_none          
0000068f  ResetISR                      
0000069b  main                          
000006a5  _system_pre_init              
000006a9  C$$EXIT                       
000006a9  abort                         
000006b0  __TI_Handler_Table_Base       
000006bc  __TI_Handler_Table_Limit      
000006d8  __TI_CINIT_Base               
000006f0  __TI_CINIT_Limit              
00000800  __STACK_SIZE                  
20000000  __start___llvm_prf_cnts       
20000000  __stop___llvm_prf_cnts        
20000000  g_pfnRAMVectors               
2000026c  _timeout_ticks                
20000270  __stack                       
20000470  __STACK_TOP                   
20000a70  __STACK_END                   
20000a70  _running                      
ffffffff  __TI_pprof_out_hndl           
ffffffff  __TI_prof_data_size           
ffffffff  __TI_prof_data_start          
ffffffff  __binit__                     
ffffffff  __c_args__                    
ffffffff  binit                         
UNDEFED   __mpu_init                    
UNDEFED   _system_post_cinit            

[46 symbols]
