******************************************************************************
                  TI ARM Linker PC v20.2.7                     
******************************************************************************
>> Linked Mon Nov 13 08:18:50 2023

OUTPUT FILE NAME:   <Final_Project.out>
ENTRY POINT SYMBOL: "_c_int00_noargs"  address: 000029e5


MEMORY CONFIGURATION

         name            origin    length      used     unused   attr    fill
----------------------  --------  ---------  --------  --------  ----  --------
  FLASH                 00000000   00040000  00002d15  0003d2eb  R  X
  SRAM                  20000000   00008000  00000ed4  0000712c  RW X


SEGMENT ALLOCATION MAP

run origin  load origin   length   init length attrs members
----------  ----------- ---------- ----------- ----- -------
00000000    00000000    00002d18   00002d18    r-x
  00000000    00000000    0000026c   0000026c    r-- .intvecs
  0000026c    0000026c    00002960   00002960    r-x .text
  00002bcc    00002bcc    00000109   00000109    r-- .const
  00002cd8    00002cd8    00000040   00000040    r-- .cinit
20000000    20000000    00000ed9   00000000    rw-
  20000000    20000000    0000026c   00000000    rw- .vtable
  20000270    20000270    00000800   00000000    rw- .stack
  20000a70    20000a70    00000400   00000000    rw- .sysmem
  20000e70    20000e70    00000063   00000000    rw- .bss
  20000ed4    20000ed4    00000005   00000000    rw- .data


SECTION ALLOCATION MAP

 output                                  attributes/
section   page    origin      length       input sections
--------  ----  ----------  ----------   ----------------
.intvecs   0    00000000    0000026c     
                  00000000    0000026c     tm4c123gh6pm_startup_ccs.obj (.intvecs)

.text      0    0000026c    00002960     
                  0000026c    00000a4e     rtsv7M4_T_le_v4SPD16_eabi.lib : _printfi.c.obj (.text:__TI_printfi)
                  00000cba    00000002                                   : div0.asm.obj (.text)
                  00000cbc    00000328     lcd.obj (.text)
                  00000fe4    00000270     rtsv7M4_T_le_v4SPD16_eabi.lib : _printfi.c.obj (.text:_pconv_a)
                  00001254    00000248     Timer.obj (.text)
                  0000149c    000001d0     rtsv7M4_T_le_v4SPD16_eabi.lib : _printfi.c.obj (.text:_pconv_g)
                  0000166c    000001cc     ping.obj (.text)
                  00001838    000001b6     rtsv7M4_T_le_v4SPD16_eabi.lib : fd_add_t2.asm.obj (.text)
                  000019ee    00000002     --HOLE-- [fill = 0]
                  000019f0    000001a8     uart.obj (.text)
                  00001b98    00000144     servo.obj (.text)
                  00001cdc    0000013c     rtsv7M4_T_le_v4SPD16_eabi.lib : _printfi.c.obj (.text:_pconv_e)
                  00001e18    00000136                                   : fd_div_t2.asm.obj (.text)
                  00001f4e    00000002     --HOLE-- [fill = 0]
                  00001f50    00000124                                   : _printfi.c.obj (.text:fcvt)
                  00002074    00000110                                   : s_scalbn.c.obj (.text:scalbn)
                  00002184    000000fc                                   : fd_mul_t2.asm.obj (.text)
                  00002280    000000b1                                   : _printfi.c.obj (.text:_ltostr)
                  00002331    00000001     --HOLE-- [fill = 0]
                  00002332    0000009c                                   : memcpy_t2.asm.obj (.text)
                  000023ce    00000096                                   : ull_div_t2.asm.obj (.text)
                  00002464    00000086                                   : fd_cmp_t2.asm.obj (.text:__aeabi_cdcmple)
                  000024ea    00000086                                   : fd_cmp_t2.asm.obj (.text:__aeabi_cdrcmple)
                  00002570    0000007a                                   : memset_t2.asm.obj (.text)
                  000025ea    0000006e                                   : _printfi.c.obj (.text:_mcpy)
                  00002658    00000068                                   : copy_decompress_lzss.c.obj (.text:decompress:lzss:__TI_decompress_lzss)
                  000026c0    00000064                                   : s_frexp.c.obj (.text:frexp)
                  00002724    00000056                                   : _printfi.c.obj (.text:_pconv_f)
                  0000277a    00000054                                   : _ltoa.c.obj (.text:__TI_ltoa)
                  000027ce    00000052                                   : _printfi.c.obj (.text:_ecpy)
                  00002820    0000004c                                   : atoi.c.obj (.text:atoi)
                  0000286c    00000048                                   : fd_toi_t2.asm.obj (.text)
                  000028b4    00000044                                   : autoinit.c.obj (.text:__TI_auto_init_nobinit_nopinit:__TI_auto_init_nobinit_nopinit)
                  000028f8    00000040                                   : vsnprintf.c.obj (.text:vsnprintf)
                  00002938    0000003e                                   : _printfi.c.obj (.text:_fcpy)
                  00002976    00000038                                   : fs_tod_t2.asm.obj (.text)
                  000029ae    00000002     --HOLE-- [fill = 0]
                  000029b0    00000034     driverlib.lib : interrupt.obj (.text:IntRegister)
                  000029e4    00000034     rtsv7M4_T_le_v4SPD16_eabi.lib : boot_cortex_m.c.obj (.text:_c_int00_noargs:_c_int00_noargs)
                  00002a18    00000030                                   : vsnprintf.c.obj (.text:_outs)
                  00002a48    0000002e                                   : i_tofd_t2.asm.obj (.text)
                  00002a76    0000002c     main.obj (.text)
                  00002aa2    0000001c     rtsv7M4_T_le_v4SPD16_eabi.lib : copy_zero_init.c.obj (.text:decompress:ZI:__TI_zero_init_nomemset:__TI_zero_init_nomemset)
                  00002abe    0000001c                                   : memccpy.c.obj (.text:memccpy)
                  00002ada    0000001a                                   : s_copysign.c.obj (.text:copysign)
                  00002af4    00000018                                   : vsnprintf.c.obj (.text:_outc)
                  00002b0c    00000018                                   : strcmp.c.obj (.text:strcmp)
                  00002b24    00000016                                   : strchr.c.obj (.text:strchr)
                  00002b3a    00000014                                   : strcpy.c.obj (.text:strcpy)
                  00002b4e    00000014                                   : strlen.c.obj (.text:strlen)
                  00002b62    00000012                                   : wcslen.c.obj (.text:wcslen)
                  00002b74    00000010     driverlib.lib : interrupt.obj (.text:IntMasterEnable)
                  00002b84    00000010     lcd.obj (.text:lcd_clear)
                  00002b94    0000000e     rtsv7M4_T_le_v4SPD16_eabi.lib : copy_decompress_none.c.obj (.text:decompress:none:__TI_decompress_none)
                  00002ba2    0000000c     driverlib.lib : cpu.obj (.text:CPUcpsie)
                  00002bae    0000000c     tm4c123gh6pm_startup_ccs.obj (.text)
                  00002bba    00000002     --HOLE-- [fill = 0]
                  00002bbc    00000008     rtsv7M4_T_le_v4SPD16_eabi.lib : errno.c.obj (.text:__aeabi_errno_addr)
                  00002bc4    00000004                                   : pre_init.c.obj (.text:_system_pre_init)
                  00002bc8    00000004                                   : exit.c.obj (.text:abort:abort)

.const     0    00002bcc    00000109     
                  00002bcc    00000101     rtsv7M4_T_le_v4SPD16_eabi.lib : ctype.c.obj (.const:.string:_ctypes_)
                  00002ccd    00000004     lcd.obj (.const:.string:lineAddress$1)
                  00002cd1    00000004     lcd.obj (.const:.string:lineAddresses$2)

.cinit     0    00002cd8    00000040     
                  00002cd8    0000000c     (__TI_handler_table)
                  00002ce4    00000004     --HOLE-- [fill = 0]
                  00002ce8    00000008     (.cinit..bss.load) [load image, compression = zero_init]
                  00002cf0    00000008     (.cinit..vtable.load) [load image, compression = zero_init]
                  00002cf8    00000007     (.cinit..data.load) [load image, compression = lzss]
                  00002cff    00000001     --HOLE-- [fill = 0]
                  00002d00    00000018     (__TI_cinit_table)

.init_array 
*          0    00000000    00000000     UNINITIALIZED

.vtable    0    20000000    0000026c     UNINITIALIZED
                  20000000    0000026c     driverlib.lib : interrupt.obj (.vtable)

.stack     0    20000270    00000800     UNINITIALIZED
                  20000270    00000004     rtsv7M4_T_le_v4SPD16_eabi.lib : boot_cortex_m.c.obj (.stack)
                  20000274    000007fc     --HOLE--

.sysmem    0    20000a70    00000400     UNINITIALIZED
                  20000a70    00000010     rtsv7M4_T_le_v4SPD16_eabi.lib : memory.c.obj (.sysmem)
                  20000a80    000003f0     --HOLE--

.bss       0    20000e70    00000063     UNINITIALIZED
                  20000e70    00000054     lcd.obj (.bss:lastbuffer$3)
                  20000ec4    00000004     (.common:_timeout_ticks)
                  20000ec8    00000004     (.common:falling_time)
                  20000ecc    00000004     (.common:rising_time)
                  20000ed0    00000001     (.common:state)
                  20000ed1    00000001     (.common:uart_data)
                  20000ed2    00000001     (.common:uart_flag)

.data      0    20000ed4    00000005     UNINITIALIZED
                  20000ed4    00000004     rtsv7M4_T_le_v4SPD16_eabi.lib : errno.c.obj (.data)
                  20000ed8    00000001     Timer.obj (.data)

__llvm_prf_cnts 
*          0    20000000    00000000     UNINITIALIZED

MODULE SUMMARY

       Module                         code    ro data   rw data
       ------                         ----    -------   -------
    .\
       lcd.obj                        824     8         84     
       tm4c123gh6pm_startup_ccs.obj   12      620       0      
       Timer.obj                      584     0         5      
       ping.obj                       460     0         9      
       uart.obj                       424     0         2      
       servo.obj                      324     0         0      
       main.obj                       44      0         0      
    +--+------------------------------+-------+---------+---------+
       Total:                         2672    628       100    
                                                               
    C:/ti/TivaWare_C_Series-2.2.0.295/driverlib/ccs/Debug/driverlib.lib
       interrupt.obj                  68      0         620    
       cpu.obj                        12      0         0      
    +--+------------------------------+-------+---------+---------+
       Total:                         80      0         620    
                                                               
    C:\ti\ccs1230\ccs\tools\compiler\ti-cgt-arm_20.2.7.LTS\lib\rtsv7M4_T_le_v4SPD16_eabi.lib
       _printfi.c.obj                 4851    0         0      
       fd_add_t2.asm.obj              438     0         0      
       fd_div_t2.asm.obj              310     0         0      
       s_scalbn.c.obj                 272     0         0      
       fd_cmp_t2.asm.obj              268     0         0      
       ctype.c.obj                    0       257       0      
       fd_mul_t2.asm.obj              252     0         0      
       memcpy_t2.asm.obj              156     0         0      
       ull_div_t2.asm.obj             150     0         0      
       vsnprintf.c.obj                136     0         0      
       memset_t2.asm.obj              122     0         0      
       copy_decompress_lzss.c.obj     104     0         0      
       s_frexp.c.obj                  100     0         0      
       _ltoa.c.obj                    84      0         0      
       atoi.c.obj                     76      0         0      
       fd_toi_t2.asm.obj              72      0         0      
       autoinit.c.obj                 68      0         0      
       fs_tod_t2.asm.obj              56      0         0      
       boot_cortex_m.c.obj            52      0         0      
       i_tofd_t2.asm.obj              46      0         0      
       copy_zero_init.c.obj           28      0         0      
       memccpy.c.obj                  28      0         0      
       s_copysign.c.obj               26      0         0      
       strcmp.c.obj                   24      0         0      
       strchr.c.obj                   22      0         0      
       strcpy.c.obj                   20      0         0      
       strlen.c.obj                   20      0         0      
       wcslen.c.obj                   18      0         0      
       copy_decompress_none.c.obj     14      0         0      
       errno.c.obj                    8       0         4      
       exit.c.obj                     4       0         0      
       pre_init.c.obj                 4       0         0      
       div0.asm.obj                   2       0         0      
    +--+------------------------------+-------+---------+---------+
       Total:                         7831    257       4      
                                                               
       Heap:                          0       0         1024   
       Stack:                         0       0         2048   
       Linker Generated:              0       59        0      
    +--+------------------------------+-------+---------+---------+
       Grand Total:                   10583   944       3796   


LINKER GENERATED COPY TABLES

__TI_cinit_table @ 00002d00 records: 3, size/record: 8, table size: 24
	.bss: load addr=00002ce8, load size=00000008 bytes, run addr=20000e70, run size=00000063 bytes, compression=zero_init
	.vtable: load addr=00002cf0, load size=00000008 bytes, run addr=20000000, run size=0000026c bytes, compression=zero_init
	.data: load addr=00002cf8, load size=00000007 bytes, run addr=20000ed4, run size=00000005 bytes, compression=lzss


LINKER GENERATED HANDLER TABLE

__TI_handler_table @ 00002cd8 records: 3, size/record: 4, table size: 12
	index: 0, handler: __TI_zero_init
	index: 1, handler: __TI_decompress_lzss
	index: 2, handler: __TI_decompress_none


GLOBAL SYMBOLS: SORTED ALPHABETICALLY BY Name 

address   name                          
-------   ----                          
00002bc9  C$$EXIT                       
00002ba3  CPUcpsie                      
00002b75  IntMasterEnable               
000029b1  IntRegister                   
00002baf  ResetISR                      
000017a3  TIMER3B_Handler               
20000a70  __STACK_END                   
00000800  __STACK_SIZE                  
20000470  __STACK_TOP                   
00000400  __SYSMEM_SIZE                 
00002d00  __TI_CINIT_Base               
00002d18  __TI_CINIT_Limit              
00002cd8  __TI_Handler_Table_Base       
00002ce4  __TI_Handler_Table_Limit      
000028b5  __TI_auto_init_nobinit_nopinit
00002659  __TI_decompress_lzss          
00002b95  __TI_decompress_none          
0000277b  __TI_ltoa                     
ffffffff  __TI_pprof_out_hndl           
0000026d  __TI_printfi                  
ffffffff  __TI_prof_data_size           
ffffffff  __TI_prof_data_start          
00000000  __TI_static_base__            
00002aa3  __TI_zero_init_nomemset       
00002465  __aeabi_cdcmpeq               
00002465  __aeabi_cdcmple               
000024eb  __aeabi_cdrcmple              
0000286d  __aeabi_d2iz                  
00001843  __aeabi_dadd                  
00001e19  __aeabi_ddiv                  
00002185  __aeabi_dmul                  
00001839  __aeabi_dsub                  
00002bbd  __aeabi_errno_addr            
00002977  __aeabi_f2d                   
00002a49  __aeabi_i2d                   
00000cbb  __aeabi_idiv0                 
00000cbb  __aeabi_ldiv0                 
00002571  __aeabi_memclr                
00002571  __aeabi_memclr4               
00002571  __aeabi_memclr8               
00002333  __aeabi_memcpy                
00002333  __aeabi_memcpy4               
00002333  __aeabi_memcpy8               
00002573  __aeabi_memset                
00002573  __aeabi_memset4               
00002573  __aeabi_memset8               
000023cf  __aeabi_uldivmod              
ffffffff  __binit__                     
ffffffff  __c_args__                    
UNDEFED   __mpu_init                    
20000270  __stack                       
20000000  __start___llvm_prf_cnts       
20000000  __stop___llvm_prf_cnts        
000029e5  _c_int00_noargs               
00002bcc  _ctypes_                      
20000ed8  _running                      
20000a70  _sys_memory                   
UNDEFED   _system_post_cinit            
00002bc5  _system_pre_init              
20000ec4  _timeout_ticks                
00002bc9  abort                         
00002821  atoi                          
ffffffff  binit                         
00002adb  copysign                      
00002adb  copysignl                     
20000ed4  errno                         
20000ec8  falling_time                  
000026c1  frexp                         
000026c1  frexpl                        
20000000  g_pfnRAMVectors               
00000000  g_pfnVectors                  
00002b85  lcd_clear                     
00000e91  lcd_gotoLine                  
00000cf9  lcd_init                      
00000ef7  lcd_printf                    
00000db9  lcd_putc                      
00000df1  lcd_puts                      
00000cbd  lcd_reverseNibble             
00000e0f  lcd_sendCommand               
00000e4d  lcd_sendNibble                
00000eb9  lcd_setCursorPos              
00002075  ldexp                         
00002075  ldexpl                        
00002a77  main                          
00002abf  memccpy                       
00002333  memcpy                        
00002579  memset                        
0000166d  ping_init                     
00001781  ping_read                     
20000ecc  rising_time                   
00002075  scalbn                        
00002075  scalbnl                       
00001707  sendTrigger                   
00001c15  servo_calibrate               
00001b99  servo_init                    
00001c6d  servo_move                    
20000ed0  state                         
00002b25  strchr                        
00002b0d  strcmp                        
00002b3b  strcpy                        
00002b4f  strlen                        
00001373  timer_getMicros               
0000131b  timer_getMillis               
00001255  timer_init                    
000012f7  timer_pause                   
00001309  timer_resume                  
000012cd  timer_stop                    
000013cd  timer_waitMicros              
000013ff  timer_waitMillis              
00001b1d  uart1_Handler                 
00001ab3  uart_byte_to_recive           
20000ed1  uart_data                     
20000ed2  uart_flag                     
000019f1  uart_init                     
00001afd  uart_interrupt_init           
00001ac3  uart_receive                  
00001a97  uart_sendChar                 
00001adf  uart_sendStr                  
000028f9  vsnprintf                     
00002b63  wcslen                        


GLOBAL SYMBOLS: SORTED BY Symbol Address 

address   name                          
-------   ----                          
00000000  __TI_static_base__            
00000000  g_pfnVectors                  
0000026d  __TI_printfi                  
00000400  __SYSMEM_SIZE                 
00000800  __STACK_SIZE                  
00000cbb  __aeabi_idiv0                 
00000cbb  __aeabi_ldiv0                 
00000cbd  lcd_reverseNibble             
00000cf9  lcd_init                      
00000db9  lcd_putc                      
00000df1  lcd_puts                      
00000e0f  lcd_sendCommand               
00000e4d  lcd_sendNibble                
00000e91  lcd_gotoLine                  
00000eb9  lcd_setCursorPos              
00000ef7  lcd_printf                    
00001255  timer_init                    
000012cd  timer_stop                    
000012f7  timer_pause                   
00001309  timer_resume                  
0000131b  timer_getMillis               
00001373  timer_getMicros               
000013cd  timer_waitMicros              
000013ff  timer_waitMillis              
0000166d  ping_init                     
00001707  sendTrigger                   
00001781  ping_read                     
000017a3  TIMER3B_Handler               
00001839  __aeabi_dsub                  
00001843  __aeabi_dadd                  
000019f1  uart_init                     
00001a97  uart_sendChar                 
00001ab3  uart_byte_to_recive           
00001ac3  uart_receive                  
00001adf  uart_sendStr                  
00001afd  uart_interrupt_init           
00001b1d  uart1_Handler                 
00001b99  servo_init                    
00001c15  servo_calibrate               
00001c6d  servo_move                    
00001e19  __aeabi_ddiv                  
00002075  ldexp                         
00002075  ldexpl                        
00002075  scalbn                        
00002075  scalbnl                       
00002185  __aeabi_dmul                  
00002333  __aeabi_memcpy                
00002333  __aeabi_memcpy4               
00002333  __aeabi_memcpy8               
00002333  memcpy                        
000023cf  __aeabi_uldivmod              
00002465  __aeabi_cdcmpeq               
00002465  __aeabi_cdcmple               
000024eb  __aeabi_cdrcmple              
00002571  __aeabi_memclr                
00002571  __aeabi_memclr4               
00002571  __aeabi_memclr8               
00002573  __aeabi_memset                
00002573  __aeabi_memset4               
00002573  __aeabi_memset8               
00002579  memset                        
00002659  __TI_decompress_lzss          
000026c1  frexp                         
000026c1  frexpl                        
0000277b  __TI_ltoa                     
00002821  atoi                          
0000286d  __aeabi_d2iz                  
000028b5  __TI_auto_init_nobinit_nopinit
000028f9  vsnprintf                     
00002977  __aeabi_f2d                   
000029b1  IntRegister                   
000029e5  _c_int00_noargs               
00002a49  __aeabi_i2d                   
00002a77  main                          
00002aa3  __TI_zero_init_nomemset       
00002abf  memccpy                       
00002adb  copysign                      
00002adb  copysignl                     
00002b0d  strcmp                        
00002b25  strchr                        
00002b3b  strcpy                        
00002b4f  strlen                        
00002b63  wcslen                        
00002b75  IntMasterEnable               
00002b85  lcd_clear                     
00002b95  __TI_decompress_none          
00002ba3  CPUcpsie                      
00002baf  ResetISR                      
00002bbd  __aeabi_errno_addr            
00002bc5  _system_pre_init              
00002bc9  C$$EXIT                       
00002bc9  abort                         
00002bcc  _ctypes_                      
00002cd8  __TI_Handler_Table_Base       
00002ce4  __TI_Handler_Table_Limit      
00002d00  __TI_CINIT_Base               
00002d18  __TI_CINIT_Limit              
20000000  __start___llvm_prf_cnts       
20000000  __stop___llvm_prf_cnts        
20000000  g_pfnRAMVectors               
20000270  __stack                       
20000470  __STACK_TOP                   
20000a70  __STACK_END                   
20000a70  _sys_memory                   
20000ec4  _timeout_ticks                
20000ec8  falling_time                  
20000ecc  rising_time                   
20000ed0  state                         
20000ed1  uart_data                     
20000ed2  uart_flag                     
20000ed4  errno                         
20000ed8  _running                      
ffffffff  __TI_pprof_out_hndl           
ffffffff  __TI_prof_data_size           
ffffffff  __TI_prof_data_start          
ffffffff  __binit__                     
ffffffff  __c_args__                    
ffffffff  binit                         
UNDEFED   __mpu_init                    
UNDEFED   _system_post_cinit            

[120 symbols]
