******************************************************************************
                  TI ARM Linker PC v20.2.7                     
******************************************************************************
>> Linked Thu Nov 16 13:47:09 2023

OUTPUT FILE NAME:   <Final_Project.out>
ENTRY POINT SYMBOL: "_c_int00_noargs"  address: 00003b95


MEMORY CONFIGURATION

         name            origin    length      used     unused   attr    fill
----------------------  --------  ---------  --------  --------  ----  --------
  FLASH                 00000000   00040000  00003f76  0003c08a  R  X
  SRAM                  20000000   00008000  00000ee0  00007120  RW X


SEGMENT ALLOCATION MAP

run origin  load origin   length   init length attrs members
----------  ----------- ---------- ----------- ----- -------
00000000    00000000    00003f78   00003f78    r-x
  00000000    00000000    0000026c   0000026c    r-- .intvecs
  0000026c    0000026c    00003b2c   00003b2c    r-x .text
  00003d98    00003d98    00000196   00000196    r-- .const
  00003f30    00003f30    00000048   00000048    r-- .cinit
20000000    20000000    00000ee5   00000000    rw-
  20000000    20000000    0000026c   00000000    rw- .vtable
  20000270    20000270    00000800   00000000    rw- .stack
  20000a70    20000a70    00000400   00000000    rw- .sysmem
  20000e70    20000e70    00000063   00000000    rw- .bss
  20000ed4    20000ed4    00000011   00000000    rw- .data


SECTION ALLOCATION MAP

 output                                  attributes/
section   page    origin      length       input sections
--------  ----  ----------  ----------   ----------------
.intvecs   0    00000000    0000026c     
                  00000000    0000026c     tm4c123gh6pm_startup_ccs.obj (.intvecs)

.text      0    0000026c    00003b2c     
                  0000026c    00000a4e     rtsv7M4_T_le_v4SPD16_eabi.lib : _printfi.c.obj (.text:__TI_printfi)
                  00000cba    00000002                                   : div0.asm.obj (.text)
                  00000cbc    000009d0                                   : e_pow.c.obj (.text:pow)
                  0000168c    0000050c     scan.obj (.text)
                  00001b98    00000328     lcd.obj (.text)
                  00001ec0    00000270     rtsv7M4_T_le_v4SPD16_eabi.lib : _printfi.c.obj (.text:_pconv_a)
                  00002130    00000248     Timer.obj (.text)
                  00002378    000001d0     rtsv7M4_T_le_v4SPD16_eabi.lib : _printfi.c.obj (.text:_pconv_g)
                  00002548    000001cc     ping.obj (.text)
                  00002714    000001b6     rtsv7M4_T_le_v4SPD16_eabi.lib : fd_add_t2.asm.obj (.text)
                  000028ca    00000002     --HOLE-- [fill = 0]
                  000028cc    000001a8     uart.obj (.text)
                  00002a74    00000158     rtsv7M4_T_le_v4SPD16_eabi.lib : e_sqrt.c.obj (.text:sqrt)
                  00002bcc    00000144     servo.obj (.text)
                  00002d10    0000013c     rtsv7M4_T_le_v4SPD16_eabi.lib : _printfi.c.obj (.text:_pconv_e)
                  00002e4c    00000136                                   : fd_div_t2.asm.obj (.text)
                  00002f82    00000002     --HOLE-- [fill = 0]
                  00002f84    00000124                                   : _printfi.c.obj (.text:fcvt)
                  000030a8    00000110                                   : s_scalbn.c.obj (.text:scalbn)
                  000031b8    000000fc                                   : fd_mul_t2.asm.obj (.text)
                  000032b4    000000f4     adc.obj (.text)
                  000033a8    000000b1     rtsv7M4_T_le_v4SPD16_eabi.lib : _printfi.c.obj (.text:_ltostr)
                  00003459    00000001     --HOLE-- [fill = 0]
                  0000345a    0000009c                                   : memcpy_t2.asm.obj (.text)
                  000034f6    00000096                                   : ull_div_t2.asm.obj (.text)
                  0000358c    00000086                                   : fd_cmp_t2.asm.obj (.text:__aeabi_cdcmple)
                  00003612    00000086                                   : fd_cmp_t2.asm.obj (.text:__aeabi_cdrcmple)
                  00003698    0000007a                                   : memset_t2.asm.obj (.text)
                  00003712    0000006e                                   : _printfi.c.obj (.text:_mcpy)
                  00003780    00000068                                   : copy_decompress_lzss.c.obj (.text:decompress:lzss:__TI_decompress_lzss)
                  000037e8    00000064                                   : s_frexp.c.obj (.text:frexp)
                  0000384c    00000056                                   : _printfi.c.obj (.text:_pconv_f)
                  000038a2    00000054                                   : _ltoa.c.obj (.text:__TI_ltoa)
                  000038f6    00000052                                   : _printfi.c.obj (.text:_ecpy)
                  00003948    0000004c                                   : atoi.c.obj (.text:atoi)
                  00003994    0000004c                                   : snprintf.c.obj (.text:snprintf)
                  000039e0    00000048                                   : fd_toi_t2.asm.obj (.text)
                  00003a28    00000044                                   : autoinit.c.obj (.text:__TI_auto_init_nobinit_nopinit:__TI_auto_init_nobinit_nopinit)
                  00003a6c    00000040                                   : vsnprintf.c.obj (.text:vsnprintf)
                  00003aac    0000003e                                   : _printfi.c.obj (.text:_fcpy)
                  00003aea    0000003c     main.obj (.text)
                  00003b26    00000038     rtsv7M4_T_le_v4SPD16_eabi.lib : fs_tod_t2.asm.obj (.text)
                  00003b5e    00000002     --HOLE-- [fill = 0]
                  00003b60    00000034     driverlib.lib : interrupt.obj (.text:IntRegister)
                  00003b94    00000034     rtsv7M4_T_le_v4SPD16_eabi.lib : boot_cortex_m.c.obj (.text:_c_int00_noargs:_c_int00_noargs)
                  00003bc8    00000030                                   : snprintf.c.obj (.text:_outs)
                  00003bf8    00000030                                   : vsnprintf.c.obj (.text:_outs)
                  00003c28    0000002e                                   : i_tofd_t2.asm.obj (.text)
                  00003c56    0000001c                                   : copy_zero_init.c.obj (.text:decompress:ZI:__TI_zero_init_nomemset:__TI_zero_init_nomemset)
                  00003c72    0000001c                                   : memccpy.c.obj (.text:memccpy)
                  00003c8e    0000001a                                   : s_copysign.c.obj (.text:copysign)
                  00003ca8    00000018                                   : snprintf.c.obj (.text:_outc)
                  00003cc0    00000018                                   : vsnprintf.c.obj (.text:_outc)
                  00003cd8    00000018                                   : strcmp.c.obj (.text:strcmp)
                  00003cf0    00000016                                   : strchr.c.obj (.text:strchr)
                  00003d06    00000014                                   : strcpy.c.obj (.text:strcpy)
                  00003d1a    00000014                                   : strlen.c.obj (.text:strlen)
                  00003d2e    00000012                                   : wcslen.c.obj (.text:wcslen)
                  00003d40    00000010     driverlib.lib : interrupt.obj (.text:IntMasterEnable)
                  00003d50    00000010     lcd.obj (.text:lcd_clear)
                  00003d60    0000000e     rtsv7M4_T_le_v4SPD16_eabi.lib : copy_decompress_none.c.obj (.text:decompress:none:__TI_decompress_none)
                  00003d6e    0000000c     driverlib.lib : cpu.obj (.text:CPUcpsie)
                  00003d7a    0000000c     tm4c123gh6pm_startup_ccs.obj (.text)
                  00003d86    00000002     --HOLE-- [fill = 0]
                  00003d88    00000008     rtsv7M4_T_le_v4SPD16_eabi.lib : errno.c.obj (.text:__aeabi_errno_addr)
                  00003d90    00000004                                   : pre_init.c.obj (.text:_system_pre_init)
                  00003d94    00000004                                   : exit.c.obj (.text:abort:abort)

.const     0    00003d98    00000196     
                  00003d98    00000101     rtsv7M4_T_le_v4SPD16_eabi.lib : ctype.c.obj (.const:.string:_ctypes_)
                  00003e99    0000003c     scan.obj (.const:.string:$P$T1$2)
                  00003ed5    00000003     --HOLE-- [fill = 0]
                  00003ed8    00000030     rtsv7M4_T_le_v4SPD16_eabi.lib : e_pow.c.obj (.const:$O1$$)
                  00003f08    0000001e     scan.obj (.const:.string:$P$T0$1)
                  00003f26    00000004     lcd.obj (.const:.string:lineAddress$1)
                  00003f2a    00000004     lcd.obj (.const:.string:lineAddresses$2)

.cinit     0    00003f30    00000048     
                  00003f30    00000014     (.cinit..data.load) [load image, compression = lzss]
                  00003f44    0000000c     (__TI_handler_table)
                  00003f50    00000008     (.cinit..bss.load) [load image, compression = zero_init]
                  00003f58    00000008     (.cinit..vtable.load) [load image, compression = zero_init]
                  00003f60    00000018     (__TI_cinit_table)

.init_array 
*          0    00000000    00000000     UNINITIALIZED

.vtable    0    20000000    0000026c     UNINITIALIZED
                  20000000    0000026c     driverlib.lib : interrupt.obj (.vtable)

.stack     0    20000270    00000800     UNINITIALIZED
                  20000270    00000004     rtsv7M4_T_le_v4SPD16_eabi.lib : boot_cortex_m.c.obj (.stack)
                  20000274    000007fc     --HOLE--

.sysmem    0    20000a70    00000400     UNINITIALIZED
                  20000a70    00000010     rtsv7M4_T_le_v4SPD16_eabi.lib : memory.c.obj (.sysmem)
                  20000a80    000003f0     --HOLE--

.bss       0    20000e70    00000063     UNINITIALIZED
                  20000e70    00000054     lcd.obj (.bss:lastbuffer$3)
                  20000ec4    00000004     (.common:_timeout_ticks)
                  20000ec8    00000004     (.common:falling_time)
                  20000ecc    00000004     (.common:rising_time)
                  20000ed0    00000001     (.common:state)
                  20000ed1    00000001     (.common:uart_data)
                  20000ed2    00000001     (.common:uart_flag)

.data      0    20000ed4    00000011     UNINITIALIZED
                  20000ed4    0000000c     scan.obj (.data)
                  20000ee0    00000004     rtsv7M4_T_le_v4SPD16_eabi.lib : errno.c.obj (.data)
                  20000ee4    00000001     Timer.obj (.data)

__llvm_prf_cnts 
*          0    20000000    00000000     UNINITIALIZED

MODULE SUMMARY

       Module                         code    ro data   rw data
       ------                         ----    -------   -------
    .\
       scan.obj                       1292    90        12     
       lcd.obj                        824     8         84     
       tm4c123gh6pm_startup_ccs.obj   12      620       0      
       Timer.obj                      584     0         5      
       ping.obj                       460     0         9      
       uart.obj                       424     0         2      
       servo.obj                      324     0         0      
       adc.obj                        244     0         0      
       main.obj                       60      0         0      
    +--+------------------------------+-------+---------+---------+
       Total:                         4224    718       112    
                                                               
    C:/ti/TivaWare_C_Series-2.2.0.295/driverlib/ccs/Debug/driverlib.lib
       interrupt.obj                  68      0         620    
       cpu.obj                        12      0         0      
    +--+------------------------------+-------+---------+---------+
       Total:                         80      0         620    
                                                               
    C:\ti\ccs1230\ccs\tools\compiler\ti-cgt-arm_20.2.7.LTS\lib\rtsv7M4_T_le_v4SPD16_eabi.lib
       _printfi.c.obj                 4851    0         0      
       e_pow.c.obj                    2512    48        0      
       fd_add_t2.asm.obj              438     0         0      
       e_sqrt.c.obj                   344     0         0      
       fd_div_t2.asm.obj              310     0         0      
       s_scalbn.c.obj                 272     0         0      
       fd_cmp_t2.asm.obj              268     0         0      
       ctype.c.obj                    0       257       0      
       fd_mul_t2.asm.obj              252     0         0      
       memcpy_t2.asm.obj              156     0         0      
       ull_div_t2.asm.obj             150     0         0      
       snprintf.c.obj                 148     0         0      
       vsnprintf.c.obj                136     0         0      
       memset_t2.asm.obj              122     0         0      
       copy_decompress_lzss.c.obj     104     0         0      
       s_frexp.c.obj                  100     0         0      
       _ltoa.c.obj                    84      0         0      
       atoi.c.obj                     76      0         0      
       fd_toi_t2.asm.obj              72      0         0      
       autoinit.c.obj                 68      0         0      
       fs_tod_t2.asm.obj              56      0         0      
       boot_cortex_m.c.obj            52      0         0      
       i_tofd_t2.asm.obj              46      0         0      
       copy_zero_init.c.obj           28      0         0      
       memccpy.c.obj                  28      0         0      
       s_copysign.c.obj               26      0         0      
       strcmp.c.obj                   24      0         0      
       strchr.c.obj                   22      0         0      
       strcpy.c.obj                   20      0         0      
       strlen.c.obj                   20      0         0      
       wcslen.c.obj                   18      0         0      
       copy_decompress_none.c.obj     14      0         0      
       errno.c.obj                    8       0         4      
       exit.c.obj                     4       0         0      
       pre_init.c.obj                 4       0         0      
       div0.asm.obj                   2       0         0      
    +--+------------------------------+-------+---------+---------+
       Total:                         10835   305       4      
                                                               
       Heap:                          0       0         1024   
       Stack:                         0       0         2048   
       Linker Generated:              0       72        0      
    +--+------------------------------+-------+---------+---------+
       Grand Total:                   15139   1095      3808   


LINKER GENERATED COPY TABLES

__TI_cinit_table @ 00003f60 records: 3, size/record: 8, table size: 24
	.data: load addr=00003f30, load size=00000014 bytes, run addr=20000ed4, run size=00000011 bytes, compression=lzss
	.bss: load addr=00003f50, load size=00000008 bytes, run addr=20000e70, run size=00000063 bytes, compression=zero_init
	.vtable: load addr=00003f58, load size=00000008 bytes, run addr=20000000, run size=0000026c bytes, compression=zero_init


LINKER GENERATED HANDLER TABLE

__TI_handler_table @ 00003f44 records: 3, size/record: 4, table size: 12
	index: 0, handler: __TI_zero_init
	index: 1, handler: __TI_decompress_lzss
	index: 2, handler: __TI_decompress_none


GLOBAL SYMBOLS: SORTED ALPHABETICALLY BY Name 

address   name                          
-------   ----                          
00003d95  C$$EXIT                       
00003d6f  CPUcpsie                      
00003d41  IntMasterEnable               
00003b61  IntRegister                   
00003d7b  ResetISR                      
0000267f  TIMER3B_Handler               
20000a70  __STACK_END                   
00000800  __STACK_SIZE                  
20000470  __STACK_TOP                   
00000400  __SYSMEM_SIZE                 
00003f60  __TI_CINIT_Base               
00003f78  __TI_CINIT_Limit              
00003f44  __TI_Handler_Table_Base       
00003f50  __TI_Handler_Table_Limit      
00003a29  __TI_auto_init_nobinit_nopinit
00003781  __TI_decompress_lzss          
00003d61  __TI_decompress_none          
000038a3  __TI_ltoa                     
ffffffff  __TI_pprof_out_hndl           
0000026d  __TI_printfi                  
ffffffff  __TI_prof_data_size           
ffffffff  __TI_prof_data_start          
00000000  __TI_static_base__            
00003c57  __TI_zero_init_nomemset       
0000358d  __aeabi_cdcmpeq               
0000358d  __aeabi_cdcmple               
00003613  __aeabi_cdrcmple              
000039e1  __aeabi_d2iz                  
0000271f  __aeabi_dadd                  
00002e4d  __aeabi_ddiv                  
000031b9  __aeabi_dmul                  
00002715  __aeabi_dsub                  
00003d89  __aeabi_errno_addr            
00003b27  __aeabi_f2d                   
00003c29  __aeabi_i2d                   
00000cbb  __aeabi_idiv0                 
00000cbb  __aeabi_ldiv0                 
00003699  __aeabi_memclr                
00003699  __aeabi_memclr4               
00003699  __aeabi_memclr8               
0000345b  __aeabi_memcpy                
0000345b  __aeabi_memcpy4               
0000345b  __aeabi_memcpy8               
0000369b  __aeabi_memset                
0000369b  __aeabi_memset4               
0000369b  __aeabi_memset8               
000034f7  __aeabi_uldivmod              
ffffffff  __binit__                     
ffffffff  __c_args__                    
UNDEFED   __mpu_init                    
20000270  __stack                       
20000000  __start___llvm_prf_cnts       
20000000  __stop___llvm_prf_cnts        
00003b95  _c_int00_noargs               
00003d98  _ctypes_                      
20000ee4  _running                      
20000a70  _sys_memory                   
UNDEFED   _system_post_cinit            
00003d91  _system_pre_init              
20000ec4  _timeout_ticks                
00003d95  abort                         
000032b5  adc_init                      
0000334b  adc_read                      
00003949  atoi                          
ffffffff  binit                         
00003c8f  copysign                      
00003c8f  copysignl                     
20000ee0  errno                         
20000ec8  falling_time                  
000037e9  frexp                         
000037e9  frexpl                        
20000000  g_pfnRAMVectors               
00000000  g_pfnVectors                  
00003d51  lcd_clear                     
00001d6d  lcd_gotoLine                  
00001bd5  lcd_init                      
00001dd3  lcd_printf                    
00001c95  lcd_putc                      
00001ccd  lcd_puts                      
00001b99  lcd_reverseNibble             
00001ceb  lcd_sendCommand               
00001d29  lcd_sendNibble                
00001d95  lcd_setCursorPos              
000030a9  ldexp                         
000030a9  ldexpl                        
00003aeb  main                          
00003c73  memccpy                       
0000345b  memcpy                        
000036a1  memset                        
20000ed8  oneEightyMatch                
00002549  ping_init                     
0000265d  ping_read                     
00000cbd  pow                           
00000cbd  powl                          
0000168d  printString                   
20000ecc  rising_time                   
000030a9  scalbn                        
000030a9  scalbnl                       
000016bf  scan                          
20000edc  scanOffset                    
000025e3  sendTrigger                   
00002c49  servo_calibrate               
00002bcd  servo_init                    
00002ca1  servo_move                    
00003995  snprintf                      
00002a75  sqrt                          
00002a75  sqrtl                         
20000ed0  state                         
00003cf1  strchr                        
00003cd9  strcmp                        
00003d07  strcpy                        
00003d1b  strlen                        
0000224f  timer_getMicros               
000021f7  timer_getMillis               
00002131  timer_init                    
000021d3  timer_pause                   
000021e5  timer_resume                  
000021a9  timer_stop                    
000022a9  timer_waitMicros              
000022db  timer_waitMillis              
000029f9  uart1_Handler                 
0000298f  uart_byte_to_recive           
20000ed1  uart_data                     
20000ed2  uart_flag                     
000028cd  uart_init                     
000029d9  uart_interrupt_init           
0000299f  uart_receive                  
00002973  uart_sendChar                 
000029bb  uart_sendStr                  
00003a6d  vsnprintf                     
00003d2f  wcslen                        
20000ed4  zeroMatch                     


GLOBAL SYMBOLS: SORTED BY Symbol Address 

address   name                          
-------   ----                          
00000000  __TI_static_base__            
00000000  g_pfnVectors                  
0000026d  __TI_printfi                  
00000400  __SYSMEM_SIZE                 
00000800  __STACK_SIZE                  
00000cbb  __aeabi_idiv0                 
00000cbb  __aeabi_ldiv0                 
00000cbd  pow                           
00000cbd  powl                          
0000168d  printString                   
000016bf  scan                          
00001b99  lcd_reverseNibble             
00001bd5  lcd_init                      
00001c95  lcd_putc                      
00001ccd  lcd_puts                      
00001ceb  lcd_sendCommand               
00001d29  lcd_sendNibble                
00001d6d  lcd_gotoLine                  
00001d95  lcd_setCursorPos              
00001dd3  lcd_printf                    
00002131  timer_init                    
000021a9  timer_stop                    
000021d3  timer_pause                   
000021e5  timer_resume                  
000021f7  timer_getMillis               
0000224f  timer_getMicros               
000022a9  timer_waitMicros              
000022db  timer_waitMillis              
00002549  ping_init                     
000025e3  sendTrigger                   
0000265d  ping_read                     
0000267f  TIMER3B_Handler               
00002715  __aeabi_dsub                  
0000271f  __aeabi_dadd                  
000028cd  uart_init                     
00002973  uart_sendChar                 
0000298f  uart_byte_to_recive           
0000299f  uart_receive                  
000029bb  uart_sendStr                  
000029d9  uart_interrupt_init           
000029f9  uart1_Handler                 
00002a75  sqrt                          
00002a75  sqrtl                         
00002bcd  servo_init                    
00002c49  servo_calibrate               
00002ca1  servo_move                    
00002e4d  __aeabi_ddiv                  
000030a9  ldexp                         
000030a9  ldexpl                        
000030a9  scalbn                        
000030a9  scalbnl                       
000031b9  __aeabi_dmul                  
000032b5  adc_init                      
0000334b  adc_read                      
0000345b  __aeabi_memcpy                
0000345b  __aeabi_memcpy4               
0000345b  __aeabi_memcpy8               
0000345b  memcpy                        
000034f7  __aeabi_uldivmod              
0000358d  __aeabi_cdcmpeq               
0000358d  __aeabi_cdcmple               
00003613  __aeabi_cdrcmple              
00003699  __aeabi_memclr                
00003699  __aeabi_memclr4               
00003699  __aeabi_memclr8               
0000369b  __aeabi_memset                
0000369b  __aeabi_memset4               
0000369b  __aeabi_memset8               
000036a1  memset                        
00003781  __TI_decompress_lzss          
000037e9  frexp                         
000037e9  frexpl                        
000038a3  __TI_ltoa                     
00003949  atoi                          
00003995  snprintf                      
000039e1  __aeabi_d2iz                  
00003a29  __TI_auto_init_nobinit_nopinit
00003a6d  vsnprintf                     
00003aeb  main                          
00003b27  __aeabi_f2d                   
00003b61  IntRegister                   
00003b95  _c_int00_noargs               
00003c29  __aeabi_i2d                   
00003c57  __TI_zero_init_nomemset       
00003c73  memccpy                       
00003c8f  copysign                      
00003c8f  copysignl                     
00003cd9  strcmp                        
00003cf1  strchr                        
00003d07  strcpy                        
00003d1b  strlen                        
00003d2f  wcslen                        
00003d41  IntMasterEnable               
00003d51  lcd_clear                     
00003d61  __TI_decompress_none          
00003d6f  CPUcpsie                      
00003d7b  ResetISR                      
00003d89  __aeabi_errno_addr            
00003d91  _system_pre_init              
00003d95  C$$EXIT                       
00003d95  abort                         
00003d98  _ctypes_                      
00003f44  __TI_Handler_Table_Base       
00003f50  __TI_Handler_Table_Limit      
00003f60  __TI_CINIT_Base               
00003f78  __TI_CINIT_Limit              
20000000  __start___llvm_prf_cnts       
20000000  __stop___llvm_prf_cnts        
20000000  g_pfnRAMVectors               
20000270  __stack                       
20000470  __STACK_TOP                   
20000a70  __STACK_END                   
20000a70  _sys_memory                   
20000ec4  _timeout_ticks                
20000ec8  falling_time                  
20000ecc  rising_time                   
20000ed0  state                         
20000ed1  uart_data                     
20000ed2  uart_flag                     
20000ed4  zeroMatch                     
20000ed8  oneEightyMatch                
20000edc  scanOffset                    
20000ee0  errno                         
20000ee4  _running                      
ffffffff  __TI_pprof_out_hndl           
ffffffff  __TI_prof_data_size           
ffffffff  __TI_prof_data_start          
ffffffff  __binit__                     
ffffffff  __c_args__                    
ffffffff  binit                         
UNDEFED   __mpu_init                    
UNDEFED   _system_post_cinit            

[132 symbols]
