******************************************************************************
                  TI ARM Linker PC v20.2.7                     
******************************************************************************
>> Linked Thu Oct 12 12:30:54 2023

OUTPUT FILE NAME:   <lab_6.out>
ENTRY POINT SYMBOL: "_c_int00_noargs"  address: 000054ad


MEMORY CONFIGURATION

         name            origin    length      used     unused   attr    fill
----------------------  --------  ---------  --------  --------  ----  --------
  FLASH                 00000000   00040000  00005a20  0003a5e0  R  X
  SRAM                  20000000   00008000  00000f30  000070d0  RW X


SEGMENT ALLOCATION MAP

run origin  load origin   length   init length attrs members
----------  ----------- ---------- ----------- ----- -------
00000000    00000000    00005a28   00005a28    r-x
  00000000    00000000    0000026c   0000026c    r-- .intvecs
  0000026c    0000026c    000054a8   000054a8    r-x .text
  00005718    00005718    000002bc   000002bc    r-- .const
  000059d8    000059d8    00000050   00000050    r-- .cinit
20000000    20000000    00000f35   00000000    rw-
  20000000    20000000    0000026c   00000000    rw- .vtable
  20000270    20000270    00000800   00000000    rw- .stack
  20000a70    20000a70    00000400   00000000    rw- .sysmem
  20000e70    20000e70    0000008b   00000000    rw- .bss
  20000efc    20000efc    00000039   00000000    rw- .data


SECTION ALLOCATION MAP

 output                                  attributes/
section   page    origin      length       input sections
--------  ----  ----------  ----------   ----------------
.intvecs   0    00000000    0000026c     
                  00000000    0000026c     tm4c123gh6pm_startup_ccs.obj (.intvecs)

.text      0    0000026c    000054a8     
                  0000026c    00000c20     open_interface.obj (.text)
                  00000e8c    00000a4e     rtsv7M4_T_le_v4SPD16_eabi.lib : _printfi.c.obj (.text:__TI_printfi)
                  000018da    00000002                                   : _lock.c.obj (.text:_nop)
                  000018dc    00000738                                   : k_rem_pio2.c.obj (.text:__kernel_rem_pio2)
                  00002014    000005dc                                   : s_cos.c.obj (.text:cos)
                  000025f0    00000534     lab6_main.obj (.text)
                  00002b24    00000328     lcd.obj (.text)
                  00002e4c    00000270     rtsv7M4_T_le_v4SPD16_eabi.lib : _printfi.c.obj (.text:_pconv_a)
                  000030bc    00000260     libcybotScan.lib : cyBot_Scan.obj (.text)
                  0000331c    00000248     Timer.obj (.text)
                  00003564    000001ec     libcybotScan.lib : ping.obj (.text)
                  00003750    000001d0     rtsv7M4_T_le_v4SPD16_eabi.lib : _printfi.c.obj (.text:_pconv_g)
                  00003920    000001b6                                   : fd_add_t2.asm.obj (.text)
                  00003ad6    00000002                                   : div0.asm.obj (.text)
                  00003ad8    0000019c     movement.obj (.text)
                  00003c74    0000019c     uart.obj (.text)
                  00003e10    00000174     rtsv7M4_T_le_v4SPD16_eabi.lib : k_sin.c.obj (.text:__kernel_sin)
                  00003f84    00000170                                   : k_cos.c.obj (.text:__kernel_cos)
                  000040f4    00000158     libcybotScan.lib : servo.obj (.text)
                  0000424c    0000013c     rtsv7M4_T_le_v4SPD16_eabi.lib : _printfi.c.obj (.text:_pconv_e)
                  00004388    00000136                                   : fd_div_t2.asm.obj (.text)
                  000044be    00000002     --HOLE-- [fill = 0]
                  000044c0    00000124                                   : _printfi.c.obj (.text:fcvt)
                  000045e4    00000118     libcybotScan.lib : ir.obj (.text)
                  000046fc    00000110     rtsv7M4_T_le_v4SPD16_eabi.lib : s_scalbn.c.obj (.text:scalbn)
                  0000480c    00000100                                   : memory.c.obj (.text:aligned_alloc)
                  0000490c    000000fc                                   : fd_mul_t2.asm.obj (.text)
                  00004a08    000000f8                                   : s_floor.c.obj (.text:floor)
                  00004b00    000000e4                                   : memory.c.obj (.text:free)
                  00004be4    000000b1                                   : _printfi.c.obj (.text:_ltostr)
                  00004c95    00000001     --HOLE-- [fill = 0]
                  00004c96    0000009c                                   : memcpy_t2.asm.obj (.text)
                  00004d32    00000096                                   : ull_div_t2.asm.obj (.text)
                  00004dc8    00000086                                   : fd_cmp_t2.asm.obj (.text:__aeabi_cdcmple)
                  00004e4e    00000086                                   : fd_cmp_t2.asm.obj (.text:__aeabi_cdrcmple)
                  00004ed4    0000007a                                   : memset_t2.asm.obj (.text)
                  00004f4e    00000002     --HOLE-- [fill = 0]
                  00004f50    00000070                                   : memory.c.obj (.text:split)
                  00004fc0    0000006e                                   : _printfi.c.obj (.text:_mcpy)
                  0000502e    0000006e                                   : fd_tos_t2.asm.obj (.text)
                  0000509c    00000068                                   : copy_decompress_lzss.c.obj (.text:decompress:lzss:__TI_decompress_lzss)
                  00005104    00000064                                   : s_frexp.c.obj (.text:frexp)
                  00005168    00000056                                   : _printfi.c.obj (.text:_pconv_f)
                  000051be    00000054                                   : _ltoa.c.obj (.text:__TI_ltoa)
                  00005212    00000052                                   : _printfi.c.obj (.text:_ecpy)
                  00005264    0000004c                                   : atoi.c.obj (.text:atoi)
                  000052b0    0000004c                                   : snprintf.c.obj (.text:snprintf)
                  000052fc    00000048                                   : fd_toi_t2.asm.obj (.text)
                  00005344    00000044                                   : autoinit.c.obj (.text:__TI_auto_init_nobinit_nopinit:__TI_auto_init_nobinit_nopinit)
                  00005388    00000040                                   : vsnprintf.c.obj (.text:vsnprintf)
                  000053c8    0000003e                                   : _printfi.c.obj (.text:_fcpy)
                  00005406    00000002     --HOLE-- [fill = 0]
                  00005408    00000038                                   : memory.c.obj (.text:calloc)
                  00005440    00000038                                   : fs_tod_t2.asm.obj (.text)
                  00005478    00000034     driverlib.lib : interrupt.obj (.text:IntRegister)
                  000054ac    00000034     rtsv7M4_T_le_v4SPD16_eabi.lib : boot_cortex_m.c.obj (.text:_c_int00_noargs:_c_int00_noargs)
                  000054e0    00000030                                   : snprintf.c.obj (.text:_outs)
                  00005510    00000030                                   : vsnprintf.c.obj (.text:_outs)
                  00005540    0000002e                                   : i_tofd_t2.asm.obj (.text)
                  0000556e    00000002     --HOLE-- [fill = 0]
                  00005570    00000028                                   : memory.c.obj (.text:free_list_insert)
                  00005598    0000001c                                   : copy_zero_init.c.obj (.text:decompress:ZI:__TI_zero_init_nomemset:__TI_zero_init_nomemset)
                  000055b4    0000001c                                   : memory.c.obj (.text:free_list_remove)
                  000055d0    0000001c                                   : memccpy.c.obj (.text:memccpy)
                  000055ec    0000001a                                   : s_copysign.c.obj (.text:copysign)
                  00005606    00000018                                   : snprintf.c.obj (.text:_outc)
                  0000561e    00000018                                   : vsnprintf.c.obj (.text:_outc)
                  00005636    00000018     open_interface.obj (.text:oi_parseInt)
                  0000564e    00000018     rtsv7M4_T_le_v4SPD16_eabi.lib : strcmp.c.obj (.text:strcmp)
                  00005666    00000016                                   : strchr.c.obj (.text:strchr)
                  0000567c    00000014                                   : strcpy.c.obj (.text:strcpy)
                  00005690    00000014                                   : strlen.c.obj (.text:strlen)
                  000056a4    00000012                                   : wcslen.c.obj (.text:wcslen)
                  000056b6    00000010     driverlib.lib : interrupt.obj (.text:IntMasterEnable)
                  000056c6    00000010     lcd.obj (.text:lcd_clear)
                  000056d6    0000000e     rtsv7M4_T_le_v4SPD16_eabi.lib : copy_decompress_none.c.obj (.text:decompress:none:__TI_decompress_none)
                  000056e4    0000000c     driverlib.lib : cpu.obj (.text:CPUcpsie)
                  000056f0    0000000c     tm4c123gh6pm_startup_ccs.obj (.text)
                  000056fc    00000008     rtsv7M4_T_le_v4SPD16_eabi.lib : errno.c.obj (.text:__aeabi_errno_addr)
                  00005704    00000008                                   : memory.c.obj (.text:malloc)
                  0000570c    00000004                                   : pre_init.c.obj (.text:_system_pre_init)
                  00005710    00000004                                   : exit.c.obj (.text:abort:abort)

.const     0    00005718    000002bc     
                  00005718    00000158     rtsv7M4_T_le_v4SPD16_eabi.lib : k_rem_pio2.c.obj (.const:$O1$$)
                  00005870    00000101                                   : ctype.c.obj (.const:.string:_ctypes_)
                  00005971    00000024     lab6_main.obj (.const:.string:$P$T2$3)
                  00005995    0000001e     lab6_main.obj (.const:.string:$P$T1$2)
                  000059b3    0000000f     open_interface.obj (.const:.string:$P$T0$3)
                  000059c2    00000002     --HOLE-- [fill = 0]
                  000059c4    00000008     lab6_main.obj (.const:$P$T0$1)
                  000059cc    00000004     lcd.obj (.const:.string:lineAddress$1)
                  000059d0    00000004     lcd.obj (.const:.string:lineAddresses$2)

.cinit     0    000059d8    00000050     
                  000059d8    00000018     (.cinit..data.load) [load image, compression = lzss]
                  000059f0    0000000c     (__TI_handler_table)
                  000059fc    00000004     --HOLE-- [fill = 0]
                  00005a00    00000008     (.cinit..bss.load) [load image, compression = zero_init]
                  00005a08    00000008     (.cinit..vtable.load) [load image, compression = zero_init]
                  00005a10    00000018     (__TI_cinit_table)

.init_array 
*          0    00000000    00000000     UNINITIALIZED

.vtable    0    20000000    0000026c     UNINITIALIZED
                  20000000    0000026c     driverlib.lib : interrupt.obj (.vtable)

.stack     0    20000270    00000800     UNINITIALIZED
                  20000270    00000004     rtsv7M4_T_le_v4SPD16_eabi.lib : boot_cortex_m.c.obj (.stack)
                  20000274    000007fc     --HOLE--

.sysmem    0    20000a70    00000400     UNINITIALIZED
                  20000a70    00000010     rtsv7M4_T_le_v4SPD16_eabi.lib : memory.c.obj (.sysmem)
                  20000a80    000003f0     --HOLE--

.bss       0    20000e70    0000008b     UNINITIALIZED
                  20000e70    00000054     lcd.obj (.bss:lastbuffer$3)
                  20000ec4    00000018     open_interface.obj (.bss:firmware$2)
                  20000edc    00000004     (.common:_timeout_ticks)
                  20000ee0    00000004     (.common:fallingEdge)
                  20000ee4    00000004     (.common:isr_int_value)
                  20000ee8    00000004     (.common:left_calibration_value)
                  20000eec    00000004     (.common:pulseLength)
                  20000ef0    00000004     (.common:right_calibration_value)
                  20000ef4    00000004     (.common:risingEdge)
                  20000ef8    00000001     (.common:isRisingEdge)
                  20000ef9    00000001     (.common:uart_data)
                  20000efa    00000001     (.common:uart_flag)

.data      0    20000efc    00000039     UNINITIALIZED
                  20000efc    00000020     open_interface.obj (.data)
                  20000f1c    00000008     rtsv7M4_T_le_v4SPD16_eabi.lib : _lock.c.obj (.data:$O1$$)
                  20000f24    00000008                                   : memory.c.obj (.data:$O1$$)
                  20000f2c    00000004     libcybotScan.lib : cyBot_Scan.obj (.data)
                  20000f30    00000004     rtsv7M4_T_le_v4SPD16_eabi.lib : errno.c.obj (.data)
                  20000f34    00000001     Timer.obj (.data)

__llvm_prf_cnts 
*          0    20000000    00000000     UNINITIALIZED

MODULE SUMMARY

       Module                         code    ro data   rw data
       ------                         ----    -------   -------
    .\
       open_interface.obj             3128    15        56     
       lab6_main.obj                  1332    74        8      
       lcd.obj                        824     8         84     
       tm4c123gh6pm_startup_ccs.obj   12      620       0      
       Timer.obj                      584     0         5      
       uart.obj                       412     0         2      
       movement.obj                   412     0         0      
    +--+------------------------------+-------+---------+---------+
       Total:                         6704    717       155    
                                                               
    ../libcybotScan.lib
       cyBot_Scan.obj                 608     0         4      
       ping.obj                       492     0         13     
       servo.obj                      344     0         0      
       ir.obj                         280     0         4      
    +--+------------------------------+-------+---------+---------+
       Total:                         1724    0         21     
                                                               
    C:/ti/TivaWare_C_Series-2.2.0.295/driverlib/ccs/Debug/driverlib.lib
       interrupt.obj                  68      0         620    
       cpu.obj                        12      0         0      
    +--+------------------------------+-------+---------+---------+
       Total:                         80      0         620    
                                                               
    C:\ti\ccs1230\ccs\tools\compiler\ti-cgt-arm_20.2.7.LTS\lib\rtsv7M4_T_le_v4SPD16_eabi.lib
       _printfi.c.obj                 4851    0         0      
       k_rem_pio2.c.obj               1848    344       0      
       s_cos.c.obj                    1500    0         0      
       memory.c.obj                   728     0         8      
       fd_add_t2.asm.obj              438     0         0      
       k_sin.c.obj                    372     0         0      
       k_cos.c.obj                    368     0         0      
       fd_div_t2.asm.obj              310     0         0      
       s_scalbn.c.obj                 272     0         0      
       fd_cmp_t2.asm.obj              268     0         0      
       ctype.c.obj                    0       257       0      
       fd_mul_t2.asm.obj              252     0         0      
       s_floor.c.obj                  248     0         0      
       memcpy_t2.asm.obj              156     0         0      
       ull_div_t2.asm.obj             150     0         0      
       snprintf.c.obj                 148     0         0      
       vsnprintf.c.obj                136     0         0      
       memset_t2.asm.obj              122     0         0      
       fd_tos_t2.asm.obj              110     0         0      
       copy_decompress_lzss.c.obj     104     0         0      
       s_frexp.c.obj                  100     0         0      
       _ltoa.c.obj                    84      0         0      
       atoi.c.obj                     76      0         0      
       fd_toi_t2.asm.obj              72      0         0      
       autoinit.c.obj                 68      0         0      
       fs_tod_t2.asm.obj              56      0         0      
       boot_cortex_m.c.obj            52      0         0      
       i_tofd_t2.asm.obj              46      0         0      
       copy_zero_init.c.obj           28      0         0      
       memccpy.c.obj                  28      0         0      
       s_copysign.c.obj               26      0         0      
       strcmp.c.obj                   24      0         0      
       strchr.c.obj                   22      0         0      
       strcpy.c.obj                   20      0         0      
       strlen.c.obj                   20      0         0      
       wcslen.c.obj                   18      0         0      
       copy_decompress_none.c.obj     14      0         0      
       errno.c.obj                    8       0         4      
       _lock.c.obj                    2       0         8      
       exit.c.obj                     4       0         0      
       pre_init.c.obj                 4       0         0      
       div0.asm.obj                   2       0         0      
    +--+------------------------------+-------+---------+---------+
       Total:                         13155   601       20     
                                                               
       Heap:                          0       0         1024   
       Stack:                         0       0         2048   
       Linker Generated:              0       76        0      
    +--+------------------------------+-------+---------+---------+
       Grand Total:                   21663   1394      3888   


LINKER GENERATED COPY TABLES

__TI_cinit_table @ 00005a10 records: 3, size/record: 8, table size: 24
	.data: load addr=000059d8, load size=00000018 bytes, run addr=20000efc, run size=00000039 bytes, compression=lzss
	.bss: load addr=00005a00, load size=00000008 bytes, run addr=20000e70, run size=0000008b bytes, compression=zero_init
	.vtable: load addr=00005a08, load size=00000008 bytes, run addr=20000000, run size=0000026c bytes, compression=zero_init


LINKER GENERATED HANDLER TABLE

__TI_handler_table @ 000059f0 records: 3, size/record: 4, table size: 12
	index: 0, handler: __TI_zero_init
	index: 1, handler: __TI_decompress_lzss
	index: 2, handler: __TI_decompress_none


GLOBAL SYMBOLS: SORTED ALPHABETICALLY BY Name 

address   name                          
-------   ----                          
0000467d  ADC0SS0_Handler               
00005711  C$$EXIT                       
000056e5  CPUcpsie                      
00000bc3  GPIOF_Handler                 
000056b7  IntMasterEnable               
00005479  IntRegister                   
000056f1  ResetISR                      
00003655  TIMER3B_Handler               
20000a70  __STACK_END                   
00000800  __STACK_SIZE                  
20000470  __STACK_TOP                   
00000400  __SYSMEM_SIZE                 
00005a10  __TI_CINIT_Base               
00005a28  __TI_CINIT_Limit              
000059f0  __TI_Handler_Table_Base       
000059fc  __TI_Handler_Table_Limit      
00005345  __TI_auto_init_nobinit_nopinit
0000509d  __TI_decompress_lzss          
000056d7  __TI_decompress_none          
000051bf  __TI_ltoa                     
ffffffff  __TI_pprof_out_hndl           
00000e8d  __TI_printfi                  
ffffffff  __TI_prof_data_size           
ffffffff  __TI_prof_data_start          
00000000  __TI_static_base__            
00005599  __TI_zero_init_nomemset       
00004dc9  __aeabi_cdcmpeq               
00004dc9  __aeabi_cdcmple               
00004e4f  __aeabi_cdrcmple              
0000502f  __aeabi_d2f                   
000052fd  __aeabi_d2iz                  
0000392b  __aeabi_dadd                  
00004389  __aeabi_ddiv                  
0000490d  __aeabi_dmul                  
00003921  __aeabi_dsub                  
000056fd  __aeabi_errno_addr            
00005441  __aeabi_f2d                   
00005541  __aeabi_i2d                   
00003ad7  __aeabi_idiv0                 
00003ad7  __aeabi_ldiv0                 
00004ed5  __aeabi_memclr                
00004ed5  __aeabi_memclr4               
00004ed5  __aeabi_memclr8               
00004c97  __aeabi_memcpy                
00004c97  __aeabi_memcpy4               
00004c97  __aeabi_memcpy8               
00004ed7  __aeabi_memset                
00004ed7  __aeabi_memset4               
00004ed7  __aeabi_memset8               
00004d33  __aeabi_uldivmod              
ffffffff  __binit__                     
ffffffff  __c_args__                    
00003f85  __kernel_cos                  
000018dd  __kernel_rem_pio2             
00003e11  __kernel_sin                  
UNDEFED   __mpu_init                    
20000270  __stack                       
20000000  __start___llvm_prf_cnts       
20000000  __stop___llvm_prf_cnts        
000054ad  _c_int00_noargs               
00005870  _ctypes_                      
20000f1c  _lock                         
000018db  _nop                          
20000f34  _running                      
20000a70  _sys_memory                   
UNDEFED   _system_post_cinit            
0000570d  _system_pre_init              
20000edc  _timeout_ticks                
20000f20  _unlock                       
00005711  abort                         
0000480d  aligned_alloc                 
00005265  atoi                          
ffffffff  binit                         
00005409  calloc                        
000055ed  copysign                      
000055ed  copysignl                     
00002015  cos                           
00002015  cosl                          
00003195  cyBOT_SERVO_cal               
00003123  cyBOT_Scan                    
000030cb  cyBOT_init_Scan               
20000f2c  cyBOT_scan_features           
000030bd  cyBOT_scan_version            
20000f30  errno                         
20000ee0  fallingEdge                   
00004a09  floor                         
00004a09  floorl                        
00004b01  free                          
00005105  frexp                         
00005105  frexpl                        
20000000  g_pfnRAMVectors               
00000000  g_pfnVectors                  
0000097f  go_charge                     
00004693  ir_enableInterrupt            
00004675  ir_getDistance                
0000464d  ir_getValue                   
000045e5  ir_init                       
20000ef8  isRisingEdge                  
20000ee4  isr_int_value                 
000056c7  lcd_clear                     
00002cf9  lcd_gotoLine                  
00002b61  lcd_init                      
00002d5f  lcd_printf                    
00002c21  lcd_putc                      
00002c59  lcd_puts                      
00002b25  lcd_reverseNibble             
00002c77  lcd_sendCommand               
00002cb5  lcd_sendNibble                
00002d21  lcd_setCursorPos              
000046fd  ldexp                         
000046fd  ldexpl                        
20000ee8  left_calibration_value        
00002623  main                          
00005705  malloc                        
0000480d  memalign                      
000055d1  memccpy                       
00004c97  memcpy                        
00004edd  memset                        
20000efc  motor_cal_factor_L            
20000f00  motor_cal_factor_R            
00003bf5  move_backward                 
00003ad9  move_forward                  
0000026d  oi_alloc                      
00000aa9  oi_checkFirmware              
000002c7  oi_close                      
00000279  oi_free                       
00000ded  oi_getMotorCalibrationLeft    
00000e01  oi_getMotorCalibrationRight   
000002b1  oi_init                       
00000289  oi_init_noupdate              
00000915  oi_loadSong                   
00005637  oi_parseInt                   
0000032b  oi_parsePacket                
0000096b  oi_play_song                  
0000084b  oi_setLeds                    
00000db1  oi_setMotorCalibration        
0000088f  oi_setWheels                  
00000b51  oi_shutoff_init               
0000098d  oi_uartInit                   
00000a31  oi_uartReceive                
00000a77  oi_uartSendBuff               
00000a15  oi_uartSendChar               
00000a59  oi_uartSendStr                
000002d9  oi_update                     
000036a7  ping_getDistance              
00003565  ping_init                     
000035eb  ping_trigger                  
000025f1  printString                   
20000eec  pulseLength                   
20000ef0  right_calibration_value       
20000ef4  risingEdge                    
000046fd  scalbn                        
000046fd  scalbnl                       
000040f5  servo_init                    
00004185  servo_move                    
000041e5  servo_setPWM                  
00004179  servo_stop                    
000052b1  snprintf                      
00005667  strchr                        
0000564f  strcmp                        
0000567d  strcpy                        
00005691  strlen                        
0000343b  timer_getMicros               
000033e3  timer_getMillis               
0000331d  timer_init                    
000033bf  timer_pause                   
000033d1  timer_resume                  
00003395  timer_stop                    
00003495  timer_waitMicros              
000034c7  timer_waitMillis              
00003b97  turn_ccw                      
00003b39  turn_clockwise                
00003d95  uart1_Handler                 
20000ef9  uart_data                     
20000efa  uart_flag                     
00003c75  uart_init                     
00003d75  uart_interrupt_init           
00003d37  uart_receive                  
00003d1b  uart_sendChar                 
00003d57  uart_sendStr                  
00005389  vsnprintf                     
000056a5  wcslen                        


GLOBAL SYMBOLS: SORTED BY Symbol Address 

address   name                          
-------   ----                          
00000000  __TI_static_base__            
00000000  g_pfnVectors                  
0000026d  oi_alloc                      
00000279  oi_free                       
00000289  oi_init_noupdate              
000002b1  oi_init                       
000002c7  oi_close                      
000002d9  oi_update                     
0000032b  oi_parsePacket                
00000400  __SYSMEM_SIZE                 
00000800  __STACK_SIZE                  
0000084b  oi_setLeds                    
0000088f  oi_setWheels                  
00000915  oi_loadSong                   
0000096b  oi_play_song                  
0000097f  go_charge                     
0000098d  oi_uartInit                   
00000a15  oi_uartSendChar               
00000a31  oi_uartReceive                
00000a59  oi_uartSendStr                
00000a77  oi_uartSendBuff               
00000aa9  oi_checkFirmware              
00000b51  oi_shutoff_init               
00000bc3  GPIOF_Handler                 
00000db1  oi_setMotorCalibration        
00000ded  oi_getMotorCalibrationLeft    
00000e01  oi_getMotorCalibrationRight   
00000e8d  __TI_printfi                  
000018db  _nop                          
000018dd  __kernel_rem_pio2             
00002015  cos                           
00002015  cosl                          
000025f1  printString                   
00002623  main                          
00002b25  lcd_reverseNibble             
00002b61  lcd_init                      
00002c21  lcd_putc                      
00002c59  lcd_puts                      
00002c77  lcd_sendCommand               
00002cb5  lcd_sendNibble                
00002cf9  lcd_gotoLine                  
00002d21  lcd_setCursorPos              
00002d5f  lcd_printf                    
000030bd  cyBOT_scan_version            
000030cb  cyBOT_init_Scan               
00003123  cyBOT_Scan                    
00003195  cyBOT_SERVO_cal               
0000331d  timer_init                    
00003395  timer_stop                    
000033bf  timer_pause                   
000033d1  timer_resume                  
000033e3  timer_getMillis               
0000343b  timer_getMicros               
00003495  timer_waitMicros              
000034c7  timer_waitMillis              
00003565  ping_init                     
000035eb  ping_trigger                  
00003655  TIMER3B_Handler               
000036a7  ping_getDistance              
00003921  __aeabi_dsub                  
0000392b  __aeabi_dadd                  
00003ad7  __aeabi_idiv0                 
00003ad7  __aeabi_ldiv0                 
00003ad9  move_forward                  
00003b39  turn_clockwise                
00003b97  turn_ccw                      
00003bf5  move_backward                 
00003c75  uart_init                     
00003d1b  uart_sendChar                 
00003d37  uart_receive                  
00003d57  uart_sendStr                  
00003d75  uart_interrupt_init           
00003d95  uart1_Handler                 
00003e11  __kernel_sin                  
00003f85  __kernel_cos                  
000040f5  servo_init                    
00004179  servo_stop                    
00004185  servo_move                    
000041e5  servo_setPWM                  
00004389  __aeabi_ddiv                  
000045e5  ir_init                       
0000464d  ir_getValue                   
00004675  ir_getDistance                
0000467d  ADC0SS0_Handler               
00004693  ir_enableInterrupt            
000046fd  ldexp                         
000046fd  ldexpl                        
000046fd  scalbn                        
000046fd  scalbnl                       
0000480d  aligned_alloc                 
0000480d  memalign                      
0000490d  __aeabi_dmul                  
00004a09  floor                         
00004a09  floorl                        
00004b01  free                          
00004c97  __aeabi_memcpy                
00004c97  __aeabi_memcpy4               
00004c97  __aeabi_memcpy8               
00004c97  memcpy                        
00004d33  __aeabi_uldivmod              
00004dc9  __aeabi_cdcmpeq               
00004dc9  __aeabi_cdcmple               
00004e4f  __aeabi_cdrcmple              
00004ed5  __aeabi_memclr                
00004ed5  __aeabi_memclr4               
00004ed5  __aeabi_memclr8               
00004ed7  __aeabi_memset                
00004ed7  __aeabi_memset4               
00004ed7  __aeabi_memset8               
00004edd  memset                        
0000502f  __aeabi_d2f                   
0000509d  __TI_decompress_lzss          
00005105  frexp                         
00005105  frexpl                        
000051bf  __TI_ltoa                     
00005265  atoi                          
000052b1  snprintf                      
000052fd  __aeabi_d2iz                  
00005345  __TI_auto_init_nobinit_nopinit
00005389  vsnprintf                     
00005409  calloc                        
00005441  __aeabi_f2d                   
00005479  IntRegister                   
000054ad  _c_int00_noargs               
00005541  __aeabi_i2d                   
00005599  __TI_zero_init_nomemset       
000055d1  memccpy                       
000055ed  copysign                      
000055ed  copysignl                     
00005637  oi_parseInt                   
0000564f  strcmp                        
00005667  strchr                        
0000567d  strcpy                        
00005691  strlen                        
000056a5  wcslen                        
000056b7  IntMasterEnable               
000056c7  lcd_clear                     
000056d7  __TI_decompress_none          
000056e5  CPUcpsie                      
000056f1  ResetISR                      
000056fd  __aeabi_errno_addr            
00005705  malloc                        
0000570d  _system_pre_init              
00005711  C$$EXIT                       
00005711  abort                         
00005870  _ctypes_                      
000059f0  __TI_Handler_Table_Base       
000059fc  __TI_Handler_Table_Limit      
00005a10  __TI_CINIT_Base               
00005a28  __TI_CINIT_Limit              
20000000  __start___llvm_prf_cnts       
20000000  __stop___llvm_prf_cnts        
20000000  g_pfnRAMVectors               
20000270  __stack                       
20000470  __STACK_TOP                   
20000a70  __STACK_END                   
20000a70  _sys_memory                   
20000edc  _timeout_ticks                
20000ee0  fallingEdge                   
20000ee4  isr_int_value                 
20000ee8  left_calibration_value        
20000eec  pulseLength                   
20000ef0  right_calibration_value       
20000ef4  risingEdge                    
20000ef8  isRisingEdge                  
20000ef9  uart_data                     
20000efa  uart_flag                     
20000efc  motor_cal_factor_L            
20000f00  motor_cal_factor_R            
20000f1c  _lock                         
20000f20  _unlock                       
20000f2c  cyBOT_scan_features           
20000f30  errno                         
20000f34  _running                      
ffffffff  __TI_pprof_out_hndl           
ffffffff  __TI_prof_data_size           
ffffffff  __TI_prof_data_start          
ffffffff  __binit__                     
ffffffff  __c_args__                    
ffffffff  binit                         
UNDEFED   __mpu_init                    
UNDEFED   _system_post_cinit            

[182 symbols]
