******************************************************************************
                  TI ARM Linker PC v20.2.7                     
******************************************************************************
>> Linked Fri Oct 27 10:37:13 2023

OUTPUT FILE NAME:   <lab_10.out>
ENTRY POINT SYMBOL: "_c_int00_noargs"  address: 000032c9


MEMORY CONFIGURATION

         name            origin    length      used     unused   attr    fill
----------------------  --------  ---------  --------  --------  ----  --------
  FLASH                 00000000   00040000  00003648  0003c9b8  R  X
  SRAM                  20000000   00008000  00000ecf  00007131  RW X


SEGMENT ALLOCATION MAP

run origin  load origin   length   init length attrs members
----------  ----------- ---------- ----------- ----- -------
00000000    00000000    00003650   00003650    r-x
  00000000    00000000    0000026c   0000026c    r-- .intvecs
  0000026c    0000026c    00003260   00003260    r-x .text
  000034d0    000034d0    0000013c   0000013c    r-- .const
  00003610    00003610    00000040   00000040    r-- .cinit
20000000    20000000    00000ed5   00000000    rw-
  20000000    20000000    0000026c   00000000    rw- .vtable
  20000270    20000270    00000800   00000000    rw- .stack
  20000a70    20000a70    00000400   00000000    rw- .sysmem
  20000e70    20000e70    0000005a   00000000    rw- .bss
  20000ecc    20000ecc    00000009   00000000    rw- .data


SECTION ALLOCATION MAP

 output                                  attributes/
section   page    origin      length       input sections
--------  ----  ----------  ----------   ----------------
.intvecs   0    00000000    0000026c     
                  00000000    0000026c     tm4c123gh6pm_startup_ccs.obj (.intvecs)

.text      0    0000026c    00003260     
                  0000026c    00000a4e     rtsv7M4_T_le_v4SPD16_eabi.lib : _printfi.c.obj (.text:__TI_printfi)
                  00000cba    00000002                                   : div0.asm.obj (.text)
                  00000cbc    000009d0                                   : e_pow.c.obj (.text:pow)
                  0000168c    00000328     lcd.obj (.text)
                  000019b4    00000270     rtsv7M4_T_le_v4SPD16_eabi.lib : _printfi.c.obj (.text:_pconv_a)
                  00001c24    00000248     Timer.obj (.text)
                  00001e6c    000001d0     rtsv7M4_T_le_v4SPD16_eabi.lib : _printfi.c.obj (.text:_pconv_g)
                  0000203c    000001b6                                   : fd_add_t2.asm.obj (.text)
                  000021f2    00000002     --HOLE-- [fill = 0]
                  000021f4    00000180     ping.obj (.text)
                  00002374    00000158     rtsv7M4_T_le_v4SPD16_eabi.lib : e_sqrt.c.obj (.text:sqrt)
                  000024cc    0000013c                                   : _printfi.c.obj (.text:_pconv_e)
                  00002608    00000136                                   : fd_div_t2.asm.obj (.text)
                  0000273e    00000002     --HOLE-- [fill = 0]
                  00002740    00000124                                   : _printfi.c.obj (.text:fcvt)
                  00002864    00000110                                   : s_scalbn.c.obj (.text:scalbn)
                  00002974    000000fc                                   : fd_mul_t2.asm.obj (.text)
                  00002a70    000000e0     lab9_main.obj (.text)
                  00002b50    000000b1     rtsv7M4_T_le_v4SPD16_eabi.lib : _printfi.c.obj (.text:_ltostr)
                  00002c01    00000001     --HOLE-- [fill = 0]
                  00002c02    0000009c                                   : memcpy_t2.asm.obj (.text)
                  00002c9e    00000096                                   : ull_div_t2.asm.obj (.text)
                  00002d34    00000086                                   : fd_cmp_t2.asm.obj (.text:__aeabi_cdcmple)
                  00002dba    00000086                                   : fd_cmp_t2.asm.obj (.text:__aeabi_cdrcmple)
                  00002e40    0000007a                                   : memset_t2.asm.obj (.text)
                  00002eba    0000006e                                   : _printfi.c.obj (.text:_mcpy)
                  00002f28    00000068                                   : copy_decompress_lzss.c.obj (.text:decompress:lzss:__TI_decompress_lzss)
                  00002f90    00000064                                   : s_frexp.c.obj (.text:frexp)
                  00002ff4    00000056                                   : _printfi.c.obj (.text:_pconv_f)
                  0000304a    00000054                                   : _ltoa.c.obj (.text:__TI_ltoa)
                  0000309e    00000052                                   : _printfi.c.obj (.text:_ecpy)
                  000030f0    0000004c                                   : atoi.c.obj (.text:atoi)
                  0000313c    0000004c                                   : snprintf.c.obj (.text:snprintf)
                  00003188    00000048                                   : fd_toi_t2.asm.obj (.text)
                  000031d0    00000044                                   : autoinit.c.obj (.text:__TI_auto_init_nobinit_nopinit:__TI_auto_init_nobinit_nopinit)
                  00003214    00000040                                   : vsnprintf.c.obj (.text:vsnprintf)
                  00003254    0000003e                                   : _printfi.c.obj (.text:_fcpy)
                  00003292    00000002     --HOLE-- [fill = 0]
                  00003294    00000034     driverlib.lib : interrupt.obj (.text:IntRegister)
                  000032c8    00000034     rtsv7M4_T_le_v4SPD16_eabi.lib : boot_cortex_m.c.obj (.text:_c_int00_noargs:_c_int00_noargs)
                  000032fc    00000030                                   : snprintf.c.obj (.text:_outs)
                  0000332c    00000030                                   : vsnprintf.c.obj (.text:_outs)
                  0000335c    0000002e                                   : i_tofd_t2.asm.obj (.text)
                  0000338a    0000001c                                   : copy_zero_init.c.obj (.text:decompress:ZI:__TI_zero_init_nomemset:__TI_zero_init_nomemset)
                  000033a6    0000001c                                   : memccpy.c.obj (.text:memccpy)
                  000033c2    0000001a                                   : s_copysign.c.obj (.text:copysign)
                  000033dc    00000018                                   : snprintf.c.obj (.text:_outc)
                  000033f4    00000018                                   : vsnprintf.c.obj (.text:_outc)
                  0000340c    00000018                                   : strcmp.c.obj (.text:strcmp)
                  00003424    00000016                                   : strchr.c.obj (.text:strchr)
                  0000343a    00000014                                   : strcpy.c.obj (.text:strcpy)
                  0000344e    00000014                                   : strlen.c.obj (.text:strlen)
                  00003462    00000012                                   : wcslen.c.obj (.text:wcslen)
                  00003474    00000010     driverlib.lib : interrupt.obj (.text:IntMasterEnable)
                  00003484    00000010     lcd.obj (.text:lcd_clear)
                  00003494    0000000e     rtsv7M4_T_le_v4SPD16_eabi.lib : copy_decompress_none.c.obj (.text:decompress:none:__TI_decompress_none)
                  000034a2    0000000c     driverlib.lib : cpu.obj (.text:CPUcpsie)
                  000034ae    0000000c     tm4c123gh6pm_startup_ccs.obj (.text)
                  000034ba    00000002     --HOLE-- [fill = 0]
                  000034bc    00000008     rtsv7M4_T_le_v4SPD16_eabi.lib : errno.c.obj (.text:__aeabi_errno_addr)
                  000034c4    00000004                                   : pre_init.c.obj (.text:_system_pre_init)
                  000034c8    00000004                                   : exit.c.obj (.text:abort:abort)

.const     0    000034d0    0000013c     
                  000034d0    00000101     rtsv7M4_T_le_v4SPD16_eabi.lib : ctype.c.obj (.const:.string:_ctypes_)
                  000035d1    00000004     lcd.obj (.const:.string:lineAddress$1)
                  000035d5    00000003     --HOLE-- [fill = 0]
                  000035d8    00000030     rtsv7M4_T_le_v4SPD16_eabi.lib : e_pow.c.obj (.const:$O1$$)
                  00003608    00000004     lcd.obj (.const:.string:lineAddresses$2)

.cinit     0    00003610    00000040     
                  00003610    0000000c     (__TI_handler_table)
                  0000361c    00000004     --HOLE-- [fill = 0]
                  00003620    00000008     (.cinit..bss.load) [load image, compression = zero_init]
                  00003628    00000008     (.cinit..vtable.load) [load image, compression = zero_init]
                  00003630    00000007     (.cinit..data.load) [load image, compression = lzss]
                  00003637    00000001     --HOLE-- [fill = 0]
                  00003638    00000018     (__TI_cinit_table)

.init_array 
*          0    00000000    00000000     UNINITIALIZED

.vtable    0    20000000    0000026c     UNINITIALIZED
                  20000000    0000026c     driverlib.lib : interrupt.obj (.vtable)

.stack     0    20000270    00000800     UNINITIALIZED
                  20000270    00000004     rtsv7M4_T_le_v4SPD16_eabi.lib : boot_cortex_m.c.obj (.stack)
                  20000274    000007fc     --HOLE--

.sysmem    0    20000a70    00000400     UNINITIALIZED
                  20000a70    00000010     rtsv7M4_T_le_v4SPD16_eabi.lib : memory.c.obj (.sysmem)
                  20000a80    000003f0     --HOLE--

.bss       0    20000e70    0000005a     UNINITIALIZED
                  20000e70    00000054     lcd.obj (.bss:lastbuffer$3)
                  20000ec4    00000004     (.common:_timeout_ticks)
                  20000ec8    00000001     (.common:timer_data)
                  20000ec9    00000001     (.common:timer_flag)

.data      0    20000ecc    00000009     UNINITIALIZED
                  20000ecc    00000004     lab9_main.obj (.data)
                  20000ed0    00000004     rtsv7M4_T_le_v4SPD16_eabi.lib : errno.c.obj (.data)
                  20000ed4    00000001     Timer.obj (.data)

__llvm_prf_cnts 
*          0    20000000    00000000     UNINITIALIZED

MODULE SUMMARY

       Module                         code    ro data   rw data
       ------                         ----    -------   -------
    .\
       lcd.obj                        824     8         84     
       tm4c123gh6pm_startup_ccs.obj   12      620       0      
       Timer.obj                      584     0         5      
       ping.obj                       384     0         2      
       lab9_main.obj                  224     0         4      
    +--+------------------------------+-------+---------+---------+
       Total:                         2028    628       95     
                                                               
    C:/ti/TivaWare_C_Series-2.2.0.295/driverlib/ccs/Debug/driverlib.lib
       interrupt.obj                  68      0         620    
       cpu.obj                        12      0         0      
    +--+------------------------------+-------+---------+---------+
       Total:                         80      0         620    
                                                               
    C:\ti\ccs1230\ccs\tools\compiler\ti-cgt-arm_20.2.7.LTS\lib\rtsv7M4_T_le_v4SPD16_eabi.lib
       _printfi.c.obj                 4851    0         0      
       e_pow.c.obj                    2512    48        0      
       fd_add_t2.asm.obj              438     0         0      
       e_sqrt.c.obj                   344     0         0      
       fd_div_t2.asm.obj              310     0         0      
       s_scalbn.c.obj                 272     0         0      
       fd_cmp_t2.asm.obj              268     0         0      
       ctype.c.obj                    0       257       0      
       fd_mul_t2.asm.obj              252     0         0      
       memcpy_t2.asm.obj              156     0         0      
       ull_div_t2.asm.obj             150     0         0      
       snprintf.c.obj                 148     0         0      
       vsnprintf.c.obj                136     0         0      
       memset_t2.asm.obj              122     0         0      
       copy_decompress_lzss.c.obj     104     0         0      
       s_frexp.c.obj                  100     0         0      
       _ltoa.c.obj                    84      0         0      
       atoi.c.obj                     76      0         0      
       fd_toi_t2.asm.obj              72      0         0      
       autoinit.c.obj                 68      0         0      
       boot_cortex_m.c.obj            52      0         0      
       i_tofd_t2.asm.obj              46      0         0      
       copy_zero_init.c.obj           28      0         0      
       memccpy.c.obj                  28      0         0      
       s_copysign.c.obj               26      0         0      
       strcmp.c.obj                   24      0         0      
       strchr.c.obj                   22      0         0      
       strcpy.c.obj                   20      0         0      
       strlen.c.obj                   20      0         0      
       wcslen.c.obj                   18      0         0      
       copy_decompress_none.c.obj     14      0         0      
       errno.c.obj                    8       0         4      
       exit.c.obj                     4       0         0      
       pre_init.c.obj                 4       0         0      
       div0.asm.obj                   2       0         0      
    +--+------------------------------+-------+---------+---------+
       Total:                         10779   305       4      
                                                               
       Heap:                          0       0         1024   
       Stack:                         0       0         2048   
       Linker Generated:              0       59        0      
    +--+------------------------------+-------+---------+---------+
       Grand Total:                   12887   992       3791   


LINKER GENERATED COPY TABLES

__TI_cinit_table @ 00003638 records: 3, size/record: 8, table size: 24
	.bss: load addr=00003620, load size=00000008 bytes, run addr=20000e70, run size=0000005a bytes, compression=zero_init
	.vtable: load addr=00003628, load size=00000008 bytes, run addr=20000000, run size=0000026c bytes, compression=zero_init
	.data: load addr=00003630, load size=00000007 bytes, run addr=20000ecc, run size=00000009 bytes, compression=lzss


LINKER GENERATED HANDLER TABLE

__TI_handler_table @ 00003610 records: 3, size/record: 4, table size: 12
	index: 0, handler: __TI_zero_init
	index: 1, handler: __TI_decompress_lzss
	index: 2, handler: __TI_decompress_none


GLOBAL SYMBOLS: SORTED ALPHABETICALLY BY Name 

address   name                          
-------   ----                          
000034c9  C$$EXIT                       
000034a3  CPUcpsie                      
00003475  IntMasterEnable               
00003295  IntRegister                   
000034af  ResetISR                      
000022ff  TIMER3B_Handler               
20000a70  __STACK_END                   
00000800  __STACK_SIZE                  
20000470  __STACK_TOP                   
00000400  __SYSMEM_SIZE                 
00003638  __TI_CINIT_Base               
00003650  __TI_CINIT_Limit              
00003610  __TI_Handler_Table_Base       
0000361c  __TI_Handler_Table_Limit      
000031d1  __TI_auto_init_nobinit_nopinit
00002f29  __TI_decompress_lzss          
00003495  __TI_decompress_none          
0000304b  __TI_ltoa                     
ffffffff  __TI_pprof_out_hndl           
0000026d  __TI_printfi                  
ffffffff  __TI_prof_data_size           
ffffffff  __TI_prof_data_start          
00000000  __TI_static_base__            
0000338b  __TI_zero_init_nomemset       
00002d35  __aeabi_cdcmpeq               
00002d35  __aeabi_cdcmple               
00002dbb  __aeabi_cdrcmple              
00003189  __aeabi_d2iz                  
00002047  __aeabi_dadd                  
00002609  __aeabi_ddiv                  
00002975  __aeabi_dmul                  
0000203d  __aeabi_dsub                  
000034bd  __aeabi_errno_addr            
0000335d  __aeabi_i2d                   
00000cbb  __aeabi_idiv0                 
00000cbb  __aeabi_ldiv0                 
00002e41  __aeabi_memclr                
00002e41  __aeabi_memclr4               
00002e41  __aeabi_memclr8               
00002c03  __aeabi_memcpy                
00002c03  __aeabi_memcpy4               
00002c03  __aeabi_memcpy8               
00002e43  __aeabi_memset                
00002e43  __aeabi_memset4               
00002e43  __aeabi_memset8               
00002c9f  __aeabi_uldivmod              
ffffffff  __binit__                     
ffffffff  __c_args__                    
UNDEFED   __mpu_init                    
20000270  __stack                       
20000000  __start___llvm_prf_cnts       
20000000  __stop___llvm_prf_cnts        
000032c9  _c_int00_noargs               
000034d0  _ctypes_                      
20000ed4  _running                      
20000a70  _sys_memory                   
UNDEFED   _system_post_cinit            
000034c5  _system_pre_init              
20000ec4  _timeout_ticks                
000034c9  abort                         
000030f1  atoi                          
ffffffff  binit                         
000033c3  copysign                      
000033c3  copysignl                     
20000ecc  edges_triggered               
20000ed0  errno                         
00002f91  frexp                         
00002f91  frexpl                        
20000000  g_pfnRAMVectors               
00000000  g_pfnVectors                  
00003485  lcd_clear                     
00001861  lcd_gotoLine                  
000016c9  lcd_init                      
000018c7  lcd_printf                    
00001789  lcd_putc                      
000017c1  lcd_puts                      
0000168d  lcd_reverseNibble             
000017df  lcd_sendCommand               
0000181d  lcd_sendNibble                
00001889  lcd_setCursorPos              
00002865  ldexp                         
00002865  ldexpl                        
00002a71  main                          
000033a7  memccpy                       
00002c03  memcpy                        
00002e49  memset                        
000021f5  ping_init                     
00000cbd  pow                           
00000cbd  powl                          
00002865  scalbn                        
00002865  scalbnl                       
00002295  sendTrigger                   
0000313d  snprintf                      
00002375  sqrt                          
00002375  sqrtl                         
00003425  strchr                        
0000340d  strcmp                        
0000343b  strcpy                        
0000344f  strlen                        
20000ec8  timer_data                    
20000ec9  timer_flag                    
00001d43  timer_getMicros               
00001ceb  timer_getMillis               
00001c25  timer_init                    
00001cc7  timer_pause                   
00001cd9  timer_resume                  
00001c9d  timer_stop                    
00001d9d  timer_waitMicros              
00001dcf  timer_waitMillis              
00003215  vsnprintf                     
00003463  wcslen                        


GLOBAL SYMBOLS: SORTED BY Symbol Address 

address   name                          
-------   ----                          
00000000  __TI_static_base__            
00000000  g_pfnVectors                  
0000026d  __TI_printfi                  
00000400  __SYSMEM_SIZE                 
00000800  __STACK_SIZE                  
00000cbb  __aeabi_idiv0                 
00000cbb  __aeabi_ldiv0                 
00000cbd  pow                           
00000cbd  powl                          
0000168d  lcd_reverseNibble             
000016c9  lcd_init                      
00001789  lcd_putc                      
000017c1  lcd_puts                      
000017df  lcd_sendCommand               
0000181d  lcd_sendNibble                
00001861  lcd_gotoLine                  
00001889  lcd_setCursorPos              
000018c7  lcd_printf                    
00001c25  timer_init                    
00001c9d  timer_stop                    
00001cc7  timer_pause                   
00001cd9  timer_resume                  
00001ceb  timer_getMillis               
00001d43  timer_getMicros               
00001d9d  timer_waitMicros              
00001dcf  timer_waitMillis              
0000203d  __aeabi_dsub                  
00002047  __aeabi_dadd                  
000021f5  ping_init                     
00002295  sendTrigger                   
000022ff  TIMER3B_Handler               
00002375  sqrt                          
00002375  sqrtl                         
00002609  __aeabi_ddiv                  
00002865  ldexp                         
00002865  ldexpl                        
00002865  scalbn                        
00002865  scalbnl                       
00002975  __aeabi_dmul                  
00002a71  main                          
00002c03  __aeabi_memcpy                
00002c03  __aeabi_memcpy4               
00002c03  __aeabi_memcpy8               
00002c03  memcpy                        
00002c9f  __aeabi_uldivmod              
00002d35  __aeabi_cdcmpeq               
00002d35  __aeabi_cdcmple               
00002dbb  __aeabi_cdrcmple              
00002e41  __aeabi_memclr                
00002e41  __aeabi_memclr4               
00002e41  __aeabi_memclr8               
00002e43  __aeabi_memset                
00002e43  __aeabi_memset4               
00002e43  __aeabi_memset8               
00002e49  memset                        
00002f29  __TI_decompress_lzss          
00002f91  frexp                         
00002f91  frexpl                        
0000304b  __TI_ltoa                     
000030f1  atoi                          
0000313d  snprintf                      
00003189  __aeabi_d2iz                  
000031d1  __TI_auto_init_nobinit_nopinit
00003215  vsnprintf                     
00003295  IntRegister                   
000032c9  _c_int00_noargs               
0000335d  __aeabi_i2d                   
0000338b  __TI_zero_init_nomemset       
000033a7  memccpy                       
000033c3  copysign                      
000033c3  copysignl                     
0000340d  strcmp                        
00003425  strchr                        
0000343b  strcpy                        
0000344f  strlen                        
00003463  wcslen                        
00003475  IntMasterEnable               
00003485  lcd_clear                     
00003495  __TI_decompress_none          
000034a3  CPUcpsie                      
000034af  ResetISR                      
000034bd  __aeabi_errno_addr            
000034c5  _system_pre_init              
000034c9  C$$EXIT                       
000034c9  abort                         
000034d0  _ctypes_                      
00003610  __TI_Handler_Table_Base       
0000361c  __TI_Handler_Table_Limit      
00003638  __TI_CINIT_Base               
00003650  __TI_CINIT_Limit              
20000000  __start___llvm_prf_cnts       
20000000  __stop___llvm_prf_cnts        
20000000  g_pfnRAMVectors               
20000270  __stack                       
20000470  __STACK_TOP                   
20000a70  __STACK_END                   
20000a70  _sys_memory                   
20000ec4  _timeout_ticks                
20000ec8  timer_data                    
20000ec9  timer_flag                    
20000ecc  edges_triggered               
20000ed0  errno                         
20000ed4  _running                      
ffffffff  __TI_pprof_out_hndl           
ffffffff  __TI_prof_data_size           
ffffffff  __TI_prof_data_start          
ffffffff  __binit__                     
ffffffff  __c_args__                    
ffffffff  binit                         
UNDEFED   __mpu_init                    
UNDEFED   _system_post_cinit            

[111 symbols]
