******************************************************************************
                  TI ARM Linker PC v20.2.7                     
******************************************************************************
>> Linked Mon Nov 13 10:49:37 2023

OUTPUT FILE NAME:   <zlab_10.out>
ENTRY POINT SYMBOL: "_c_int00_noargs"  address: 00004381


MEMORY CONFIGURATION

         name            origin    length      used     unused   attr    fill
----------------------  --------  ---------  --------  --------  ----  --------
  FLASH                 00000000   00040000  000047c8  0003b838  R  X
  SRAM                  20000000   00008000  00000fff  00007001  RW X


SEGMENT ALLOCATION MAP

run origin  load origin   length   init length attrs members
----------  ----------- ---------- ----------- ----- -------
00000000    00000000    000047c8   000047c8    r-x
  00000000    00000000    0000026c   0000026c    r-- .intvecs
  0000026c    0000026c    0000437c   0000437c    r-x .text
  000045e8    000045e8    00000180   00000180    r-- .const
  00004768    00004768    00000060   00000060    r-- .cinit
20000000    20000000    00001004   00000000    rw-
  20000000    20000000    0000026c   00000000    rw- .vtable
  20000270    20000270    00000800   00000000    rw- .stack
  20000a70    20000a70    00000400   00000000    rw- .sysmem
  20000e70    20000e70    0000014b   00000000    rw- .bss
  20000fbc    20000fbc    00000048   00000000    rw- .data


SECTION ALLOCATION MAP

 output                                  attributes/
section   page    origin      length       input sections
--------  ----  ----------  ----------   ----------------
.intvecs   0    00000000    0000026c     
                  00000000    0000026c     tm4c123gh6pm_startup_ccs.obj (.intvecs)

.text      0    0000026c    0000437c     
                  0000026c    00000c20     open_interface.obj (.text)
                  00000e8c    00000a4e     rtsv7M4_T_le_v4SPD16_eabi.lib : _printfi.c.obj (.text:__TI_printfi)
                  000018da    00000002                                   : _lock.c.obj (.text:_nop)
                  000018dc    00000708     zlab10_main.obj (.text)
                  00001fe4    00000328     lcd.obj (.text)
                  0000230c    00000270     rtsv7M4_T_le_v4SPD16_eabi.lib : _printfi.c.obj (.text:_pconv_a)
                  0000257c    00000248     Timer.obj (.text)
                  000027c4    000001d0     rtsv7M4_T_le_v4SPD16_eabi.lib : _printfi.c.obj (.text:_pconv_g)
                  00002994    000001cc     ping.obj (.text)
                  00002b60    000001b6     rtsv7M4_T_le_v4SPD16_eabi.lib : fd_add_t2.asm.obj (.text)
                  00002d16    00000002                                   : div0.asm.obj (.text)
                  00002d18    000001a8     uart.obj (.text)
                  00002ec0    0000019c     movement.obj (.text)
                  0000305c    00000144     servo.obj (.text)
                  000031a0    0000013c     rtsv7M4_T_le_v4SPD16_eabi.lib : _printfi.c.obj (.text:_pconv_e)
                  000032dc    00000136                                   : fd_div_t2.asm.obj (.text)
                  00003412    00000002     --HOLE-- [fill = 0]
                  00003414    00000124                                   : _printfi.c.obj (.text:fcvt)
                  00003538    00000110                                   : s_scalbn.c.obj (.text:scalbn)
                  00003648    00000100                                   : memory.c.obj (.text:aligned_alloc)
                  00003748    000000fc                                   : fd_mul_t2.asm.obj (.text)
                  00003844    000000f4     adc.obj (.text)
                  00003938    000000e4     rtsv7M4_T_le_v4SPD16_eabi.lib : memory.c.obj (.text:free)
                  00003a1c    000000b1                                   : _printfi.c.obj (.text:_ltostr)
                  00003acd    00000003     --HOLE-- [fill = 0]
                  00003ad0    0000009c     button.obj (.text)
                  00003b6c    0000009c     rtsv7M4_T_le_v4SPD16_eabi.lib : memcpy_t2.asm.obj (.text)
                  00003c08    00000096                                   : ull_div_t2.asm.obj (.text)
                  00003c9e    00000086                                   : fd_cmp_t2.asm.obj (.text:__aeabi_cdcmple)
                  00003d24    00000086                                   : fd_cmp_t2.asm.obj (.text:__aeabi_cdrcmple)
                  00003daa    0000007a                                   : memset_t2.asm.obj (.text)
                  00003e24    00000070                                   : memory.c.obj (.text:split)
                  00003e94    0000006e                                   : _printfi.c.obj (.text:_mcpy)
                  00003f02    0000006e                                   : fd_tos_t2.asm.obj (.text)
                  00003f70    00000068                                   : copy_decompress_lzss.c.obj (.text:decompress:lzss:__TI_decompress_lzss)
                  00003fd8    00000064                                   : s_frexp.c.obj (.text:frexp)
                  0000403c    00000056                                   : _printfi.c.obj (.text:_pconv_f)
                  00004092    00000054                                   : _ltoa.c.obj (.text:__TI_ltoa)
                  000040e6    00000052                                   : _printfi.c.obj (.text:_ecpy)
                  00004138    0000004c                                   : atoi.c.obj (.text:atoi)
                  00004184    0000004c                                   : snprintf.c.obj (.text:snprintf)
                  000041d0    00000048                                   : fd_toi_t2.asm.obj (.text)
                  00004218    00000044                                   : autoinit.c.obj (.text:__TI_auto_init_nobinit_nopinit:__TI_auto_init_nobinit_nopinit)
                  0000425c    00000040                                   : vsnprintf.c.obj (.text:vsnprintf)
                  0000429c    0000003e                                   : _printfi.c.obj (.text:_fcpy)
                  000042da    00000002     --HOLE-- [fill = 0]
                  000042dc    00000038                                   : memory.c.obj (.text:calloc)
                  00004314    00000038                                   : fs_tod_t2.asm.obj (.text)
                  0000434c    00000034     driverlib.lib : interrupt.obj (.text:IntRegister)
                  00004380    00000034     rtsv7M4_T_le_v4SPD16_eabi.lib : boot_cortex_m.c.obj (.text:_c_int00_noargs:_c_int00_noargs)
                  000043b4    00000030                                   : snprintf.c.obj (.text:_outs)
                  000043e4    00000030                                   : vsnprintf.c.obj (.text:_outs)
                  00004414    0000002e                                   : i_tofd_t2.asm.obj (.text)
                  00004442    00000002     --HOLE-- [fill = 0]
                  00004444    00000028                                   : memory.c.obj (.text:free_list_insert)
                  0000446c    0000001c                                   : copy_zero_init.c.obj (.text:decompress:ZI:__TI_zero_init_nomemset:__TI_zero_init_nomemset)
                  00004488    0000001c                                   : memory.c.obj (.text:free_list_remove)
                  000044a4    0000001c                                   : memccpy.c.obj (.text:memccpy)
                  000044c0    0000001a                                   : s_copysign.c.obj (.text:copysign)
                  000044da    00000018                                   : snprintf.c.obj (.text:_outc)
                  000044f2    00000018                                   : vsnprintf.c.obj (.text:_outc)
                  0000450a    00000018     open_interface.obj (.text:oi_parseInt)
                  00004522    00000018     rtsv7M4_T_le_v4SPD16_eabi.lib : strcmp.c.obj (.text:strcmp)
                  0000453a    00000016                                   : strchr.c.obj (.text:strchr)
                  00004550    00000014                                   : strcpy.c.obj (.text:strcpy)
                  00004564    00000014                                   : strlen.c.obj (.text:strlen)
                  00004578    00000012                                   : wcslen.c.obj (.text:wcslen)
                  0000458a    00000010     driverlib.lib : interrupt.obj (.text:IntMasterEnable)
                  0000459a    00000010     lcd.obj (.text:lcd_clear)
                  000045aa    0000000e     rtsv7M4_T_le_v4SPD16_eabi.lib : copy_decompress_none.c.obj (.text:decompress:none:__TI_decompress_none)
                  000045b8    0000000c     driverlib.lib : cpu.obj (.text:CPUcpsie)
                  000045c4    0000000c     tm4c123gh6pm_startup_ccs.obj (.text)
                  000045d0    00000008     rtsv7M4_T_le_v4SPD16_eabi.lib : errno.c.obj (.text:__aeabi_errno_addr)
                  000045d8    00000008                                   : memory.c.obj (.text:malloc)
                  000045e0    00000004                                   : pre_init.c.obj (.text:_system_pre_init)
                  000045e4    00000004                                   : exit.c.obj (.text:abort:abort)

.const     0    000045e8    00000180     
                  000045e8    00000101     rtsv7M4_T_le_v4SPD16_eabi.lib : ctype.c.obj (.const:.string:_ctypes_)
                  000046e9    0000003c     zlab10_main.obj (.const:.string:$P$T2$3)
                  00004725    0000001e     zlab10_main.obj (.const:.string:$P$T1$2)
                  00004743    0000000f     open_interface.obj (.const:.string:$P$T0$3)
                  00004752    00000002     --HOLE-- [fill = 0]
                  00004754    0000000c     zlab10_main.obj (.const:$P$T0$1)
                  00004760    00000004     lcd.obj (.const:.string:lineAddress$1)
                  00004764    00000004     lcd.obj (.const:.string:lineAddresses$2)

.cinit     0    00004768    00000060     
                  00004768    0000002a     (.cinit..data.load) [load image, compression = lzss]
                  00004792    00000002     --HOLE-- [fill = 0]
                  00004794    0000000c     (__TI_handler_table)
                  000047a0    00000008     (.cinit..bss.load) [load image, compression = zero_init]
                  000047a8    00000008     (.cinit..vtable.load) [load image, compression = zero_init]
                  000047b0    00000018     (__TI_cinit_table)

.init_array 
*          0    00000000    00000000     UNINITIALIZED

.vtable    0    20000000    0000026c     UNINITIALIZED
                  20000000    0000026c     driverlib.lib : interrupt.obj (.vtable)

.stack     0    20000270    00000800     UNINITIALIZED
                  20000270    00000004     rtsv7M4_T_le_v4SPD16_eabi.lib : boot_cortex_m.c.obj (.stack)
                  20000274    000007fc     --HOLE--

.sysmem    0    20000a70    00000400     UNINITIALIZED
                  20000a70    00000010     rtsv7M4_T_le_v4SPD16_eabi.lib : memory.c.obj (.sysmem)
                  20000a80    000003f0     --HOLE--

.bss       0    20000e70    0000014b     UNINITIALIZED
                  20000e70    00000064     (.common:buffer)
                  20000ed4    00000064     (.common:objArr)
                  20000f38    00000054     lcd.obj (.bss:lastbuffer$3)
                  20000f8c    00000018     open_interface.obj (.bss:firmware$2)
                  20000fa4    00000004     (.common:_timeout_ticks)
                  20000fa8    00000004     (.common:falling_time)
                  20000fac    00000004     (.common:matchVal)
                  20000fb0    00000004     (.common:pulse_time)
                  20000fb4    00000004     (.common:rising_time)
                  20000fb8    00000001     (.common:state)
                  20000fb9    00000001     (.common:uart_data)
                  20000fba    00000001     (.common:uart_flag)

.data      0    20000fbc    00000048     UNINITIALIZED
                  20000fbc    00000020     open_interface.obj (.data)
                  20000fdc    00000011     zlab10_main.obj (.data)
                  20000fed    00000001     Timer.obj (.data)
                  20000fee    00000001     button.obj (.data)
                  20000fef    00000001     --HOLE--
                  20000ff0    00000008     rtsv7M4_T_le_v4SPD16_eabi.lib : _lock.c.obj (.data:$O1$$)
                  20000ff8    00000008                                   : memory.c.obj (.data:$O1$$)
                  20001000    00000004                                   : errno.c.obj (.data)

__llvm_prf_cnts 
*          0    20000000    00000000     UNINITIALIZED

MODULE SUMMARY

       Module                         code    ro data   rw data
       ------                         ----    -------   -------
    .\
       open_interface.obj             3128    15        56     
       zlab10_main.obj                1800    102       225    
       lcd.obj                        824     8         84     
       tm4c123gh6pm_startup_ccs.obj   12      620       0      
       Timer.obj                      584     0         5      
       ping.obj                       460     0         9      
       uart.obj                       424     0         2      
       movement.obj                   412     0         0      
       servo.obj                      324     0         0      
       adc.obj                        244     0         0      
       button.obj                     156     0         1      
    +--+------------------------------+-------+---------+---------+
       Total:                         8368    745       382    
                                                               
    C:/ti/TivaWare_C_Series-2.2.0.295/driverlib/ccs/Debug/driverlib.lib
       interrupt.obj                  68      0         620    
       cpu.obj                        12      0         0      
    +--+------------------------------+-------+---------+---------+
       Total:                         80      0         620    
                                                               
    C:\ti\ccs1230\ccs\tools\compiler\ti-cgt-arm_20.2.7.LTS\lib\rtsv7M4_T_le_v4SPD16_eabi.lib
       _printfi.c.obj                 4851    0         0      
       memory.c.obj                   728     0         8      
       fd_add_t2.asm.obj              438     0         0      
       fd_div_t2.asm.obj              310     0         0      
       s_scalbn.c.obj                 272     0         0      
       fd_cmp_t2.asm.obj              268     0         0      
       ctype.c.obj                    0       257       0      
       fd_mul_t2.asm.obj              252     0         0      
       memcpy_t2.asm.obj              156     0         0      
       ull_div_t2.asm.obj             150     0         0      
       snprintf.c.obj                 148     0         0      
       vsnprintf.c.obj                136     0         0      
       memset_t2.asm.obj              122     0         0      
       fd_tos_t2.asm.obj              110     0         0      
       copy_decompress_lzss.c.obj     104     0         0      
       s_frexp.c.obj                  100     0         0      
       _ltoa.c.obj                    84      0         0      
       atoi.c.obj                     76      0         0      
       fd_toi_t2.asm.obj              72      0         0      
       autoinit.c.obj                 68      0         0      
       fs_tod_t2.asm.obj              56      0         0      
       boot_cortex_m.c.obj            52      0         0      
       i_tofd_t2.asm.obj              46      0         0      
       copy_zero_init.c.obj           28      0         0      
       memccpy.c.obj                  28      0         0      
       s_copysign.c.obj               26      0         0      
       strcmp.c.obj                   24      0         0      
       strchr.c.obj                   22      0         0      
       strcpy.c.obj                   20      0         0      
       strlen.c.obj                   20      0         0      
       wcslen.c.obj                   18      0         0      
       copy_decompress_none.c.obj     14      0         0      
       errno.c.obj                    8       0         4      
       _lock.c.obj                    2       0         8      
       exit.c.obj                     4       0         0      
       pre_init.c.obj                 4       0         0      
       div0.asm.obj                   2       0         0      
    +--+------------------------------+-------+---------+---------+
       Total:                         8819    257       20     
                                                               
       Heap:                          0       0         1024   
       Stack:                         0       0         2048   
       Linker Generated:              0       94        0      
    +--+------------------------------+-------+---------+---------+
       Grand Total:                   17267   1096      4094   


LINKER GENERATED COPY TABLES

__TI_cinit_table @ 000047b0 records: 3, size/record: 8, table size: 24
	.data: load addr=00004768, load size=0000002a bytes, run addr=20000fbc, run size=00000048 bytes, compression=lzss
	.bss: load addr=000047a0, load size=00000008 bytes, run addr=20000e70, run size=0000014b bytes, compression=zero_init
	.vtable: load addr=000047a8, load size=00000008 bytes, run addr=20000000, run size=0000026c bytes, compression=zero_init


LINKER GENERATED HANDLER TABLE

__TI_handler_table @ 00004794 records: 3, size/record: 4, table size: 12
	index: 0, handler: __TI_zero_init
	index: 1, handler: __TI_decompress_lzss
	index: 2, handler: __TI_decompress_none


GLOBAL SYMBOLS: SORTED ALPHABETICALLY BY Name 

address   name                          
-------   ----                          
000045e5  C$$EXIT                       
000045b9  CPUcpsie                      
00000bc3  GPIOF_Handler                 
0000458b  IntMasterEnable               
0000434d  IntRegister                   
000045c5  ResetISR                      
00002acb  TIMER3B_Handler               
20000a70  __STACK_END                   
00000800  __STACK_SIZE                  
20000470  __STACK_TOP                   
00000400  __SYSMEM_SIZE                 
000047b0  __TI_CINIT_Base               
000047c8  __TI_CINIT_Limit              
00004794  __TI_Handler_Table_Base       
000047a0  __TI_Handler_Table_Limit      
00004219  __TI_auto_init_nobinit_nopinit
00003f71  __TI_decompress_lzss          
000045ab  __TI_decompress_none          
00004093  __TI_ltoa                     
ffffffff  __TI_pprof_out_hndl           
00000e8d  __TI_printfi                  
ffffffff  __TI_prof_data_size           
ffffffff  __TI_prof_data_start          
00000000  __TI_static_base__            
0000446d  __TI_zero_init_nomemset       
00003c9f  __aeabi_cdcmpeq               
00003c9f  __aeabi_cdcmple               
00003d25  __aeabi_cdrcmple              
00003f03  __aeabi_d2f                   
000041d1  __aeabi_d2iz                  
00002b6b  __aeabi_dadd                  
000032dd  __aeabi_ddiv                  
00003749  __aeabi_dmul                  
00002b61  __aeabi_dsub                  
000045d1  __aeabi_errno_addr            
00004315  __aeabi_f2d                   
00004415  __aeabi_i2d                   
00002d17  __aeabi_idiv0                 
00002d17  __aeabi_ldiv0                 
00003dab  __aeabi_memclr                
00003dab  __aeabi_memclr4               
00003dab  __aeabi_memclr8               
00003b6d  __aeabi_memcpy                
00003b6d  __aeabi_memcpy4               
00003b6d  __aeabi_memcpy8               
00003dad  __aeabi_memset                
00003dad  __aeabi_memset4               
00003dad  __aeabi_memset8               
00003c09  __aeabi_uldivmod              
ffffffff  __binit__                     
ffffffff  __c_args__                    
UNDEFED   __mpu_init                    
20000270  __stack                       
20000000  __start___llvm_prf_cnts       
20000000  __stop___llvm_prf_cnts        
00004381  _c_int00_noargs               
000045e8  _ctypes_                      
20000ff0  _lock                         
000018db  _nop                          
20000fed  _running                      
20000a70  _sys_memory                   
UNDEFED   _system_post_cinit            
000045e1  _system_pre_init              
20000fa4  _timeout_ticks                
20000ff4  _unlock                       
000045e5  abort                         
00003845  adc_init                      
000038db  adc_read                      
00003649  aligned_alloc                 
00004139  atoi                          
ffffffff  binit                         
00001e91  bonus                         
20000e70  buffer                        
00003afd  button_getButton              
00003ad1  button_init                   
000042dd  calloc                        
20000fdc  command                       
000044c1  copysign                      
000044c1  copysignl                     
20000fe0  degrees                       
20000fec  dir                           
20001000  errno                         
20000fa8  falling_time                  
00003939  free                          
00003fd9  frexp                         
00003fd9  frexpl                        
20000000  g_pfnRAMVectors               
00000000  g_pfnVectors                  
0000097f  go_charge                     
0000459b  lcd_clear                     
000021b9  lcd_gotoLine                  
00002021  lcd_init                      
0000221f  lcd_printf                    
000020e1  lcd_putc                      
00002119  lcd_puts                      
00001fe5  lcd_reverseNibble             
00002137  lcd_sendCommand               
00002175  lcd_sendNibble                
000021e1  lcd_setCursorPos              
00003539  ldexp                         
00003539  ldexpl                        
00001eef  main                          
000045d9  malloc                        
20000fac  matchVal                      
00003649  memalign                      
000044a5  memccpy                       
00003b6d  memcpy                        
00003db3  memset                        
20000fbc  motor_cal_factor_L            
20000fc0  motor_cal_factor_R            
00002fdd  move_backward                 
00002ec1  move_forward                  
20000ed4  objArr                        
0000026d  oi_alloc                      
00000aa9  oi_checkFirmware              
000002c7  oi_close                      
00000279  oi_free                       
00000ded  oi_getMotorCalibrationLeft    
00000e01  oi_getMotorCalibrationRight   
000002b1  oi_init                       
00000289  oi_init_noupdate              
00000915  oi_loadSong                   
0000450b  oi_parseInt                   
0000032b  oi_parsePacket                
0000096b  oi_play_song                  
0000084b  oi_setLeds                    
00000db1  oi_setMotorCalibration        
0000088f  oi_setWheels                  
00000b51  oi_shutoff_init               
0000098d  oi_uartInit                   
00000a31  oi_uartReceive                
00000a77  oi_uartSendBuff               
00000a15  oi_uartSendChar               
00000a59  oi_uartSendStr                
000002d9  oi_update                     
20000fe8  oneEightyMatch                
00001941  part2                         
00001aa1  part3                         
00002995  ping_init                     
00002aa9  ping_read                     
0000190f  print                         
000018dd  printString                   
20000fb0  pulse_time                    
20000fb4  rising_time                   
00003539  scalbn                        
00003539  scalbnl                       
00002a2f  sendTrigger                   
000030d9  servo_calibrate               
0000305d  servo_init                    
00003131  servo_move                    
00004185  snprintf                      
20000fb8  state                         
0000453b  strchr                        
00004523  strcmp                        
00004551  strcpy                        
00004565  strlen                        
0000269b  timer_getMicros               
00002643  timer_getMillis               
0000257d  timer_init                    
0000261f  timer_pause                   
00002631  timer_resume                  
000025f5  timer_stop                    
000026f5  timer_waitMicros              
00002727  timer_waitMillis              
00002f7f  turn_ccw                      
00002f21  turn_clockwise                
00002e45  uart1_Handler                 
00002ddb  uart_byte_to_recive           
20000fb9  uart_data                     
20000fba  uart_flag                     
00002d19  uart_init                     
00002e25  uart_interrupt_init           
00002deb  uart_receive                  
00002dbf  uart_sendChar                 
00002e07  uart_sendStr                  
0000425d  vsnprintf                     
00004579  wcslen                        
20000fe4  zeroMatch                     


GLOBAL SYMBOLS: SORTED BY Symbol Address 

address   name                          
-------   ----                          
00000000  __TI_static_base__            
00000000  g_pfnVectors                  
0000026d  oi_alloc                      
00000279  oi_free                       
00000289  oi_init_noupdate              
000002b1  oi_init                       
000002c7  oi_close                      
000002d9  oi_update                     
0000032b  oi_parsePacket                
00000400  __SYSMEM_SIZE                 
00000800  __STACK_SIZE                  
0000084b  oi_setLeds                    
0000088f  oi_setWheels                  
00000915  oi_loadSong                   
0000096b  oi_play_song                  
0000097f  go_charge                     
0000098d  oi_uartInit                   
00000a15  oi_uartSendChar               
00000a31  oi_uartReceive                
00000a59  oi_uartSendStr                
00000a77  oi_uartSendBuff               
00000aa9  oi_checkFirmware              
00000b51  oi_shutoff_init               
00000bc3  GPIOF_Handler                 
00000db1  oi_setMotorCalibration        
00000ded  oi_getMotorCalibrationLeft    
00000e01  oi_getMotorCalibrationRight   
00000e8d  __TI_printfi                  
000018db  _nop                          
000018dd  printString                   
0000190f  print                         
00001941  part2                         
00001aa1  part3                         
00001e91  bonus                         
00001eef  main                          
00001fe5  lcd_reverseNibble             
00002021  lcd_init                      
000020e1  lcd_putc                      
00002119  lcd_puts                      
00002137  lcd_sendCommand               
00002175  lcd_sendNibble                
000021b9  lcd_gotoLine                  
000021e1  lcd_setCursorPos              
0000221f  lcd_printf                    
0000257d  timer_init                    
000025f5  timer_stop                    
0000261f  timer_pause                   
00002631  timer_resume                  
00002643  timer_getMillis               
0000269b  timer_getMicros               
000026f5  timer_waitMicros              
00002727  timer_waitMillis              
00002995  ping_init                     
00002a2f  sendTrigger                   
00002aa9  ping_read                     
00002acb  TIMER3B_Handler               
00002b61  __aeabi_dsub                  
00002b6b  __aeabi_dadd                  
00002d17  __aeabi_idiv0                 
00002d17  __aeabi_ldiv0                 
00002d19  uart_init                     
00002dbf  uart_sendChar                 
00002ddb  uart_byte_to_recive           
00002deb  uart_receive                  
00002e07  uart_sendStr                  
00002e25  uart_interrupt_init           
00002e45  uart1_Handler                 
00002ec1  move_forward                  
00002f21  turn_clockwise                
00002f7f  turn_ccw                      
00002fdd  move_backward                 
0000305d  servo_init                    
000030d9  servo_calibrate               
00003131  servo_move                    
000032dd  __aeabi_ddiv                  
00003539  ldexp                         
00003539  ldexpl                        
00003539  scalbn                        
00003539  scalbnl                       
00003649  aligned_alloc                 
00003649  memalign                      
00003749  __aeabi_dmul                  
00003845  adc_init                      
000038db  adc_read                      
00003939  free                          
00003ad1  button_init                   
00003afd  button_getButton              
00003b6d  __aeabi_memcpy                
00003b6d  __aeabi_memcpy4               
00003b6d  __aeabi_memcpy8               
00003b6d  memcpy                        
00003c09  __aeabi_uldivmod              
00003c9f  __aeabi_cdcmpeq               
00003c9f  __aeabi_cdcmple               
00003d25  __aeabi_cdrcmple              
00003dab  __aeabi_memclr                
00003dab  __aeabi_memclr4               
00003dab  __aeabi_memclr8               
00003dad  __aeabi_memset                
00003dad  __aeabi_memset4               
00003dad  __aeabi_memset8               
00003db3  memset                        
00003f03  __aeabi_d2f                   
00003f71  __TI_decompress_lzss          
00003fd9  frexp                         
00003fd9  frexpl                        
00004093  __TI_ltoa                     
00004139  atoi                          
00004185  snprintf                      
000041d1  __aeabi_d2iz                  
00004219  __TI_auto_init_nobinit_nopinit
0000425d  vsnprintf                     
000042dd  calloc                        
00004315  __aeabi_f2d                   
0000434d  IntRegister                   
00004381  _c_int00_noargs               
00004415  __aeabi_i2d                   
0000446d  __TI_zero_init_nomemset       
000044a5  memccpy                       
000044c1  copysign                      
000044c1  copysignl                     
0000450b  oi_parseInt                   
00004523  strcmp                        
0000453b  strchr                        
00004551  strcpy                        
00004565  strlen                        
00004579  wcslen                        
0000458b  IntMasterEnable               
0000459b  lcd_clear                     
000045ab  __TI_decompress_none          
000045b9  CPUcpsie                      
000045c5  ResetISR                      
000045d1  __aeabi_errno_addr            
000045d9  malloc                        
000045e1  _system_pre_init              
000045e5  C$$EXIT                       
000045e5  abort                         
000045e8  _ctypes_                      
00004794  __TI_Handler_Table_Base       
000047a0  __TI_Handler_Table_Limit      
000047b0  __TI_CINIT_Base               
000047c8  __TI_CINIT_Limit              
20000000  __start___llvm_prf_cnts       
20000000  __stop___llvm_prf_cnts        
20000000  g_pfnRAMVectors               
20000270  __stack                       
20000470  __STACK_TOP                   
20000a70  __STACK_END                   
20000a70  _sys_memory                   
20000e70  buffer                        
20000ed4  objArr                        
20000fa4  _timeout_ticks                
20000fa8  falling_time                  
20000fac  matchVal                      
20000fb0  pulse_time                    
20000fb4  rising_time                   
20000fb8  state                         
20000fb9  uart_data                     
20000fba  uart_flag                     
20000fbc  motor_cal_factor_L            
20000fc0  motor_cal_factor_R            
20000fdc  command                       
20000fe0  degrees                       
20000fe4  zeroMatch                     
20000fe8  oneEightyMatch                
20000fec  dir                           
20000fed  _running                      
20000ff0  _lock                         
20000ff4  _unlock                       
20001000  errno                         
ffffffff  __TI_pprof_out_hndl           
ffffffff  __TI_prof_data_size           
ffffffff  __TI_prof_data_start          
ffffffff  __binit__                     
ffffffff  __c_args__                    
ffffffff  binit                         
UNDEFED   __mpu_init                    
UNDEFED   _system_post_cinit            

[178 symbols]
